##### p2b_g4_c15 | -ot exps=CPU --moe-expert-cache 15
    preflight: governor=performance thp=[always] mem_avail=14378MiB swap_used=570MiB gpu=4MiB,41,P8
p2b_g4_c15     code    200 tok | wall 20.55 t/s | decode 23.85 t/s | prefill   31.6 t/s | accept -               | vram 3430 MiB | 'To achieve $O(1)$ time complexity for both `get`'
p2b_g4_c15     reason  200 tok | wall 19.36 t/s | decode 22.78 t/s | prefill   38.4 t/s | accept -               | vram 3430 MiB | 'To find when the second train catches the first,'
    telemetry[p2b_g4_c15]: GPU util avg  58% max  78% | power avg  57W max  70W /100W | PCIe->GPU avg  1.34 max  4.86 GB/s (~13 cap) | CPU busy  540% of 1200% | DRAM read avg   7.4 max   9.0 GB/s (~38 cap)
##### p2b_g4_c15_lv4 | -ot exps=CPU --moe-expert-cache 15 -lv 4
    preflight: governor=performance thp=[always] mem_avail=14371MiB swap_used=576MiB gpu=4MiB,47,P0
p2b_g4_c15_lv4 code    200 tok | wall 20.52 t/s | decode 23.80 t/s | prefill   31.6 t/s | accept -               | vram 3430 MiB | 'To achieve $O(1)$ time complexity for both `get`'
p2b_g4_c15_lv4 reason  200 tok | wall 19.33 t/s | decode 22.73 t/s | prefill   38.4 t/s | accept -               | vram 3430 MiB | 'To find when the second train catches the first,'
    telemetry[p2b_g4_c15_lv4]: GPU util avg  59% max  86% | power avg  60W max  73W /100W | PCIe->GPU avg  1.57 max  6.74 GB/s (~13 cap) | CPU busy  541% of 1200% | DRAM read avg   7.4 max   9.0 GB/s (~38 cap)
    llama_moe_cache_init: MoE expert cache enabled: 30 layers x 15 slots, 2 inserts/step, admit 3 misses / 16 tokens, 1301.7 MiB device memory
    moe-cache: steps 256 | hit rate 57.2% | uploads 5322 (14476.5 MiB, 56.55 MiB/step) | evictions 4872
##### p2b_g4_c16_ub128 | -ot exps=CPU --moe-expert-cache 16 -ub 128 -b 256 -lv 4
    preflight: governor=performance thp=[always] mem_avail=14400MiB swap_used=578MiB gpu=4MiB,49,P0
p2b_g4_c16_ub128 code    200 tok | wall 20.97 t/s | decode 24.34 t/s | prefill   32.2 t/s | accept -               | vram 3430 MiB | 'To achieve $O(1)$ time complexity for both `get`'
p2b_g4_c16_ub128 reason  200 tok | wall 19.51 t/s | decode 22.98 t/s | prefill   38.5 t/s | accept -               | vram 3430 MiB | 'To find when the second train catches the first,'
    telemetry[p2b_g4_c16_ub128]: GPU util avg  60% max  92% | power avg  59W max  73W /100W | PCIe->GPU avg  1.37 max  4.54 GB/s (~13 cap) | CPU busy  552% of 1200% | DRAM read avg   7.4 max   9.5 GB/s (~38 cap)
    llama_moe_cache_init: MoE expert cache enabled: 30 layers x 16 slots, 2 inserts/step, admit 3 misses / 16 tokens, 1383.1 MiB device memory
    moe-cache: steps 256 | hit rate 59.5% | uploads 5125 (13955.4 MiB, 54.51 MiB/step) | evictions 4645
##### p2b_q36_c48 | -ot exps=CPU --moe-expert-cache 48 -lv 4
    preflight: governor=performance thp=[always] mem_avail=14400MiB swap_used=578MiB gpu=4MiB,51,P0
p2b_q36_c48    code    200 tok | wall 28.66 t/s | decode 34.00 t/s | prefill   38.5 t/s | accept -               | vram 3296 MiB | '```python\nfrom typing import Optional, Dict, Tup'
p2b_q36_c48    reason  200 tok | wall 26.99 t/s | decode 33.79 t/s | prefill   40.9 t/s | accept -               | vram 3296 MiB | 'To find when the second train catches the first,'
    telemetry[p2b_q36_c48]: GPU util avg  68% max  96% | power avg  57W max  72W /100W | PCIe->GPU avg  0.50 max  2.96 GB/s (~13 cap) | CPU busy  510% of 1200% | DRAM read avg   4.4 max   7.1 GB/s (~38 cap)
    llama_moe_cache_init: MoE expert cache enabled: 40 layers x 48 slots, 2 inserts/step, admit 3 misses / 16 tokens, 1899.5 MiB device memory
    moe-cache: steps 256 | hit rate 63.6% | uploads 5034 (4887.9 MiB, 19.09 MiB/step) | evictions 3114
##### p2b_q36_c48_a2 | -ot exps=CPU --moe-expert-cache 48 --moe-expert-cache-admit 2 -lv 4
    preflight: governor=performance thp=[always] mem_avail=14377MiB swap_used=577MiB gpu=4MiB,53,P0
p2b_q36_c48_a2 code    200 tok | wall 28.65 t/s | decode 33.79 t/s | prefill   39.7 t/s | accept -               | vram 3296 MiB | '```python\nfrom typing import Optional, Dict, Tup'
p2b_q36_c48_a2 reason  200 tok | wall 27.03 t/s | decode 33.83 t/s | prefill   41.0 t/s | accept -               | vram 3296 MiB | 'To find when the second train catches the first,'
    telemetry[p2b_q36_c48_a2]: GPU util avg  67% max 100% | power avg  58W max  72W /100W | PCIe->GPU avg  0.70 max  4.42 GB/s (~13 cap) | CPU busy  517% of 1200% | DRAM read avg   4.6 max   7.2 GB/s (~38 cap)
    llama_moe_cache_init: MoE expert cache enabled: 40 layers x 48 slots, 2 inserts/step, admit 2 misses / 16 tokens, 1899.5 MiB device memory
    moe-cache: steps 256 | hit rate 65.0% | uploads 8528 (8306.5 MiB, 32.45 MiB/step) | evictions 6608
##### p2b_q36_c50_ub128 | -ot exps=CPU --moe-expert-cache 50 -ub 128 -b 256 -lv 4
    preflight: governor=performance thp=[always] mem_avail=14388MiB swap_used=578MiB gpu=4MiB,54,P0
p2b_q36_c50_ub128 code    200 tok | wall 27.98 t/s | decode 33.04 t/s | prefill   38.4 t/s | accept -               | vram 3334 MiB | '```python\nfrom typing import Optional, Dict, Tup'
p2b_q36_c50_ub128 reason  200 tok | wall 25.83 t/s | decode 31.98 t/s | prefill   40.9 t/s | accept -               | vram 3334 MiB | 'To find when the second train catches the first,'
    telemetry[p2b_q36_c50_ub128]: GPU util avg  65% max  90% | power avg  59W max  71W /100W | PCIe->GPU avg  1.21 max  5.09 GB/s (~13 cap) | CPU busy  537% of 1200% | DRAM read avg   4.3 max   6.2 GB/s (~38 cap)
    llama_moe_cache_init: MoE expert cache enabled: 40 layers x 50 slots, 2 inserts/step, admit 3 misses / 16 tokens, 1977.0 MiB device memory
    moe-cache: steps 256 | hit rate 64.1% | uploads 5118 (4970.1 MiB, 19.41 MiB/step) | evictions 3118
MOE4_DONE
