    preflight: governor=performance thp=[always] mem_avail=14303MiB swap_used=506MiB gpu=4MiB,38,P8
  HumanEval/100                ok   280 tok  20.50 t/s stop
  HumanEval/104                ok   204 tok  20.61 t/s stop
  HumanEval/108                ok   284 tok  23.80 t/s stop
  HumanEval/112                ok   219 tok  26.38 t/s stop
  HumanEval/116                ok   198 tok  26.82 t/s stop
  HumanEval/120                BAD  267 tok  26.65 t/s stop
  HumanEval/124                BAD  512 tok  26.41 t/s length
  HumanEval/128                ok   232 tok  26.70 t/s stop
  HumanEval/132                BAD  241 tok  26.51 t/s stop
  HumanEval/136                ok   213 tok  26.01 t/s stop
  HumanEval/140                ok   171 tok  26.38 t/s stop
  HumanEval/144                ok   278 tok  26.53 t/s stop
  HumanEval/148                ok   349 tok  25.79 t/s stop
  HumanEval/152                ok   257 tok  26.32 t/s stop
  HumanEval/156                ok   290 tok  25.84 t/s stop
  HumanEval/160                ok   291 tok  26.03 t/s stop
  mmlu_pro/3126                BAD  350 tok  24.98 t/s length
  mmlu_pro/503                 BAD  350 tok  25.75 t/s length
  mmlu_pro/3989                BAD  350 tok  25.51 t/s length
  mmlu_pro/7483                ok    88 tok  25.94 t/s stop
  mmlu_pro/11820               BAD  350 tok  26.19 t/s length
  mmlu_pro/6607                ok    92 tok  25.41 t/s stop
  mmlu_pro/4863                ok    81 tok  25.45 t/s stop
  mmlu_pro/1373                ok   105 tok  26.58 t/s stop
  mmlu_pro/8347                ok    59 tok  25.48 t/s stop
  mmlu_pro/5738                ok   136 tok  26.47 t/s stop
  mmlu_pro/10950               BAD  350 tok  26.07 t/s length
  mmlu_pro/9208                BAD  350 tok  26.27 t/s length
  mmlu_pro/2247                ok   308 tok  26.17 t/s stop
  mmlu_pro/3146                ok   120 tok  26.91 t/s stop
  mmlu_pro/523                 BAD  350 tok  25.66 t/s length
  mmlu_pro/4009                BAD  350 tok  26.16 t/s length
  mmlu_pro/7503                ok   146 tok  26.64 t/s stop
  mmlu_pro/11840               BAD  350 tok  26.06 t/s length
  mmlu_pro/6627                ok   269 tok  25.72 t/s stop
  mmlu_pro/4883                BAD  188 tok  24.90 t/s stop
  mmlu_pro/1395                BAD  350 tok  24.67 t/s length
  mmlu_pro/8367                ok   125 tok  24.81 t/s stop
  mmlu_pro/5758                ok    43 tok  25.61 t/s stop
  mmlu_pro/10971               ok   113 tok  25.20 t/s stop
  mmlu_pro/9228                BAD  350 tok  24.46 t/s length
  mmlu_pro/2268                BAD  350 tok  24.48 t/s length
  mmlu_pro/3166                BAD  350 tok  23.71 t/s length
  mmlu_pro/544                 BAD  350 tok  24.81 t/s length
  mmlu_pro/4030                BAD  350 tok  23.96 t/s length
  mmlu_pro/7524                ok    79 tok  25.24 t/s stop
  mmlu_pro/11860               BAD  350 tok  24.56 t/s length
  mmlu_pro/6647                ok   142 tok  24.53 t/s stop
  mmlu_pro/4903                ok   188 tok  24.21 t/s stop
  mmlu_pro/1416                BAD  241 tok  24.38 t/s stop
  mmlu_pro/8387                ok   251 tok  23.73 t/s stop
  mmlu_pro/5778                ok   327 tok  24.88 t/s stop
  mmlu_pro/10992               BAD  139 tok  23.87 t/s stop
  mmlu_pro/9248                BAD  350 tok  25.29 t/s length
  mmlu_pro/2288                ok    86 tok  26.14 t/s stop
  mmlu_pro/3186                ok    91 tok  25.96 t/s stop
  mmlu_pro/564                 BAD  350 tok  25.41 t/s length
  mmlu_pro/4050                BAD  350 tok  25.42 t/s length
  mmlu_pro/7544                BAD  350 tok  24.61 t/s length
  mmlu_pro/11881               BAD  350 tok  24.78 t/s length
  mmlu_pro/6667                ok   201 tok  25.60 t/s stop
  mmlu_pro/4923                ok   219 tok  25.61 t/s stop
  mmlu_pro/1438                BAD  350 tok  25.08 t/s length
  mmlu_pro/8407                BAD  350 tok  25.88 t/s length
  mmlu_pro/5799                ok    97 tok  23.76 t/s stop
  mmlu_pro/11013               ok   194 tok  25.94 t/s stop
  mmlu_pro/9268                BAD  350 tok  25.72 t/s length
  mmlu_pro/2308                BAD  350 tok  25.61 t/s length
  mmlu_pro/3206                BAD  350 tok  25.79 t/s length
  mmlu_pro/584                 BAD  350 tok  25.94 t/s length
  mmlu_pro/4070                ok   183 tok  25.94 t/s stop
  mmlu_pro/7564                BAD   84 tok  25.96 t/s stop
  mmlu_pro/11901               BAD  350 tok  25.76 t/s length
  mmlu_pro/6687                BAD  350 tok  25.37 t/s length
  mmlu_pro/4943                ok   143 tok  26.02 t/s stop
  mmlu_pro/1458                BAD  350 tok  25.69 t/s length
  mmlu_pro/8427                BAD  350 tok  25.03 t/s length
  mmlu_pro/5820                ok   108 tok  26.02 t/s stop
  mmlu_pro/11034               BAD  350 tok  25.11 t/s length
  mmlu_pro/9288                BAD  350 tok  25.75 t/s length
  mmlu_pro/2328                BAD  350 tok  25.22 t/s length
  mmlu_pro/10073               BAD  350 tok  25.81 t/s length
  mmlu_pro/10094               BAD  350 tok  25.50 t/s length
  mmlu_pro/10115               BAD  350 tok  25.87 t/s length
  mmlu_pro/10136               BAD  350 tok  25.12 t/s length
  mmlu_pro/10156               BAD  350 tok  25.89 t/s length
QUALITY[q36_iq2m] think=off | gsm8k  96.0% +- 2.8 (n=50) | humaneval  92.7% +- 4.1 (n=41) | mmlu_pro  38.6% +- 5.8 (n=70) | mean 233 tok, 27.5 t/s | truncated 42 | empty 0 | 1198s
    telemetry[qual_q36_iq2m]: GPU util avg  53% max 100% | power avg  40W max  51W /100W | PCIe->GPU avg  0.62 max  5.31 GB/s (~13 cap) | CPU busy  495% of 1200% | DRAM read avg   6.7 max   9.8 GB/s (~38 cap)
    vram: 1420 MiB
    preflight: governor=performance thp=[always] mem_avail=14237MiB swap_used=530MiB gpu=4MiB,54,P0
  gsm8k/0                      ok   104 tok  30.04 t/s stop
  gsm8k/1                      ok    92 tok  31.02 t/s stop
  gsm8k/2                      ok   234 tok  33.98 t/s stop
  gsm8k/3                      ok   147 tok  32.55 t/s stop
  gsm8k/4                      ok   218 tok  33.13 t/s stop
  gsm8k/5                      ok   279 tok  33.66 t/s stop
  gsm8k/6                      ok   186 tok  32.37 t/s stop
  gsm8k/7                      ok   328 tok  33.29 t/s stop
  gsm8k/8                      BAD  400 tok  32.39 t/s length
  gsm8k/9                      ok   176 tok  32.64 t/s stop
  gsm8k/10                     ok   230 tok  31.15 t/s stop
  gsm8k/11                     ok   164 tok  28.48 t/s stop
  gsm8k/12                     ok   211 tok  33.82 t/s stop
  gsm8k/13                     ok   366 tok  33.08 t/s stop
  gsm8k/14                     ok   233 tok  32.46 t/s stop
  gsm8k/15                     ok   200 tok  29.43 t/s stop
  gsm8k/16                     ok   103 tok  32.61 t/s stop
  gsm8k/17                     ok   296 tok  33.55 t/s stop
  gsm8k/18                     ok   113 tok  33.62 t/s stop
  gsm8k/19                     ok   355 tok  32.47 t/s stop
  gsm8k/20                     ok   249 tok  33.08 t/s stop
  gsm8k/21                     ok   127 tok  33.77 t/s stop
  gsm8k/22                     ok   134 tok  32.98 t/s stop
  gsm8k/23                     ok   157 tok  33.10 t/s stop
  gsm8k/24                     ok   195 tok  29.47 t/s stop
  gsm8k/25                     ok   162 tok  33.60 t/s stop
  gsm8k/26                     ok   305 tok  33.14 t/s stop
  gsm8k/27                     ok   172 tok  33.87 t/s stop
  gsm8k/28                     ok   168 tok  31.36 t/s stop
  gsm8k/29                     ok   113 tok  33.49 t/s stop
  gsm8k/30                     ok   173 tok  32.59 t/s stop
  gsm8k/31                     ok   195 tok  32.17 t/s stop
  gsm8k/32                     ok    79 tok  33.39 t/s stop
  gsm8k/33                     ok   197 tok  30.74 t/s stop
  gsm8k/34                     ok   118 tok  32.53 t/s stop
  gsm8k/35                     ok   125 tok  33.16 t/s stop
  gsm8k/36                     ok   142 tok  34.20 t/s stop
  gsm8k/37                     ok   364 tok  33.46 t/s stop
  gsm8k/38                     ok   199 tok  31.95 t/s stop
  gsm8k/39                     ok   238 tok  33.16 t/s stop
  gsm8k/40                     ok   117 tok  32.34 t/s stop
  gsm8k/41                     ok   172 tok  32.61 t/s stop
  gsm8k/42                     ok   102 tok  29.31 t/s stop
  gsm8k/43                     ok   274 tok  34.07 t/s stop
  gsm8k/44                     ok   224 tok  33.68 t/s stop
  gsm8k/45                     ok   197 tok  33.16 t/s stop
  gsm8k/46                     ok   251 tok  30.93 t/s stop
  gsm8k/47                     ok   231 tok  33.64 t/s stop
  gsm8k/48                     ok   128 tok  32.38 t/s stop
  gsm8k/49                     ok   130 tok  32.69 t/s stop
  HumanEval/0                  ok   177 tok  30.28 t/s stop
  HumanEval/4                  ok   164 tok  32.79 t/s stop
  HumanEval/8                  ok   170 tok  32.80 t/s stop
  HumanEval/12                 ok   161 tok  33.03 t/s stop
  HumanEval/16                 ok    81 tok  32.19 t/s stop
  HumanEval/20                 ok   274 tok  32.47 t/s stop
  HumanEval/24                 ok    86 tok  32.86 t/s stop
  HumanEval/28                 ok    70 tok  33.34 t/s stop
  HumanEval/32                 ok   446 tok  32.48 t/s stop
  HumanEval/36                 ok   139 tok  32.48 t/s stop
  HumanEval/40                 ok   259 tok  33.19 t/s stop
  HumanEval/44                 ok   191 tok  33.45 t/s stop
  HumanEval/48                 ok    87 tok  31.94 t/s stop
  HumanEval/52                 ok   100 tok  32.73 t/s stop
  HumanEval/56                 ok   157 tok  33.33 t/s stop
  HumanEval/60                 ok   125 tok  32.94 t/s stop
  HumanEval/64                 ok   193 tok  32.63 t/s stop
  HumanEval/68                 ok   431 tok  32.26 t/s stop
  HumanEval/72                 ok   269 tok  32.44 t/s stop
  HumanEval/76                 ok   245 tok  32.31 t/s stop
  HumanEval/80                 ok   205 tok  32.72 t/s stop
  HumanEval/84                 ok   181 tok  32.20 t/s stop
  HumanEval/88                 ok   316 tok  33.20 t/s stop
  HumanEval/92                 ok   192 tok  32.58 t/s stop
  HumanEval/96                 ok   297 tok  33.82 t/s stop
  HumanEval/100                ok   265 tok  33.40 t/s stop
  HumanEval/104                ok   258 tok  31.91 t/s stop
  HumanEval/108                ok   314 tok  33.14 t/s stop
  HumanEval/112                ok   219 tok  32.64 t/s stop
  HumanEval/116                ok   198 tok  31.82 t/s stop
  HumanEval/120                BAD  267 tok  32.71 t/s stop
  HumanEval/124                BAD  512 tok  32.56 t/s length
  HumanEval/128                ok   232 tok  33.01 t/s stop
  HumanEval/132                BAD  240 tok  32.75 t/s stop
  HumanEval/136                ok   213 tok  32.65 t/s stop
  HumanEval/140                ok   171 tok  32.72 t/s stop
  HumanEval/144                ok   255 tok  31.74 t/s stop
  HumanEval/148                ok   354 tok  33.59 t/s stop
  HumanEval/152                ok   257 tok  32.81 t/s stop
  HumanEval/156                ok   290 tok  33.83 t/s stop
  HumanEval/160                ok   297 tok  32.29 t/s stop
  mmlu_pro/3126                BAD  350 tok  34.39 t/s length
  mmlu_pro/503                 ok   290 tok  35.00 t/s stop
  mmlu_pro/3989                BAD  350 tok  33.51 t/s length
  mmlu_pro/7483                ok    88 tok  34.22 t/s stop
  mmlu_pro/11820               BAD  350 tok  32.36 t/s length
  mmlu_pro/6607                ok    94 tok  32.79 t/s stop
  mmlu_pro/4863                ok    76 tok  32.97 t/s stop
  mmlu_pro/1373                ok   101 tok  34.50 t/s stop
  mmlu_pro/8347                ok    59 tok  31.14 t/s stop
  mmlu_pro/5738                ok   115 tok  34.53 t/s stop
  mmlu_pro/10950               BAD  350 tok  31.71 t/s length
  mmlu_pro/9208                BAD  350 tok  35.15 t/s length
  mmlu_pro/2247                ok   238 tok  33.65 t/s stop
  mmlu_pro/3146                ok   130 tok  32.90 t/s stop
  mmlu_pro/523                 BAD  350 tok  33.23 t/s length
  mmlu_pro/4009                BAD  350 tok  32.79 t/s length
  mmlu_pro/7503                ok   149 tok  33.41 t/s stop
  mmlu_pro/11840               BAD  350 tok  34.11 t/s length
  mmlu_pro/6627                ok   269 tok  33.87 t/s stop
  mmlu_pro/4883                BAD  350 tok  34.11 t/s length
  mmlu_pro/1395                BAD  350 tok  34.45 t/s length
  mmlu_pro/8367                ok   125 tok  32.44 t/s stop
  mmlu_pro/5758                ok    73 tok  31.28 t/s stop
  mmlu_pro/10971               ok   110 tok  34.56 t/s stop
  mmlu_pro/9228                BAD  350 tok  33.89 t/s length
  mmlu_pro/2268                BAD  350 tok  34.19 t/s length
  mmlu_pro/3166                BAD  350 tok  34.46 t/s length
  mmlu_pro/544                 BAD  350 tok  34.50 t/s length
  mmlu_pro/4030                BAD  350 tok  31.86 t/s length
  mmlu_pro/7524                ok    79 tok  32.82 t/s stop
  mmlu_pro/11860               BAD  350 tok  34.58 t/s length
  mmlu_pro/6647                ok   198 tok  33.22 t/s stop
  mmlu_pro/4903                ok   192 tok  35.69 t/s stop
  mmlu_pro/1416                BAD  253 tok  35.51 t/s stop
  mmlu_pro/8387                ok   268 tok  32.45 t/s stop
  mmlu_pro/5778                ok   344 tok  34.56 t/s stop
  mmlu_pro/10992               BAD  177 tok  35.86 t/s stop
  mmlu_pro/9248                BAD  350 tok  33.61 t/s length
  mmlu_pro/2288                ok    84 tok  32.78 t/s stop
  mmlu_pro/3186                ok    91 tok  35.05 t/s stop
  mmlu_pro/564                 BAD  350 tok  34.24 t/s length
  mmlu_pro/4050                BAD  350 tok  32.83 t/s length
  mmlu_pro/7544                BAD  350 tok  33.57 t/s length
  mmlu_pro/11881               BAD  350 tok  34.69 t/s length
  mmlu_pro/6667                ok   204 tok  35.76 t/s stop
  mmlu_pro/4923                ok   225 tok  35.20 t/s stop
  mmlu_pro/1438                BAD  350 tok  35.10 t/s length
  mmlu_pro/8407                BAD  350 tok  33.65 t/s length
  mmlu_pro/5799                ok   154 tok  34.36 t/s stop
  mmlu_pro/11013               ok   190 tok  33.74 t/s stop
  mmlu_pro/9268                BAD  350 tok  32.30 t/s length
  mmlu_pro/2308                BAD  350 tok  34.58 t/s length
  mmlu_pro/3206                BAD  350 tok  32.31 t/s length
  mmlu_pro/584                 BAD  350 tok  33.09 t/s length
  mmlu_pro/4070                ok   113 tok  32.76 t/s stop
  mmlu_pro/7564                BAD   83 tok  35.49 t/s stop
  mmlu_pro/11901               BAD  350 tok  32.30 t/s length
  mmlu_pro/6687                BAD  350 tok  34.56 t/s length
  mmlu_pro/4943                ok   142 tok  34.42 t/s stop
  mmlu_pro/1458                BAD  350 tok  35.19 t/s length
  mmlu_pro/8427                BAD  350 tok  33.99 t/s length
  mmlu_pro/5820                ok   119 tok  30.37 t/s stop
  mmlu_pro/11034               BAD  350 tok  34.90 t/s length
  mmlu_pro/9288                BAD  350 tok  33.20 t/s length
  mmlu_pro/2328                BAD  350 tok  33.34 t/s length
  mmlu_pro/10073               BAD  350 tok  33.94 t/s length
  mmlu_pro/10094               BAD  350 tok  33.00 t/s length
  mmlu_pro/10115               BAD  350 tok  33.19 t/s length
  mmlu_pro/10136               BAD  350 tok  32.47 t/s length
  mmlu_pro/10156               BAD  350 tok  34.72 t/s length
QUALITY[q36_iq2m_cache48] think=off | gsm8k  98.0% +- 2.0 (n=50) | humaneval  92.7% +- 4.1 (n=41) | mmlu_pro  40.0% +- 5.9 (n=70) | mean 234 tok, 33.1 t/s | truncated 41 | empty 0 | 1648s
    telemetry[qual_q36_iq2m_cache48]: GPU util avg  77% max 100% | power avg  61W max  76W /100W | PCIe->GPU avg  1.08 max  5.74 GB/s (~13 cap) | CPU busy  467% of 1200% | DRAM read avg   4.0 max   7.2 GB/s (~38 cap)
    vram: 3368 MiB
    preflight: governor=performance thp=[always] mem_avail=14268MiB swap_used=537MiB gpu=4MiB,63,P0
  gsm8k/0                      ok   103 tok  22.65 t/s stop
  gsm8k/1                      ok    72 tok  23.71 t/s stop
  gsm8k/2                      ok   199 tok  23.72 t/s stop
  gsm8k/3                      ok    57 tok  23.20 t/s stop
  gsm8k/4                      ok   179 tok  21.99 t/s stop
  gsm8k/5                      ok   164 tok  23.26 t/s stop
  gsm8k/6                      ok   129 tok  23.22 t/s stop
  gsm8k/7                      ok   260 tok  22.68 t/s stop
  gsm8k/8                      ok   368 tok  22.97 t/s stop
  gsm8k/9                      ok   178 tok  20.87 t/s stop
  gsm8k/10                     ok   135 tok  24.03 t/s stop
  gsm8k/11                     ok   133 tok  23.35 t/s stop
  gsm8k/12                     ok   155 tok  22.95 t/s stop
  gsm8k/13                     ok   349 tok  22.50 t/s stop
  gsm8k/14                     ok   195 tok  23.20 t/s stop
  gsm8k/15                     ok   180 tok  22.39 t/s stop
  gsm8k/16                     ok   152 tok  19.49 t/s stop
  gsm8k/17                     ok   132 tok  24.40 t/s stop
  gsm8k/18                     ok   124 tok  23.94 t/s stop
  gsm8k/19                     ok   243 tok  23.54 t/s stop
  gsm8k/20                     ok   229 tok  21.12 t/s stop
  gsm8k/21                     ok   134 tok  22.66 t/s stop
  gsm8k/22                     ok    90 tok  23.71 t/s stop
  gsm8k/23                     ok    96 tok  23.37 t/s stop
  gsm8k/24                     ok   129 tok  24.05 t/s stop
  gsm8k/25                     ok   159 tok  20.87 t/s stop
  gsm8k/26                     ok   135 tok  23.75 t/s stop
  gsm8k/27                     ok   130 tok  23.62 t/s stop
  gsm8k/28                     ok   105 tok  23.23 t/s stop
  gsm8k/29                     ok   162 tok  21.78 t/s stop
  gsm8k/30                     ok   169 tok  20.03 t/s stop
  gsm8k/31                     ok   185 tok  24.16 t/s stop
  gsm8k/32                     ok    70 tok  23.81 t/s stop
  gsm8k/33                     ok   249 tok  23.82 t/s stop
  gsm8k/34                     ok   132 tok  21.42 t/s stop
  gsm8k/35                     ok   116 tok  23.41 t/s stop
  gsm8k/36                     ok    99 tok  23.31 t/s stop
  gsm8k/37                     ok   308 tok  22.52 t/s stop
  gsm8k/38                     ok   153 tok  21.45 t/s stop
  gsm8k/39                     ok   251 tok  23.46 t/s stop
  gsm8k/40                     ok   100 tok  22.45 t/s stop
  gsm8k/41                     ok   177 tok  21.92 t/s stop
  gsm8k/42                     ok   100 tok  20.68 t/s stop
  gsm8k/43                     ok   206 tok  24.03 t/s stop
  gsm8k/44                     ok   198 tok  23.48 t/s stop
  gsm8k/45                     ok   204 tok  20.95 t/s stop
  gsm8k/46                     ok   188 tok  22.42 t/s stop
  gsm8k/47                     ok   228 tok  23.19 t/s stop
  gsm8k/48                     ok   110 tok  23.34 t/s stop
  gsm8k/49                     ok   114 tok  20.94 t/s stop
  HumanEval/0                  ok   193 tok  23.70 t/s stop
  HumanEval/4                  ok   178 tok  24.35 t/s stop
  HumanEval/8                  ok   169 tok  24.68 t/s stop
  HumanEval/12                 ok   134 tok  22.11 t/s stop
  HumanEval/16                 ok    85 tok  23.73 t/s stop
  HumanEval/20                 ok   294 tok  24.57 t/s stop
  HumanEval/24                 ok    87 tok  24.60 t/s stop
  HumanEval/28                 ok    72 tok  24.27 t/s stop
  HumanEval/32                 BAD  512 tok  23.78 t/s length
  HumanEval/36                 ok   139 tok  24.01 t/s stop
  HumanEval/40                 ok   265 tok  23.26 t/s stop
  HumanEval/44                 ok   171 tok  24.57 t/s stop
  HumanEval/48                 ok    87 tok  24.72 t/s stop
  HumanEval/52                 ok   105 tok  23.50 t/s stop
  HumanEval/56                 ok   156 tok  22.08 t/s stop
  HumanEval/60                 ok   135 tok  23.45 t/s stop
  HumanEval/64                 ok   198 tok  23.92 t/s stop
  HumanEval/68                 ok   475 tok  21.38 t/s stop
  HumanEval/72                 ok   284 tok  22.51 t/s stop
  HumanEval/76                 ok   354 tok  20.92 t/s stop
  HumanEval/80                 ok   206 tok  20.76 t/s stop
  HumanEval/84                 BAD  304 tok  20.44 t/s stop
  HumanEval/88                 ok   370 tok  24.23 t/s stop
  HumanEval/92                 ok   266 tok  21.53 t/s stop
  HumanEval/96                 ok   280 tok  21.27 t/s stop
  HumanEval/100                ok   189 tok  23.76 t/s stop
  HumanEval/104                ok   215 tok  24.23 t/s stop
  HumanEval/108                ok   313 tok  21.48 t/s stop
  HumanEval/112                ok   282 tok  23.92 t/s stop
  HumanEval/116                BAD  512 tok  21.78 t/s length
  HumanEval/120                ok   295 tok  23.02 t/s stop
  HumanEval/124                BAD  512 tok  22.93 t/s length
  HumanEval/128                ok   276 tok  24.81 t/s stop
  HumanEval/132                BAD  512 tok  20.83 t/s length
  HumanEval/136                ok   222 tok  24.34 t/s stop
  HumanEval/140                ok   488 tok  22.56 t/s stop
  HumanEval/144                ok   315 tok  21.34 t/s stop
  HumanEval/148                ok   363 tok  22.49 t/s stop
  HumanEval/152                ok   265 tok  20.98 t/s stop
  HumanEval/156                ok   416 tok  22.98 t/s stop
  HumanEval/160                ok   335 tok  23.50 t/s stop
  mmlu_pro/3126                ok   321 tok  22.46 t/s stop
  mmlu_pro/503                 BAD  232 tok  22.43 t/s stop
  mmlu_pro/3989                BAD  350 tok  23.39 t/s length
  mmlu_pro/7483                ok   179 tok  23.77 t/s stop
  mmlu_pro/11820               BAD  350 tok  22.06 t/s length
  mmlu_pro/6607                ok   177 tok  21.98 t/s stop
  mmlu_pro/4863                ok   252 tok  21.58 t/s stop
  mmlu_pro/1373                ok   282 tok  22.38 t/s stop
  mmlu_pro/8347                ok   226 tok  23.44 t/s stop
  mmlu_pro/5738                BAD  350 tok  20.05 t/s length
  mmlu_pro/10950               BAD  350 tok  21.80 t/s length
  mmlu_pro/9208                ok   326 tok  22.44 t/s stop
  mmlu_pro/2247                ok   222 tok  20.90 t/s stop
  mmlu_pro/3146                ok   224 tok  22.31 t/s stop
  mmlu_pro/523                 BAD  350 tok  24.12 t/s length
  mmlu_pro/4009                ok   297 tok  22.28 t/s stop
  mmlu_pro/7503                BAD  350 tok  22.49 t/s length
  mmlu_pro/11840               BAD  350 tok  23.17 t/s length
  mmlu_pro/6627                ok   208 tok  23.29 t/s stop
  mmlu_pro/4883                BAD  244 tok  23.46 t/s stop
  mmlu_pro/1395                BAD  350 tok  20.68 t/s length
  mmlu_pro/8367                ok   133 tok  22.23 t/s stop
  mmlu_pro/5758                ok    50 tok  21.68 t/s stop
  mmlu_pro/10971               ok    93 tok  22.88 t/s stop
  mmlu_pro/9228                BAD  350 tok  21.74 t/s length
  mmlu_pro/2268                BAD  350 tok  22.15 t/s length
  mmlu_pro/3166                ok   339 tok  19.97 t/s stop
  mmlu_pro/544                 BAD  350 tok  23.24 t/s length
  mmlu_pro/4030                BAD  350 tok  23.51 t/s length
  mmlu_pro/7524                ok   269 tok  22.02 t/s stop
  mmlu_pro/11860               BAD  350 tok  22.96 t/s length
  mmlu_pro/6647                ok   329 tok  21.45 t/s stop
  mmlu_pro/4903                ok   111 tok  23.19 t/s stop
  mmlu_pro/1416                BAD  350 tok  21.81 t/s length
  mmlu_pro/8387                ok   296 tok  23.26 t/s stop
  mmlu_pro/5778                ok   323 tok  19.88 t/s stop
  mmlu_pro/10992               BAD  213 tok  23.31 t/s stop
  mmlu_pro/9248                BAD  350 tok  22.84 t/s length
  mmlu_pro/2288                ok   120 tok  21.26 t/s stop
  mmlu_pro/3186                ok   255 tok  22.21 t/s stop
  mmlu_pro/564                 BAD  350 tok  20.81 t/s length
  mmlu_pro/4050                BAD  350 tok  22.77 t/s length
  mmlu_pro/7544                BAD  350 tok  22.47 t/s length
  mmlu_pro/11881               BAD  350 tok  23.75 t/s length
  mmlu_pro/6667                ok   334 tok  21.98 t/s stop
  mmlu_pro/4923                ok   283 tok  21.08 t/s stop
  mmlu_pro/1438                BAD  350 tok  22.08 t/s length
  mmlu_pro/8407                BAD  350 tok  24.48 t/s length
  mmlu_pro/5799                ok   335 tok  21.60 t/s stop
  mmlu_pro/11013               BAD  255 tok  21.06 t/s stop
  mmlu_pro/9268                BAD  350 tok  24.09 t/s length
  mmlu_pro/2308                ok   299 tok  21.89 t/s stop
  mmlu_pro/3206                ok   301 tok  22.33 t/s stop
  mmlu_pro/584                 BAD  350 tok  23.05 t/s length
  mmlu_pro/4070                ok   280 tok  21.92 t/s stop
  mmlu_pro/7564                BAD  277 tok  23.02 t/s stop
  mmlu_pro/11901               BAD  350 tok  23.73 t/s length
  mmlu_pro/6687                BAD  350 tok  22.75 t/s length
  mmlu_pro/4943                ok   167 tok  19.98 t/s stop
  mmlu_pro/1458                BAD  350 tok  20.83 t/s length
  mmlu_pro/8427                BAD  350 tok  24.43 t/s length
  mmlu_pro/5820                ok   262 tok  19.91 t/s stop
  mmlu_pro/11034               BAD  350 tok  22.33 t/s length
  mmlu_pro/9288                ok   248 tok  20.86 t/s stop
  mmlu_pro/2328                BAD  350 tok  21.83 t/s length
  mmlu_pro/10073               BAD  350 tok  23.19 t/s length
  mmlu_pro/10094               BAD  350 tok  24.81 t/s length
  mmlu_pro/10115               BAD  350 tok  22.52 t/s length
  mmlu_pro/10136               BAD  350 tok  22.93 t/s length
  mmlu_pro/10156               BAD  350 tok  23.00 t/s length
QUALITY[g4_iq3m_cache16] think=off | gsm8k 100.0% +- 0.0 (n=50) | humaneval  87.8% +- 5.1 (n=41) | mmlu_pro  44.3% +- 5.9 (n=70) | mean 248 tok, 22.6 t/s | truncated 38 | empty 0 | 2459s
    telemetry[qual_g4_iq3m_cache16]: GPU util avg  70% max 100% | power avg  60W max  82W /100W | PCIe->GPU avg  1.77 max  9.01 GB/s (~13 cap) | CPU busy  504% of 1200% | DRAM read avg   6.4 max   9.8 GB/s (~38 cap)
    vram: 3482 MiB
    preflight: governor=performance thp=[always] mem_avail=14238MiB swap_used=537MiB gpu=4MiB,63,P0
  gsm8k/0                      ok   103 tok  16.17 t/s stop
  gsm8k/1                      ok    72 tok  17.16 t/s stop
  gsm8k/2                      ok   199 tok  16.52 t/s stop
  gsm8k/3                      ok    59 tok  17.06 t/s stop
  gsm8k/4                      ok   181 tok  15.59 t/s stop
  gsm8k/5                      ok   165 tok  17.01 t/s stop
  gsm8k/6                      ok   108 tok  17.14 t/s stop
  gsm8k/7                      ok   265 tok  16.89 t/s stop
  gsm8k/8                      ok   366 tok  16.83 t/s stop
  gsm8k/9                      ok   178 tok  17.00 t/s stop
  gsm8k/10                     ok   135 tok  17.08 t/s stop
  gsm8k/11                     ok   133 tok  17.10 t/s stop
  gsm8k/12                     ok   155 tok  17.07 t/s stop
  gsm8k/13                     ok   349 tok  16.84 t/s stop
  gsm8k/14                     ok   195 tok  16.99 t/s stop
  gsm8k/15                     ok   180 tok  16.95 t/s stop
  gsm8k/16                     ok   152 tok  17.06 t/s stop
  gsm8k/17                     ok   132 tok  17.12 t/s stop
  gsm8k/18                     ok   124 tok  17.10 t/s stop
  gsm8k/19                     ok   244 tok  16.95 t/s stop
  gsm8k/20                     ok   229 tok  16.97 t/s stop
  gsm8k/21                     ok   140 tok  17.08 t/s stop
  gsm8k/22                     ok    90 tok  17.13 t/s stop
  gsm8k/23                     ok    96 tok  17.11 t/s stop
  gsm8k/24                     ok   129 tok  17.06 t/s stop
  gsm8k/25                     ok   159 tok  17.07 t/s stop
  gsm8k/26                     ok   134 tok  17.10 t/s stop
  gsm8k/27                     ok   130 tok  17.11 t/s stop
  gsm8k/28                     ok   105 tok  17.15 t/s stop
  gsm8k/29                     ok   162 tok  17.03 t/s stop
  gsm8k/30                     ok   169 tok  17.04 t/s stop
  gsm8k/31                     ok   185 tok  17.00 t/s stop
  gsm8k/32                     ok    70 tok  17.21 t/s stop
  gsm8k/33                     ok   236 tok  16.99 t/s stop
  gsm8k/34                     ok   132 tok  17.07 t/s stop
  gsm8k/35                     ok   120 tok  17.10 t/s stop
  gsm8k/36                     ok    99 tok  17.17 t/s stop
  gsm8k/37                     ok   313 tok  16.92 t/s stop
  gsm8k/38                     ok   153 tok  17.06 t/s stop
  gsm8k/39                     ok   251 tok  16.88 t/s stop
  gsm8k/40                     ok   100 tok  17.16 t/s stop
  gsm8k/41                     ok   182 tok  16.92 t/s stop
  gsm8k/42                     ok   100 tok  17.16 t/s stop
  gsm8k/43                     ok   206 tok  17.00 t/s stop
  gsm8k/44                     ok   198 tok  17.00 t/s stop
  gsm8k/45                     ok   204 tok  16.92 t/s stop
  gsm8k/46                     ok   186 tok  16.97 t/s stop
  gsm8k/47                     ok   228 tok  16.98 t/s stop
  gsm8k/48                     ok   110 tok  17.13 t/s stop
  gsm8k/49                     ok   113 tok  17.06 t/s stop
  HumanEval/0                  ok   193 tok  16.62 t/s stop
  HumanEval/4                  ok   178 tok  16.96 t/s stop
  HumanEval/8                  ok   169 tok  15.74 t/s stop
  HumanEval/12                 ok   134 tok  17.01 t/s stop
  HumanEval/16                 ok    85 tok  17.13 t/s stop
  HumanEval/20                 ok   294 tok  16.84 t/s stop
  HumanEval/24                 ok    87 tok  17.08 t/s stop
  HumanEval/28                 ok    72 tok  17.23 t/s stop
  HumanEval/32                 BAD  512 tok  16.62 t/s length
  HumanEval/36                 ok   139 tok  17.04 t/s stop
  HumanEval/40                 ok   265 tok  16.83 t/s stop
  HumanEval/44                 ok   204 tok  16.96 t/s stop
  HumanEval/48                 ok    87 tok  17.20 t/s stop
  HumanEval/52                 ok   105 tok  17.16 t/s stop
  HumanEval/56                 ok   156 tok  17.07 t/s stop
  HumanEval/60                 ok   135 tok  17.06 t/s stop
  HumanEval/64                 ok   212 tok  16.91 t/s stop
  HumanEval/68                 ok   475 tok  16.59 t/s stop
  HumanEval/72                 ok   284 tok  16.77 t/s stop
  HumanEval/76                 ok   360 tok  16.81 t/s stop
  HumanEval/80                 ok   210 tok  16.90 t/s stop
  HumanEval/84                 BAD  325 tok  16.78 t/s stop
  HumanEval/88                 BAD  512 tok  16.69 t/s length
  HumanEval/92                 ok   266 tok  16.88 t/s stop
  HumanEval/96                 ok   280 tok  16.83 t/s stop
  HumanEval/100                ok   189 tok  16.88 t/s stop
  HumanEval/104                ok   215 tok  16.91 t/s stop
  HumanEval/108                ok   320 tok  16.87 t/s stop
  HumanEval/112                ok   282 tok  16.84 t/s stop
  HumanEval/116                ok   489 tok  16.72 t/s stop
  HumanEval/120                ok   295 tok  16.76 t/s stop
  HumanEval/124                BAD  512 tok  16.63 t/s length
  HumanEval/128                ok   276 tok  16.91 t/s stop
  HumanEval/132                BAD  512 tok  16.59 t/s length
  HumanEval/136                ok   222 tok  16.39 t/s stop
  HumanEval/140                ok   260 tok  16.45 t/s stop
  HumanEval/144                ok   300 tok  15.22 t/s stop
  HumanEval/148                ok   363 tok  16.07 t/s stop
  HumanEval/152                ok   265 tok  16.36 t/s stop
  HumanEval/156                ok   413 tok  16.03 t/s stop
  HumanEval/160                ok   334 tok  16.27 t/s stop
  mmlu_pro/3126                ok   329 tok  16.22 t/s stop
  mmlu_pro/503                 BAD  220 tok  16.34 t/s stop
  mmlu_pro/3989                BAD  350 tok  16.41 t/s length
  mmlu_pro/7483                ok   168 tok  16.80 t/s stop
  mmlu_pro/11820               BAD  350 tok  15.94 t/s length
  mmlu_pro/6607                ok   177 tok  16.47 t/s stop
  mmlu_pro/4863                ok   271 tok  16.49 t/s stop
  mmlu_pro/1373                ok   287 tok  16.58 t/s stop
  mmlu_pro/8347                ok   226 tok  16.69 t/s stop
  mmlu_pro/5738                BAD  350 tok  16.15 t/s length
  mmlu_pro/10950               BAD  350 tok  16.27 t/s length
  mmlu_pro/9208                ok   326 tok  16.54 t/s stop
  mmlu_pro/2247                ok   301 tok  16.35 t/s stop
  mmlu_pro/3146                ok   255 tok  16.64 t/s stop
  mmlu_pro/523                 BAD  350 tok  16.68 t/s length
  mmlu_pro/4009                ok   297 tok  15.85 t/s stop
  mmlu_pro/7503                BAD  350 tok  16.71 t/s length
  mmlu_pro/11840               BAD  350 tok  16.25 t/s length
  mmlu_pro/6627                ok   189 tok  17.01 t/s stop
  mmlu_pro/4883                BAD  256 tok  16.53 t/s stop
  mmlu_pro/1395                BAD  350 tok  16.44 t/s length
  mmlu_pro/8367                ok   133 tok  17.05 t/s stop
  mmlu_pro/5758                ok    57 tok  17.33 t/s stop
  mmlu_pro/10971               ok    93 tok  17.16 t/s stop
  mmlu_pro/9228                BAD  350 tok  15.92 t/s length
  mmlu_pro/2268                BAD  350 tok  15.61 t/s length
  mmlu_pro/3166                BAD  350 tok  16.65 t/s length
  mmlu_pro/544                 BAD  350 tok  16.76 t/s length
  mmlu_pro/4030                BAD  350 tok  16.69 t/s length
  mmlu_pro/7524                ok   295 tok  16.73 t/s stop
  mmlu_pro/11860               BAD  350 tok  16.79 t/s length
  mmlu_pro/6647                ok   281 tok  16.86 t/s stop
  mmlu_pro/4903                ok   108 tok  17.11 t/s stop
  mmlu_pro/1416                BAD  350 tok  16.56 t/s length
  mmlu_pro/8387                ok   296 tok  16.97 t/s stop
  mmlu_pro/5778                ok   325 tok  16.87 t/s stop
  mmlu_pro/10992               BAD  232 tok  16.85 t/s stop
  mmlu_pro/9248                BAD  350 tok  16.81 t/s length
  mmlu_pro/2288                ok   117 tok  17.12 t/s stop
  mmlu_pro/3186                ok   267 tok  16.68 t/s stop
  mmlu_pro/564                 BAD  350 tok  16.91 t/s length
  mmlu_pro/4050                BAD  350 tok  16.57 t/s length
  mmlu_pro/7544                BAD  350 tok  16.84 t/s length
  mmlu_pro/11881               BAD  350 tok  15.09 t/s length
  mmlu_pro/6667                BAD  350 tok  15.51 t/s length
  mmlu_pro/4923                ok   316 tok  14.21 t/s stop
  mmlu_pro/1438                BAD  350 tok  14.51 t/s length
  mmlu_pro/8407                BAD  350 tok  15.24 t/s length
  mmlu_pro/5799                ok   319 tok  15.05 t/s stop
  mmlu_pro/11013               ok   314 tok  15.03 t/s stop
  mmlu_pro/9268                BAD  350 tok  14.65 t/s length
  mmlu_pro/2308                ok   294 tok  14.58 t/s stop
  mmlu_pro/3206                ok   315 tok  14.59 t/s stop
  mmlu_pro/584                 BAD  350 tok  16.29 t/s length
    preflight: governor=performance thp=[always] mem_avail=14092MiB swap_used=611MiB gpu=4MiB,34,P8
  mmlu_pro/4070                ok   267 tok  16.83 t/s stop
  mmlu_pro/7564                BAD  270 tok  16.71 t/s stop
  mmlu_pro/11901               BAD  350 tok  16.75 t/s length
  mmlu_pro/6687                ok   334 tok  16.68 t/s stop
  mmlu_pro/4943                ok   171 tok  16.76 t/s stop
  mmlu_pro/1458                BAD  350 tok  16.49 t/s length
  mmlu_pro/8427                BAD  350 tok  16.84 t/s length
  mmlu_pro/5820                ok   264 tok  16.83 t/s stop
  mmlu_pro/11034               BAD  350 tok  16.82 t/s length
  mmlu_pro/9288                ok   237 tok  16.88 t/s stop
  mmlu_pro/2328                BAD  350 tok  16.36 t/s length
  mmlu_pro/10073               BAD  350 tok  16.82 t/s length
  mmlu_pro/10094               BAD  350 tok  16.28 t/s length
  mmlu_pro/10115               BAD  350 tok  16.66 t/s length
  mmlu_pro/10136               BAD  350 tok  16.70 t/s length
  mmlu_pro/10156               BAD  350 tok  16.82 t/s length
QUALITY[g4_iq3m] think=off | gsm8k 100.0% +- 0.0 (n=50) | humaneval  87.8% +- 5.1 (n=41) | mmlu_pro  44.3% +- 5.9 (n=70) | mean 249 tok, 16.7 t/s | truncated 39 | empty 0 | 360s
    telemetry[qual_g4_iq3m]: GPU util avg  42% max 100% | power avg  32W max  45W /100W | PCIe->GPU avg  0.30 max  7.14 GB/s (~13 cap) | CPU busy  530% of 1200% | DRAM read avg   9.7 max  11.7 GB/s (~38 cap)
    vram: 2156 MiB
QUAL2_DONE
