  gsm8k/0                      ok   104 tok  30.80 t/s stop
  gsm8k/1                      ok    92 tok  30.81 t/s stop
  gsm8k/2                      ok   245 tok  30.43 t/s stop
  gsm8k/3                      ok   153 tok  30.74 t/s stop
  gsm8k/4                      ok   218 tok  30.56 t/s stop
  gsm8k/5                      ok   257 tok  30.32 t/s stop
  gsm8k/6                      ok   166 tok  30.00 t/s stop
  gsm8k/7                      ok   286 tok  30.71 t/s stop
  gsm8k/8                      BAD  400 tok  30.49 t/s length
  gsm8k/9                      ok   176 tok  30.88 t/s stop
  gsm8k/10                     ok   174 tok  29.86 t/s stop
  gsm8k/11                     ok   164 tok  30.67 t/s stop
  gsm8k/12                     ok   213 tok  30.14 t/s stop
  gsm8k/13                     ok   365 tok  30.33 t/s stop
  gsm8k/14                     ok   233 tok  30.20 t/s stop
  gsm8k/15                     ok   199 tok  30.62 t/s stop
  gsm8k/16                     ok   104 tok  29.66 t/s stop
  gsm8k/17                     ok   296 tok  30.44 t/s stop
  gsm8k/18                     ok   113 tok  30.83 t/s stop
  gsm8k/19                     ok   400 tok  30.04 t/s length
  gsm8k/20                     ok   249 tok  30.21 t/s stop
  gsm8k/21                     ok   133 tok  30.84 t/s stop
  gsm8k/22                     ok   133 tok  30.61 t/s stop
  gsm8k/23                     ok   149 tok  30.71 t/s stop
  gsm8k/24                     ok   191 tok  30.66 t/s stop
  gsm8k/25                     ok   168 tok  30.59 t/s stop
  gsm8k/26                     ok   305 tok  29.95 t/s stop
  gsm8k/27                     ok   172 tok  30.29 t/s stop
  gsm8k/28                     ok   177 tok  30.79 t/s stop
  gsm8k/29                     ok   124 tok  30.61 t/s stop
  gsm8k/30                     ok   171 tok  30.72 t/s stop
  gsm8k/31                     ok   209 tok  28.51 t/s stop
  gsm8k/32                     ok    79 tok  30.60 t/s stop
  gsm8k/33                     ok   174 tok  30.50 t/s stop
  gsm8k/34                     ok   118 tok  30.58 t/s stop
  gsm8k/35                     ok   129 tok  28.43 t/s stop
  gsm8k/36                     ok   142 tok  20.67 t/s stop
  gsm8k/37                     ok   364 tok  20.15 t/s stop
  gsm8k/38                     ok   211 tok  20.57 t/s stop
