    preflight: governor=performance thp=[always] mem_avail=14307MiB swap_used=405MiB gpu=17MiB,53,P8
built (dump) in 22 s
fa5probe EXTEND | prompt_n 27 | cache_n 119632 | prefill      19.9 t/s | decode 15.64 t/s | wall    5.96 s | slot 758294720 bytes in 439.964 ms
dumped: 30 records, 10 K tensors, 337M | nodes: node_1207 node_1629 node_2051 node_2473 node_2895 node_3317 node_363 node_3739 node_4161 node_785 
node_1207      s32  kv0 tiles  935 | oracle 1e-08:  0.0% 1e-06:  0.0% 1e-04: 36.4% | per-head 1e-08:  0.0% 1e-06:  8.5% 1e-04: 70.7% | mass top1% 0.843 top5% 0.951 | minmax 1e-08:  0.0% 1e-06:  0.0% 1e-04:  0.0% | ball 1e-08:  0.0% 1e-06:  0.0% 1e-04:  0.0% | minmax_h 1e-08:  0.0% 1e-06:  0.0% 1e-04:  0.0%
node_1207      s32  kv1 tiles  935 | oracle 1e-08:  0.0% 1e-06:  0.0% 1e-04: 38.2% | per-head 1e-08:  0.0% 1e-06: 18.1% 1e-04: 68.6% | mass top1% 0.817 top5% 0.943 | minmax 1e-08:  0.0% 1e-06:  0.0% 1e-04:  0.0% | ball 1e-08:  0.0% 1e-06:  0.0% 1e-04:  0.0% | minmax_h 1e-08:  0.0% 1e-06:  0.0% 1e-04:  0.0%
node_1207      s64  kv0 tiles  935 | oracle 1e-08:  0.0% 1e-06:  0.0% 1e-04: 32.4% | per-head 1e-08:  0.3% 1e-06: 13.4% 1e-04: 75.6% | mass top1% 0.866 top5% 0.961 | minmax 1e-08:  0.0% 1e-06:  0.0% 1e-04:  0.0% | ball 1e-08:  0.0% 1e-06:  0.0% 1e-04:  0.0% | minmax_h 1e-08:  0.0% 1e-06:  0.0% 1e-04:  0.0%
node_1207      s64  kv1 tiles  935 | oracle 1e-08:  0.0% 1e-06:  0.0% 1e-04: 19.5% | per-head 1e-08:  0.0% 1e-06:  7.6% 1e-04: 63.0% | mass top1% 0.743 top5% 0.891 | minmax 1e-08:  0.0% 1e-06:  0.0% 1e-04:  0.0% | ball 1e-08:  0.0% 1e-06:  0.0% 1e-04:  0.0% | minmax_h 1e-08:  0.0% 1e-06:  0.0% 1e-04:  0.0%
node_1207      s8   kv0 tiles  934 | oracle 1e-08:  0.0% 1e-06:  0.0% 1e-04: 13.7% | per-head 1e-08:  0.0% 1e-06:  2.5% 1e-04: 57.7% | mass top1% 0.731 top5% 0.836 | minmax 1e-08:  0.0% 1e-06:  0.0% 1e-04:  0.0% | ball 1e-08:  0.0% 1e-06:  0.0% 1e-04:  0.0% | minmax_h 1e-08:  0.0% 1e-06:  0.0% 1e-04:  0.0%
node_1207      s8   kv1 tiles  934 | oracle 1e-08:  0.0% 1e-06:  0.0% 1e-04: 39.2% | per-head 1e-08:  0.0% 1e-06:  5.6% 1e-04: 78.1% | mass top1% 0.849 top5% 0.903 | minmax 1e-08:  0.0% 1e-06:  0.0% 1e-04:  0.0% | ball 1e-08:  0.0% 1e-06:  0.0% 1e-04:  0.0% | minmax_h 1e-08:  0.0% 1e-06:  0.0% 1e-04:  0.0%
node_1629      s32  kv0 tiles  935 | oracle 1e-08:  0.0% 1e-06:  0.0% 1e-04: 33.4% | per-head 1e-08:  0.0% 1e-06:  9.4% 1e-04: 72.7% | mass top1% 0.782 top5% 0.974 | minmax 1e-08:  0.0% 1e-06:  0.0% 1e-04:  0.0% | ball 1e-08:  0.0% 1e-06:  0.0% 1e-04:  0.0% | minmax_h 1e-08:  0.0% 1e-06:  0.0% 1e-04:  0.0%
node_1629      s32  kv1 tiles  935 | oracle 1e-08:  0.0% 1e-06:  0.0% 1e-04: 45.1% | per-head 1e-08:  0.0% 1e-06:  3.2% 1e-04: 74.1% | mass top1% 0.791 top5% 0.970 | minmax 1e-08:  0.0% 1e-06:  0.0% 1e-04:  0.0% | ball 1e-08:  0.0% 1e-06:  0.0% 1e-04:  0.0% | minmax_h 1e-08:  0.0% 1e-06:  0.0% 1e-04:  0.0%
node_1629      s64  kv0 tiles  935 | oracle 1e-08:  0.0% 1e-06:  0.0% 1e-04: 40.5% | per-head 1e-08:  0.0% 1e-06: 11.6% 1e-04: 72.0% | mass top1% 0.771 top5% 0.955 | minmax 1e-08:  0.0% 1e-06:  0.0% 1e-04:  0.0% | ball 1e-08:  0.0% 1e-06:  0.0% 1e-04:  0.0% | minmax_h 1e-08:  0.0% 1e-06:  0.0% 1e-04:  0.0%
node_1629      s64  kv1 tiles  935 | oracle 1e-08:  0.0% 1e-06:  0.0% 1e-04: 63.2% | per-head 1e-08:  0.0% 1e-06: 18.9% 1e-04: 80.4% | mass top1% 0.805 top5% 0.949 | minmax 1e-08:  0.0% 1e-06:  0.0% 1e-04:  0.0% | ball 1e-08:  0.0% 1e-06:  0.0% 1e-04:  0.0% | minmax_h 1e-08:  0.0% 1e-06:  0.0% 1e-04:  0.0%
node_1629      s8   kv0 tiles  934 | oracle 1e-08:  0.0% 1e-06:  0.0% 1e-04:  0.5% | per-head 1e-08:  0.0% 1e-06:  0.0% 1e-04: 26.7% | mass top1% 0.659 top5% 0.809 | minmax 1e-08:  0.0% 1e-06:  0.0% 1e-04:  0.0% | ball 1e-08:  0.0% 1e-06:  0.0% 1e-04:  0.0% | minmax_h 1e-08:  0.0% 1e-06:  0.0% 1e-04:  0.0%
node_1629      s8   kv1 tiles  934 | oracle 1e-08:  0.0% 1e-06:  0.0% 1e-04:  1.6% | per-head 1e-08:  0.0% 1e-06:  0.0% 1e-04: 41.3% | mass top1% 0.704 top5% 0.789 | minmax 1e-08:  0.0% 1e-06:  0.0% 1e-04:  0.0% | ball 1e-08:  0.0% 1e-06:  0.0% 1e-04:  0.0% | minmax_h 1e-08:  0.0% 1e-06:  0.0% 1e-04:  0.0%
node_2051      s32  kv0 tiles  935 | oracle 1e-08:  0.0% 1e-06:  0.0% 1e-04:  1.0% | per-head 1e-08:  0.0% 1e-06:  0.2% 1e-04: 41.2% | mass top1% 0.753 top5% 0.951 | minmax 1e-08:  0.0% 1e-06:  0.0% 1e-04:  0.0% | ball 1e-08:  0.0% 1e-06:  0.0% 1e-04:  0.0% | minmax_h 1e-08:  0.0% 1e-06:  0.0% 1e-04:  0.0%
node_2051      s32  kv1 tiles  935 | oracle 1e-08:  0.0% 1e-06:  0.0% 1e-04: 17.6% | per-head 1e-08:  0.0% 1e-06:  6.7% 1e-04: 61.7% | mass top1% 0.854 top5% 0.971 | minmax 1e-08:  0.0% 1e-06:  0.0% 1e-04:  0.0% | ball 1e-08:  0.0% 1e-06:  0.0% 1e-04:  0.0% | minmax_h 1e-08:  0.0% 1e-06:  0.0% 1e-04:  0.0%
node_2051      s64  kv0 tiles  935 | oracle 1e-08:  0.0% 1e-06:  0.0% 1e-04:  8.0% | per-head 1e-08:  0.0% 1e-06:  3.1% 1e-04: 54.1% | mass top1% 0.762 top5% 0.930 | minmax 1e-08:  0.0% 1e-06:  0.0% 1e-04:  0.0% | ball 1e-08:  0.0% 1e-06:  0.0% 1e-04:  0.0% | minmax_h 1e-08:  0.0% 1e-06:  0.0% 1e-04:  0.0%
node_2051      s64  kv1 tiles  935 | oracle 1e-08:  0.0% 1e-06:  0.0% 1e-04: 52.8% | per-head 1e-08:  0.0% 1e-06: 10.7% 1e-04: 79.9% | mass top1% 0.877 top5% 0.977 | minmax 1e-08:  0.0% 1e-06:  0.0% 1e-04:  0.0% | ball 1e-08:  0.0% 1e-06:  0.0% 1e-04:  0.0% | minmax_h 1e-08:  0.0% 1e-06:  0.0% 1e-04:  0.0%
node_2051      s8   kv0 tiles  934 | oracle 1e-08:  0.0% 1e-06:  0.0% 1e-04:  4.2% | per-head 1e-08:  0.0% 1e-06:  0.0% 1e-04: 45.8% | mass top1% 0.699 top5% 0.860 | minmax 1e-08:  0.0% 1e-06:  0.0% 1e-04:  0.0% | ball 1e-08:  0.0% 1e-06:  0.0% 1e-04:  0.0% | minmax_h 1e-08:  0.0% 1e-06:  0.0% 1e-04:  0.0%
node_2051      s8   kv1 tiles  934 | oracle 1e-08:  0.0% 1e-06:  0.0% 1e-04: 48.0% | per-head 1e-08:  0.0% 1e-06:  3.9% 1e-04: 77.9% | mass top1% 0.851 top5% 0.926 | minmax 1e-08:  0.0% 1e-06:  0.0% 1e-04:  0.0% | ball 1e-08:  0.0% 1e-06:  0.0% 1e-04:  0.0% | minmax_h 1e-08:  0.0% 1e-06:  0.0% 1e-04:  0.0%
node_2473      s32  kv0 tiles  935 | oracle 1e-08:  0.0% 1e-06:  0.0% 1e-04:  1.1% | per-head 1e-08:  0.0% 1e-06:  0.1% 1e-04: 18.2% | mass top1% 0.617 top5% 0.839 | minmax 1e-08:  0.0% 1e-06:  0.0% 1e-04:  0.0% | ball 1e-08:  0.0% 1e-06:  0.0% 1e-04:  0.0% | minmax_h 1e-08:  0.0% 1e-06:  0.0% 1e-04:  0.0%
node_2473      s32  kv1 tiles  935 | oracle 1e-08:  0.0% 1e-06:  0.0% 1e-04:  7.2% | per-head 1e-08:  0.0% 1e-06:  0.6% 1e-04: 35.6% | mass top1% 0.671 top5% 0.867 | minmax 1e-08:  0.0% 1e-06:  0.0% 1e-04:  0.0% | ball 1e-08:  0.0% 1e-06:  0.0% 1e-04:  0.0% | minmax_h 1e-08:  0.0% 1e-06:  0.0% 1e-04:  0.0%
node_2473      s64  kv0 tiles  935 | oracle 1e-08:  0.0% 1e-06:  0.0% 1e-04:  0.4% | per-head 1e-08:  0.0% 1e-06:  0.0% 1e-04: 16.9% | mass top1% 0.618 top5% 0.827 | minmax 1e-08:  0.0% 1e-06:  0.0% 1e-04:  0.0% | ball 1e-08:  0.0% 1e-06:  0.0% 1e-04:  0.0% | minmax_h 1e-08:  0.0% 1e-06:  0.0% 1e-04:  0.0%
node_2473      s64  kv1 tiles  935 | oracle 1e-08:  0.0% 1e-06:  0.0% 1e-04:  0.2% | per-head 1e-08:  0.0% 1e-06:  2.5% 1e-04: 35.6% | mass top1% 0.643 top5% 0.831 | minmax 1e-08:  0.0% 1e-06:  0.0% 1e-04:  0.0% | ball 1e-08:  0.0% 1e-06:  0.0% 1e-04:  0.0% | minmax_h 1e-08:  0.0% 1e-06:  0.0% 1e-04:  0.0%
node_2473      s8   kv0 tiles  934 | oracle 1e-08:  0.0% 1e-06:  0.0% 1e-04:  0.4% | per-head 1e-08:  0.0% 1e-06:  0.0% 1e-04:  5.7% | mass top1% 0.372 top5% 0.544 | minmax 1e-08:  0.0% 1e-06:  0.0% 1e-04:  0.0% | ball 1e-08:  0.0% 1e-06:  0.0% 1e-04:  0.0% | minmax_h 1e-08:  0.0% 1e-06:  0.0% 1e-04:  0.0%
node_2473      s8   kv1 tiles  934 | oracle 1e-08:  0.0% 1e-06:  0.0% 1e-04:  0.2% | per-head 1e-08:  0.0% 1e-06:  0.0% 1e-04: 10.7% | mass top1% 0.335 top5% 0.542 | minmax 1e-08:  0.0% 1e-06:  0.0% 1e-04:  0.0% | ball 1e-08:  0.0% 1e-06:  0.0% 1e-04:  0.0% | minmax_h 1e-08:  0.0% 1e-06:  0.0% 1e-04:  0.0%
node_2895      s32  kv0 tiles  935 | oracle 1e-08:  0.0% 1e-06:  0.0% 1e-04:  0.0% | per-head 1e-08:  0.0% 1e-06:  0.1% 1e-04: 14.4% | mass top1% 0.628 top5% 0.823 | minmax 1e-08:  0.0% 1e-06:  0.0% 1e-04:  0.0% | ball 1e-08:  0.0% 1e-06:  0.0% 1e-04:  0.0% | minmax_h 1e-08:  0.0% 1e-06:  0.0% 1e-04:  0.0%
node_2895      s32  kv1 tiles  935 | oracle 1e-08:  0.0% 1e-06:  0.0% 1e-04:  1.0% | per-head 1e-08:  0.0% 1e-06:  0.5% 1e-04: 30.2% | mass top1% 0.761 top5% 0.896 | minmax 1e-08:  0.0% 1e-06:  0.0% 1e-04:  0.0% | ball 1e-08:  0.0% 1e-06:  0.0% 1e-04:  0.0% | minmax_h 1e-08:  0.0% 1e-06:  0.0% 1e-04:  0.0%
node_2895      s64  kv0 tiles  935 | oracle 1e-08:  0.0% 1e-06:  0.0% 1e-04:  0.0% | per-head 1e-08:  0.0% 1e-06:  0.0% 1e-04: 16.4% | mass top1% 0.602 top5% 0.813 | minmax 1e-08:  0.0% 1e-06:  0.0% 1e-04:  0.0% | ball 1e-08:  0.0% 1e-06:  0.0% 1e-04:  0.0% | minmax_h 1e-08:  0.0% 1e-06:  0.0% 1e-04:  0.0%
node_2895      s64  kv1 tiles  935 | oracle 1e-08:  0.0% 1e-06:  0.0% 1e-04:  1.4% | per-head 1e-08:  0.0% 1e-06:  1.7% 1e-04: 30.1% | mass top1% 0.718 top5% 0.876 | minmax 1e-08:  0.0% 1e-06:  0.0% 1e-04:  0.0% | ball 1e-08:  0.0% 1e-06:  0.0% 1e-04:  0.0% | minmax_h 1e-08:  0.0% 1e-06:  0.0% 1e-04:  0.0%
node_2895      s8   kv0 tiles  934 | oracle 1e-08:  0.0% 1e-06:  0.0% 1e-04:  0.1% | per-head 1e-08:  0.0% 1e-06:  0.0% 1e-04:  4.6% | mass top1% 0.354 top5% 0.575 | minmax 1e-08:  0.0% 1e-06:  0.0% 1e-04:  0.0% | ball 1e-08:  0.0% 1e-06:  0.0% 1e-04:  0.0% | minmax_h 1e-08:  0.0% 1e-06:  0.0% 1e-04:  0.0%
node_2895      s8   kv1 tiles  934 | oracle 1e-08:  0.0% 1e-06:  0.0% 1e-04:  0.0% | per-head 1e-08:  0.0% 1e-06:  0.1% 1e-04:  8.5% | mass top1% 0.375 top5% 0.553 | minmax 1e-08:  0.0% 1e-06:  0.0% 1e-04:  0.0% | ball 1e-08:  0.0% 1e-06:  0.0% 1e-04:  0.0% | minmax_h 1e-08:  0.0% 1e-06:  0.0% 1e-04:  0.0%
node_3317      s32  kv0 tiles  935 | oracle 1e-08:  0.0% 1e-06:  0.0% 1e-04:  2.0% | per-head 1e-08:  0.0% 1e-06:  0.7% 1e-04: 29.5% | mass top1% 0.734 top5% 0.873 | minmax 1e-08:  0.0% 1e-06:  0.0% 1e-04:  0.0% | ball 1e-08:  0.0% 1e-06:  0.0% 1e-04:  0.0% | minmax_h 1e-08:  0.0% 1e-06:  0.0% 1e-04:  0.0%
node_3317      s32  kv1 tiles  935 | oracle 1e-08:  0.0% 1e-06:  0.0% 1e-04: 22.1% | per-head 1e-08:  0.1% 1e-06: 11.5% 1e-04: 68.7% | mass top1% 0.875 top5% 0.946 | minmax 1e-08:  0.0% 1e-06:  0.0% 1e-04:  0.0% | ball 1e-08:  0.0% 1e-06:  0.0% 1e-04:  0.0% | minmax_h 1e-08:  0.0% 1e-06:  0.0% 1e-04:  0.0%
node_3317      s64  kv0 tiles  935 | oracle 1e-08:  0.0% 1e-06:  0.0% 1e-04:  0.2% | per-head 1e-08:  0.0% 1e-06:  0.0% 1e-04: 20.1% | mass top1% 0.671 top5% 0.854 | minmax 1e-08:  0.0% 1e-06:  0.0% 1e-04:  0.0% | ball 1e-08:  0.0% 1e-06:  0.0% 1e-04:  0.0% | minmax_h 1e-08:  0.0% 1e-06:  0.0% 1e-04:  0.0%
node_3317      s64  kv1 tiles  935 | oracle 1e-08:  0.0% 1e-06:  0.0% 1e-04: 36.0% | per-head 1e-08:  0.0% 1e-06:  2.4% 1e-04: 66.1% | mass top1% 0.808 top5% 0.935 | minmax 1e-08:  0.0% 1e-06:  0.0% 1e-04:  0.0% | ball 1e-08:  0.0% 1e-06:  0.0% 1e-04:  0.0% | minmax_h 1e-08:  0.0% 1e-06:  0.0% 1e-04:  0.0%
node_3317      s8   kv0 tiles  934 | oracle 1e-08:  0.0% 1e-06:  0.0% 1e-04:  1.6% | per-head 1e-08:  0.0% 1e-06:  0.0% 1e-04: 14.2% | mass top1% 0.503 top5% 0.656 | minmax 1e-08:  0.0% 1e-06:  0.0% 1e-04:  0.0% | ball 1e-08:  0.0% 1e-06:  0.0% 1e-04:  0.0% | minmax_h 1e-08:  0.0% 1e-06:  0.0% 1e-04:  0.0%
node_3317      s8   kv1 tiles  934 | oracle 1e-08:  0.0% 1e-06:  0.0% 1e-04: 33.0% | per-head 1e-08:  0.0% 1e-06:  1.3% 1e-04: 64.6% | mass top1% 0.798 top5% 0.887 | minmax 1e-08:  0.0% 1e-06:  0.0% 1e-04:  0.0% | ball 1e-08:  0.0% 1e-06:  0.0% 1e-04:  0.0% | minmax_h 1e-08:  0.0% 1e-06:  0.0% 1e-04:  0.0%
node_363       s32  kv0 tiles  935 | oracle 1e-08:  0.0% 1e-06:  0.0% 1e-04:  0.0% | per-head 1e-08:  0.4% 1e-06:  6.2% 1e-04: 26.5% | mass top1% 0.373 top5% 0.624 | minmax 1e-08:  0.0% 1e-06:  0.0% 1e-04:  0.0% | ball 1e-08:  0.0% 1e-06:  0.0% 1e-04:  0.0% | minmax_h 1e-08:  0.0% 1e-06:  0.0% 1e-04:  0.0%
node_363       s32  kv1 tiles  935 | oracle 1e-08:  0.0% 1e-06:  0.0% 1e-04:  0.0% | per-head 1e-08:  0.0% 1e-06:  0.0% 1e-04:  6.8% | mass top1% 0.191 top5% 0.425 | minmax 1e-08:  0.0% 1e-06:  0.0% 1e-04:  0.0% | ball 1e-08:  0.0% 1e-06:  0.0% 1e-04:  0.0% | minmax_h 1e-08:  0.0% 1e-06:  0.0% 1e-04:  0.0%
node_363       s64  kv0 tiles  935 | oracle 1e-08:  0.0% 1e-06:  0.0% 1e-04:  0.0% | per-head 1e-08:  0.0% 1e-06:  1.7% 1e-04: 19.2% | mass top1% 0.347 top5% 0.533 | minmax 1e-08:  0.0% 1e-06:  0.0% 1e-04:  0.0% | ball 1e-08:  0.0% 1e-06:  0.0% 1e-04:  0.0% | minmax_h 1e-08:  0.0% 1e-06:  0.0% 1e-04:  0.0%
node_363       s64  kv1 tiles  935 | oracle 1e-08:  0.0% 1e-06:  0.0% 1e-04:  0.0% | per-head 1e-08:  0.0% 1e-06:  0.0% 1e-04:  3.9% | mass top1% 0.229 top5% 0.376 | minmax 1e-08:  0.0% 1e-06:  0.0% 1e-04:  0.0% | ball 1e-08:  0.0% 1e-06:  0.0% 1e-04:  0.0% | minmax_h 1e-08:  0.0% 1e-06:  0.0% 1e-04:  0.0%
node_363       s8   kv0 tiles  934 | oracle 1e-08:  0.0% 1e-06:  0.0% 1e-04:  0.0% | per-head 1e-08:  0.0% 1e-06:  0.6% 1e-04: 17.1% | mass top1% 0.303 top5% 0.491 | minmax 1e-08:  0.0% 1e-06:  0.0% 1e-04:  0.0% | ball 1e-08:  0.0% 1e-06:  0.0% 1e-04:  0.0% | minmax_h 1e-08:  0.0% 1e-06:  0.0% 1e-04:  0.0%
node_363       s8   kv1 tiles  934 | oracle 1e-08:  0.0% 1e-06:  0.0% 1e-04:  0.0% | per-head 1e-08:  0.0% 1e-06:  0.0% 1e-04:  1.4% | mass top1% 0.190 top5% 0.339 | minmax 1e-08:  0.0% 1e-06:  0.0% 1e-04:  0.0% | ball 1e-08:  0.0% 1e-06:  0.0% 1e-04:  0.0% | minmax_h 1e-08:  0.0% 1e-06:  0.0% 1e-04:  0.0%
node_3739      s32  kv0 tiles  935 | oracle 1e-08:  0.0% 1e-06:  0.0% 1e-04:  0.0% | per-head 1e-08:  0.0% 1e-06:  4.1% 1e-04: 53.2% | mass top1% 0.725 top5% 0.881 | minmax 1e-08:  0.0% 1e-06:  0.0% 1e-04:  0.0% | ball 1e-08:  0.0% 1e-06:  0.0% 1e-04:  0.0% | minmax_h 1e-08:  0.0% 1e-06:  0.0% 1e-04:  0.0%
node_3739      s32  kv1 tiles  935 | oracle 1e-08:  0.0% 1e-06:  0.0% 1e-04:  0.4% | per-head 1e-08:  0.0% 1e-06:  2.2% 1e-04: 39.0% | mass top1% 0.743 top5% 0.852 | minmax 1e-08:  0.0% 1e-06:  0.0% 1e-04:  0.0% | ball 1e-08:  0.0% 1e-06:  0.0% 1e-04:  0.0% | minmax_h 1e-08:  0.0% 1e-06:  0.0% 1e-04:  0.0%
node_3739      s64  kv0 tiles  935 | oracle 1e-08:  0.0% 1e-06:  0.0% 1e-04:  0.0% | per-head 1e-08:  0.0% 1e-06:  0.2% 1e-04: 36.2% | mass top1% 0.645 top5% 0.852 | minmax 1e-08:  0.0% 1e-06:  0.0% 1e-04:  0.0% | ball 1e-08:  0.0% 1e-06:  0.0% 1e-04:  0.0% | minmax_h 1e-08:  0.0% 1e-06:  0.0% 1e-04:  0.0%
node_3739      s64  kv1 tiles  935 | oracle 1e-08:  0.0% 1e-06:  0.0% 1e-04:  0.0% | per-head 1e-08:  0.0% 1e-06:  0.9% 1e-04: 37.6% | mass top1% 0.684 top5% 0.860 | minmax 1e-08:  0.0% 1e-06:  0.0% 1e-04:  0.0% | ball 1e-08:  0.0% 1e-06:  0.0% 1e-04:  0.0% | minmax_h 1e-08:  0.0% 1e-06:  0.0% 1e-04:  0.0%
node_3739      s8   kv0 tiles  934 | oracle 1e-08:  0.0% 1e-06:  0.0% 1e-04:  0.0% | per-head 1e-08:  0.0% 1e-06:  0.3% 1e-04: 28.6% | mass top1% 0.591 top5% 0.710 | minmax 1e-08:  0.0% 1e-06:  0.0% 1e-04:  0.0% | ball 1e-08:  0.0% 1e-06:  0.0% 1e-04:  0.0% | minmax_h 1e-08:  0.0% 1e-06:  0.0% 1e-04:  0.0%
node_3739      s8   kv1 tiles  934 | oracle 1e-08:  0.0% 1e-06:  0.0% 1e-04:  0.0% | per-head 1e-08:  0.0% 1e-06:  0.0% 1e-04:  7.9% | mass top1% 0.476 top5% 0.630 | minmax 1e-08:  0.0% 1e-06:  0.0% 1e-04:  0.0% | ball 1e-08:  0.0% 1e-06:  0.0% 1e-04:  0.0% | minmax_h 1e-08:  0.0% 1e-06:  0.0% 1e-04:  0.0%
node_4161      s32  kv0 tiles  935 | oracle 1e-08:  0.0% 1e-06:  0.0% 1e-04:  0.9% | per-head 1e-08:  0.0% 1e-06:  0.1% 1e-04: 19.8% | mass top1% 0.571 top5% 0.755 | minmax 1e-08:  0.0% 1e-06:  0.0% 1e-04:  0.0% | ball 1e-08:  0.0% 1e-06:  0.0% 1e-04:  0.0% | minmax_h 1e-08:  0.0% 1e-06:  0.0% 1e-04:  0.0%
node_4161      s32  kv1 tiles  935 | oracle 1e-08:  0.0% 1e-06:  0.0% 1e-04:  6.8% | per-head 1e-08:  0.0% 1e-06:  5.3% 1e-04: 39.7% | mass top1% 0.693 top5% 0.852 | minmax 1e-08:  0.0% 1e-06:  0.0% 1e-04:  0.0% | ball 1e-08:  0.0% 1e-06:  0.0% 1e-04:  0.0% | minmax_h 1e-08:  0.0% 1e-06:  0.0% 1e-04:  0.0%
node_4161      s64  kv0 tiles  935 | oracle 1e-08:  0.0% 1e-06:  0.0% 1e-04:  0.0% | per-head 1e-08:  0.0% 1e-06:  0.0% 1e-04:  4.8% | mass top1% 0.495 top5% 0.714 | minmax 1e-08:  0.0% 1e-06:  0.0% 1e-04:  0.0% | ball 1e-08:  0.0% 1e-06:  0.0% 1e-04:  0.0% | minmax_h 1e-08:  0.0% 1e-06:  0.0% 1e-04:  0.0%
node_4161      s64  kv1 tiles  935 | oracle 1e-08:  0.0% 1e-06:  0.0% 1e-04:  1.2% | per-head 1e-08:  0.0% 1e-06:  0.8% 1e-04: 26.8% | mass top1% 0.656 top5% 0.837 | minmax 1e-08:  0.0% 1e-06:  0.0% 1e-04:  0.0% | ball 1e-08:  0.0% 1e-06:  0.0% 1e-04:  0.0% | minmax_h 1e-08:  0.0% 1e-06:  0.0% 1e-04:  0.0%
node_4161      s8   kv0 tiles  934 | oracle 1e-08:  0.0% 1e-06:  0.0% 1e-04:  0.0% | per-head 1e-08:  0.0% 1e-06:  0.0% 1e-04:  8.4% | mass top1% 0.408 top5% 0.620 | minmax 1e-08:  0.0% 1e-06:  0.0% 1e-04:  0.0% | ball 1e-08:  0.0% 1e-06:  0.0% 1e-04:  0.0% | minmax_h 1e-08:  0.0% 1e-06:  0.0% 1e-04:  0.0%
node_4161      s8   kv1 tiles  934 | oracle 1e-08:  0.0% 1e-06:  0.0% 1e-04:  0.7% | per-head 1e-08:  0.0% 1e-06:  0.0% 1e-04: 13.2% | mass top1% 0.548 top5% 0.725 | minmax 1e-08:  0.0% 1e-06:  0.0% 1e-04:  0.0% | ball 1e-08:  0.0% 1e-06:  0.0% 1e-04:  0.0% | minmax_h 1e-08:  0.0% 1e-06:  0.0% 1e-04:  0.0%
node_785       s32  kv0 tiles  935 | oracle 1e-08:  0.0% 1e-06:  0.0% 1e-04: 16.5% | per-head 1e-08:  0.0% 1e-06:  1.0% 1e-04: 56.4% | mass top1% 0.761 top5% 0.897 | minmax 1e-08:  0.0% 1e-06:  0.0% 1e-04:  0.0% | ball 1e-08:  0.0% 1e-06:  0.0% 1e-04:  0.0% | minmax_h 1e-08:  0.0% 1e-06:  0.0% 1e-04:  0.0%
node_785       s32  kv1 tiles  935 | oracle 1e-08:  0.0% 1e-06:  0.0% 1e-04:  1.3% | per-head 1e-08:  0.0% 1e-06:  0.3% 1e-04: 41.2% | mass top1% 0.451 top5% 0.771 | minmax 1e-08:  0.0% 1e-06:  0.0% 1e-04:  0.0% | ball 1e-08:  0.0% 1e-06:  0.0% 1e-04:  0.0% | minmax_h 1e-08:  0.0% 1e-06:  0.0% 1e-04:  0.0%
node_785       s64  kv0 tiles  935 | oracle 1e-08:  0.0% 1e-06:  0.0% 1e-04:  2.7% | per-head 1e-08:  0.0% 1e-06:  0.5% 1e-04: 37.2% | mass top1% 0.690 top5% 0.808 | minmax 1e-08:  0.0% 1e-06:  0.0% 1e-04:  0.0% | ball 1e-08:  0.0% 1e-06:  0.0% 1e-04:  0.0% | minmax_h 1e-08:  0.0% 1e-06:  0.0% 1e-04:  0.0%
node_785       s64  kv1 tiles  935 | oracle 1e-08:  0.0% 1e-06:  0.0% 1e-04:  0.2% | per-head 1e-08:  0.0% 1e-06:  0.0% 1e-04: 14.9% | mass top1% 0.392 top5% 0.608 | minmax 1e-08:  0.0% 1e-06:  0.0% 1e-04:  0.0% | ball 1e-08:  0.0% 1e-06:  0.0% 1e-04:  0.0% | minmax_h 1e-08:  0.0% 1e-06:  0.0% 1e-04:  0.0%
node_785       s8   kv0 tiles  934 | oracle 1e-08:  0.0% 1e-06:  0.0% 1e-04: 13.7% | per-head 1e-08:  0.0% 1e-06:  3.0% 1e-04: 43.6% | mass top1% 0.647 top5% 0.768 | minmax 1e-08:  0.0% 1e-06:  0.0% 1e-04:  0.0% | ball 1e-08:  0.0% 1e-06:  0.0% 1e-04:  0.0% | minmax_h 1e-08:  0.0% 1e-06:  0.0% 1e-04:  0.0%
node_785       s8   kv1 tiles  934 | oracle 1e-08:  0.0% 1e-06:  0.0% 1e-04:  7.7% | per-head 1e-08:  0.0% 1e-06:  3.0% 1e-04: 58.9% | mass top1% 0.746 top5% 0.841 | minmax 1e-08:  0.0% 1e-06:  0.0% 1e-04:  0.0% | ball 1e-08:  0.0% 1e-06:  0.0% 1e-04:  0.0% | minmax_h 1e-08:  0.0% 1e-06:  0.0% 1e-04:  0.0%
FA_SPARSITY n=60 | tiles skippable at 1e-8: oracle 0.0% (per head 0.0%) | proven: minmax 0.0% ball 0.0% minmax_h 0.0% | at 1e-4: oracle 10.9% minmax 0.0% ball 0.0%
built (clean) in 22 s
FA5PROBE_DONE
