    preflight: governor=performance thp=[always] mem_avail=14386MiB swap_used=442MiB gpu=17MiB,55,P8
  gsm8k/50                     ok    91 tok  38.28 t/s stop
  gsm8k/51                     ok   152 tok  39.04 t/s stop
  gsm8k/52                     ok   145 tok  39.33 t/s stop
  gsm8k/53                     ok   196 tok  39.35 t/s stop
  gsm8k/54                     ok   126 tok  36.81 t/s stop
  gsm8k/55                     ok    87 tok  38.30 t/s stop
  gsm8k/56                     ok    99 tok  37.67 t/s stop
  gsm8k/57                     ok   179 tok  38.39 t/s stop
  gsm8k/58                     ok   170 tok  38.58 t/s stop
  gsm8k/59                     ok    61 tok  38.66 t/s stop
  gsm8k/60                     ok   189 tok  38.12 t/s stop
  gsm8k/61                     ok   128 tok  38.93 t/s stop
  gsm8k/62                     BAD  431 tok  37.99 t/s stop
  gsm8k/63                     ok   260 tok  38.34 t/s stop
  gsm8k/64                     ok   130 tok  38.66 t/s stop
  gsm8k/65                     ok   133 tok  39.94 t/s stop
  gsm8k/66                     ok   267 tok  38.49 t/s stop
  gsm8k/67                     ok   168 tok  39.71 t/s stop
  gsm8k/68                     ok   129 tok  38.71 t/s stop
  gsm8k/69                     ok   112 tok  39.04 t/s stop
  gsm8k/70                     ok   160 tok  40.51 t/s stop
  gsm8k/71                     ok    99 tok  36.47 t/s stop
  gsm8k/72                     ok    75 tok  40.13 t/s stop
  gsm8k/73                     ok   180 tok  38.38 t/s stop
  gsm8k/74                     ok   216 tok  37.87 t/s stop
  gsm8k/75                     ok   246 tok  37.86 t/s stop
  gsm8k/76                     ok   298 tok  37.43 t/s stop
  gsm8k/77                     ok   210 tok  38.28 t/s stop
  gsm8k/78                     ok   201 tok  38.91 t/s stop
  gsm8k/79                     ok    67 tok  39.08 t/s stop
  gsm8k/80                     ok   146 tok  38.55 t/s stop
  gsm8k/81                     ok    94 tok  38.75 t/s stop
  gsm8k/82                     ok   120 tok  38.70 t/s stop
  gsm8k/83                     ok    61 tok  38.76 t/s stop
  gsm8k/84                     ok   258 tok  38.84 t/s stop
  gsm8k/85                     ok   135 tok  37.12 t/s stop
  gsm8k/86                     ok   111 tok  38.85 t/s stop
  gsm8k/87                     ok   300 tok  37.21 t/s stop
  gsm8k/88                     ok   158 tok  39.06 t/s stop
  gsm8k/89                     BAD  170 tok  37.40 t/s stop
  gsm8k/90                     ok   109 tok  38.84 t/s stop
  gsm8k/91                     ok   126 tok  38.69 t/s stop
  gsm8k/92                     ok   205 tok  38.40 t/s stop
  gsm8k/93                     ok   290 tok  37.50 t/s stop
  gsm8k/94                     ok   231 tok  38.40 t/s stop
  gsm8k/95                     ok   173 tok  37.78 t/s stop
  gsm8k/96                     ok    96 tok  38.22 t/s stop
  gsm8k/97                     ok   165 tok  38.38 t/s stop
  gsm8k/98                     ok   142 tok  37.49 t/s stop
  gsm8k/99                     ok   140 tok  37.74 t/s stop
  gsm8k/100                    ok   171 tok  38.72 t/s stop
  gsm8k/101                    ok   110 tok  38.38 t/s stop
  gsm8k/102                    ok   490 tok  37.25 t/s stop
  gsm8k/103                    ok   118 tok  38.59 t/s stop
  gsm8k/104                    ok   144 tok  39.10 t/s stop
  gsm8k/105                    ok    87 tok  38.27 t/s stop
  gsm8k/106                    ok   221 tok  38.76 t/s stop
  gsm8k/107                    ok   219 tok  38.80 t/s stop
  gsm8k/108                    ok   223 tok  37.27 t/s stop
  gsm8k/109                    ok    96 tok  39.98 t/s stop
  gsm8k/110                    ok   169 tok  37.44 t/s stop
  gsm8k/111                    ok   213 tok  38.48 t/s stop
  gsm8k/112                    ok   138 tok  37.81 t/s stop
  gsm8k/113                    ok    58 tok  38.05 t/s stop
  gsm8k/114                    ok   327 tok  37.14 t/s stop
  gsm8k/115                    ok   309 tok  38.73 t/s stop
  gsm8k/116                    ok   193 tok  38.83 t/s stop
  gsm8k/117                    ok    52 tok  39.56 t/s stop
  gsm8k/118                    ok    98 tok  38.03 t/s stop
  gsm8k/119                    BAD  749 tok  38.92 t/s stop
  gsm8k/120                    ok   117 tok  37.76 t/s stop
  gsm8k/121                    ok   146 tok  39.35 t/s stop
  gsm8k/122                    ok   218 tok  38.85 t/s stop
  gsm8k/123                    ok   201 tok  39.05 t/s stop
  gsm8k/124                    ok   184 tok  37.18 t/s stop
  gsm8k/125                    ok   296 tok  36.90 t/s stop
  gsm8k/126                    ok    84 tok  37.97 t/s stop
  gsm8k/127                    ok    88 tok  38.49 t/s stop
  gsm8k/128                    ok   233 tok  38.78 t/s stop
  gsm8k/129                    ok   174 tok  38.83 t/s stop
  gsm8k/130                    ok    96 tok  38.69 t/s stop
  gsm8k/131                    ok    58 tok  41.56 t/s stop
  gsm8k/132                    ok   109 tok  38.35 t/s stop
  gsm8k/133                    ok   105 tok  39.61 t/s stop
  gsm8k/134                    ok    58 tok  40.14 t/s stop
  gsm8k/135                    ok   110 tok  37.87 t/s stop
  gsm8k/136                    ok    76 tok  37.57 t/s stop
  gsm8k/137                    ok   182 tok  39.73 t/s stop
  gsm8k/138                    ok   259 tok  38.18 t/s stop
  gsm8k/139                    ok   200 tok  38.84 t/s stop
  gsm8k/140                    ok   190 tok  39.83 t/s stop
  gsm8k/141                    ok   286 tok  38.23 t/s stop
  gsm8k/142                    ok   185 tok  38.51 t/s stop
  gsm8k/143                    ok   340 tok  37.37 t/s stop
  gsm8k/144                    ok   228 tok  37.34 t/s stop
  gsm8k/145                    ok   104 tok  38.91 t/s stop
  gsm8k/146                    ok   156 tok  38.43 t/s stop
  gsm8k/147                    ok   316 tok  37.04 t/s stop
  gsm8k/148                    ok   131 tok  39.23 t/s stop
  gsm8k/149                    ok    91 tok  39.07 t/s stop
  gsm8k/150                    ok   310 tok  38.17 t/s stop
  gsm8k/151                    ok   198 tok  38.88 t/s stop
  gsm8k/152                    ok   100 tok  39.64 t/s stop
  gsm8k/153                    ok   412 tok  37.73 t/s stop
  gsm8k/154                    ok   288 tok  39.59 t/s stop
  gsm8k/155                    ok   282 tok  39.58 t/s stop
  gsm8k/156                    ok   119 tok  39.49 t/s stop
  gsm8k/157                    BAD  308 tok  38.45 t/s stop
  gsm8k/158                    ok    89 tok  39.78 t/s stop
  gsm8k/159                    BAD  768 tok  35.91 t/s length
  gsm8k/160                    ok    90 tok  40.50 t/s stop
  gsm8k/161                    ok   190 tok  39.12 t/s stop
  gsm8k/162                    ok   217 tok  38.37 t/s stop
  gsm8k/163                    ok   196 tok  38.22 t/s stop
  gsm8k/164                    ok   225 tok  37.13 t/s stop
  gsm8k/165                    ok   124 tok  39.48 t/s stop
  gsm8k/166                    ok   114 tok  37.51 t/s stop
  gsm8k/167                    ok   271 tok  39.59 t/s stop
  gsm8k/168                    ok    78 tok  38.95 t/s stop
  gsm8k/169                    ok   112 tok  39.79 t/s stop
  gsm8k/170                    ok    97 tok  39.62 t/s stop
  gsm8k/171                    ok   136 tok  38.86 t/s stop
  gsm8k/172                    BAD  151 tok  38.30 t/s stop
  gsm8k/173                    ok   148 tok  39.77 t/s stop
  gsm8k/174                    ok   155 tok  40.36 t/s stop
  gsm8k/175                    ok   213 tok  39.32 t/s stop
  gsm8k/176                    ok    97 tok  39.29 t/s stop
  gsm8k/177                    ok   310 tok  38.41 t/s stop
  gsm8k/178                    ok   163 tok  38.93 t/s stop
  gsm8k/179                    ok    51 tok  40.52 t/s stop
  gsm8k/180                    ok   217 tok  38.99 t/s stop
  gsm8k/181                    ok   160 tok  37.40 t/s stop
  gsm8k/182                    BAD  768 tok  37.54 t/s length
  gsm8k/183                    ok   261 tok  38.31 t/s stop
  gsm8k/184                    ok   615 tok  37.69 t/s stop
  gsm8k/185                    ok    85 tok  38.11 t/s stop
  gsm8k/186                    ok   248 tok  37.88 t/s stop
  gsm8k/187                    BAD  239 tok  39.01 t/s stop
  gsm8k/188                    ok   237 tok  39.30 t/s stop
  gsm8k/189                    ok   246 tok  38.41 t/s stop
  gsm8k/190                    ok    58 tok  40.53 t/s stop
  gsm8k/191                    ok    66 tok  39.36 t/s stop
  gsm8k/192                    ok   163 tok  39.77 t/s stop
  gsm8k/193                    ok   195 tok  38.30 t/s stop
  gsm8k/194                    ok    54 tok  39.74 t/s stop
  gsm8k/195                    ok    98 tok  40.53 t/s stop
  gsm8k/196                    ok   117 tok  38.60 t/s stop
  gsm8k/197                    ok   169 tok  38.76 t/s stop
  gsm8k/198                    ok   156 tok  40.41 t/s stop
  gsm8k/199                    ok   266 tok  38.83 t/s stop
  mmlu_pro/508                 ok   198 tok  40.17 t/s stop
  mmlu_pro/513                 ok   300 tok  39.79 t/s stop
  mmlu_pro/518                 BAD  386 tok  36.62 t/s stop
  mmlu_pro/528                 ok   352 tok  39.73 t/s stop
  mmlu_pro/533                 ok   751 tok  37.90 t/s stop
  mmlu_pro/539                 ok   455 tok  37.87 t/s stop
  mmlu_pro/549                 ok   522 tok  39.36 t/s stop
  mmlu_pro/554                 BAD  429 tok  37.37 t/s stop
  mmlu_pro/559                 ok   320 tok  38.43 t/s stop
  mmlu_pro/569                 ok   296 tok  37.46 t/s stop
  mmlu_pro/574                 BAD 1521 tok  36.05 t/s stop
  mmlu_pro/579                 ok  1417 tok  37.92 t/s stop
  mmlu_pro/589                 ok   291 tok  38.90 t/s stop
  mmlu_pro/594                 BAD  371 tok  39.56 t/s stop
  mmlu_pro/599                 ok   605 tok  37.43 t/s stop
  mmlu_pro/1380                BAD  220 tok  36.84 t/s stop
  mmlu_pro/1385                BAD  426 tok  36.91 t/s stop
  mmlu_pro/1390                BAD  602 tok  36.00 t/s stop
  mmlu_pro/1401                BAD  752 tok  36.75 t/s stop
  mmlu_pro/1406                BAD  539 tok  36.95 t/s stop
  mmlu_pro/1411                ok   324 tok  37.19 t/s stop
  mmlu_pro/1423                BAD  498 tok  37.05 t/s stop
  mmlu_pro/1428                BAD  358 tok  36.82 t/s stop
  mmlu_pro/1433                BAD  415 tok  36.76 t/s stop
  mmlu_pro/1443                BAD  517 tok  36.73 t/s stop
  mmlu_pro/1448                ok   387 tok  36.61 t/s stop
  mmlu_pro/1453                ok   742 tok  37.32 t/s stop
  mmlu_pro/1463                ok   559 tok  37.51 t/s stop
  mmlu_pro/1469                ok   460 tok  36.99 t/s stop
  mmlu_pro/1474                BAD  568 tok  37.27 t/s stop
  mmlu_pro/2253                ok   250 tok  38.30 t/s stop
  mmlu_pro/2258                ok   350 tok  37.45 t/s stop
  mmlu_pro/2263                ok   203 tok  38.11 t/s stop
  mmlu_pro/2273                ok   207 tok  36.89 t/s stop
  mmlu_pro/2278                ok   216 tok  37.49 t/s stop
  mmlu_pro/2283                ok   283 tok  38.01 t/s stop
  mmlu_pro/2293                ok   261 tok  37.43 t/s stop
  mmlu_pro/2298                ok   201 tok  38.19 t/s stop
  mmlu_pro/2303                ok   267 tok  37.91 t/s stop
  mmlu_pro/2313                ok   291 tok  38.47 t/s stop
  mmlu_pro/2318                ok   252 tok  38.76 t/s stop
  mmlu_pro/2323                ok   203 tok  38.79 t/s stop
  mmlu_pro/2333                ok   309 tok  37.80 t/s stop
  mmlu_pro/2338                ok   224 tok  37.66 t/s stop
  mmlu_pro/2343                ok   411 tok  37.56 t/s stop
  mmlu_pro/3131                BAD  796 tok  35.05 t/s stop
  mmlu_pro/3136                ok   273 tok  37.82 t/s stop
  mmlu_pro/3141                ok   495 tok  37.52 t/s stop
  mmlu_pro/3151                ok   227 tok  39.01 t/s stop
  mmlu_pro/3156                ok   408 tok  37.41 t/s stop
  mmlu_pro/3161                ok   328 tok  38.07 t/s stop
  mmlu_pro/3171                ok   343 tok  38.66 t/s stop
  mmlu_pro/3176                ok   202 tok  39.65 t/s stop
  mmlu_pro/3181                ok   341 tok  37.56 t/s stop
  mmlu_pro/3191                ok    97 tok  38.47 t/s stop
  mmlu_pro/3196                ok   258 tok  38.18 t/s stop
  mmlu_pro/3201                ok   266 tok  39.75 t/s stop
  mmlu_pro/3212                ok   386 tok  37.86 t/s stop
  mmlu_pro/3217                ok   352 tok  38.55 t/s stop
  mmlu_pro/3222                ok   364 tok  38.81 t/s stop
  mmlu_pro/3994                BAD  863 tok  38.95 t/s stop
  mmlu_pro/3999                BAD 2048 tok  38.87 t/s length
  mmlu_pro/4004                BAD  855 tok  38.84 t/s stop
  mmlu_pro/4014                ok   693 tok  38.98 t/s stop
  mmlu_pro/4019                ok   606 tok  38.87 t/s stop
  mmlu_pro/4024                ok   735 tok  39.34 t/s stop
  mmlu_pro/4035                ok   737 tok  38.63 t/s stop
  mmlu_pro/4040                ok   615 tok  38.83 t/s stop
  mmlu_pro/4045                ok   878 tok  39.28 t/s stop
  mmlu_pro/4055                BAD 2048 tok  37.77 t/s length
  mmlu_pro/4060                BAD 2048 tok  37.92 t/s length
  mmlu_pro/4065                ok   891 tok  38.10 t/s stop
  mmlu_pro/4075                ok   240 tok  39.46 t/s stop
  mmlu_pro/4080                ok   306 tok  39.11 t/s stop
  mmlu_pro/4086                ok   543 tok  39.30 t/s stop
  mmlu_pro/4868                ok    99 tok  38.35 t/s stop
  mmlu_pro/4873                BAD  168 tok  38.22 t/s stop
  mmlu_pro/4878                ok   348 tok  36.13 t/s stop
  mmlu_pro/4888                ok   355 tok  36.37 t/s stop
  mmlu_pro/4893                BAD  545 tok  37.20 t/s stop
  mmlu_pro/4898                ok   297 tok  36.20 t/s stop
  mmlu_pro/4908                ok    98 tok  38.97 t/s stop
  mmlu_pro/4913                ok   168 tok  38.92 t/s stop
  mmlu_pro/4918                BAD  183 tok  36.07 t/s stop
  mmlu_pro/4928                ok   107 tok  38.99 t/s stop
  mmlu_pro/4933                BAD  201 tok  36.31 t/s stop
  mmlu_pro/4938                ok   305 tok  36.88 t/s stop
  mmlu_pro/4948                ok   253 tok  37.10 t/s stop
  mmlu_pro/4953                BAD  200 tok  37.97 t/s stop
  mmlu_pro/4958                BAD  281 tok  37.93 t/s stop
  mmlu_pro/5743                ok   355 tok  37.04 t/s stop
  mmlu_pro/5748                ok   227 tok  39.97 t/s stop
  mmlu_pro/5753                BAD  365 tok  36.36 t/s stop
  mmlu_pro/5763                ok   253 tok  38.47 t/s stop
  mmlu_pro/5768                ok   344 tok  37.77 t/s stop
  mmlu_pro/5773                BAD  542 tok  38.27 t/s stop
  mmlu_pro/5784                ok  1865 tok  36.71 t/s stop
  mmlu_pro/5789                ok   129 tok  38.88 t/s stop
  mmlu_pro/5794                BAD  278 tok  37.21 t/s stop
  mmlu_pro/5805                ok   124 tok  39.08 t/s stop
  mmlu_pro/5810                ok   186 tok  37.44 t/s stop
  mmlu_pro/5815                ok   201 tok  39.09 t/s stop
  mmlu_pro/5825                ok    57 tok  37.10 t/s stop
  mmlu_pro/5830                ok    58 tok  37.98 t/s stop
  mmlu_pro/5836                ok   354 tok  37.48 t/s stop
  mmlu_pro/6612                ok   322 tok  39.12 t/s stop
  mmlu_pro/6617                ok   461 tok  38.12 t/s stop
  mmlu_pro/6622                ok   192 tok  38.69 t/s stop
  mmlu_pro/6632                BAD  399 tok  38.42 t/s stop
  mmlu_pro/6637                ok   310 tok  38.81 t/s stop
  mmlu_pro/6642                ok   320 tok  37.37 t/s stop
  mmlu_pro/6652                BAD  154 tok  38.67 t/s stop
  mmlu_pro/6657                ok   299 tok  37.88 t/s stop
  mmlu_pro/6662                ok   187 tok  37.92 t/s stop
  mmlu_pro/6672                ok   580 tok  38.74 t/s stop
  mmlu_pro/6677                ok   386 tok  38.13 t/s stop
  mmlu_pro/6682                BAD  850 tok  37.53 t/s stop
  mmlu_pro/6692                ok   507 tok  38.11 t/s stop
  mmlu_pro/6698                BAD  588 tok  36.91 t/s stop
  mmlu_pro/6703                ok   234 tok  39.39 t/s stop
  mmlu_pro/7488                ok   353 tok  37.22 t/s stop
  mmlu_pro/7493                ok   361 tok  38.22 t/s stop
  mmlu_pro/7498                BAD  398 tok  37.72 t/s stop
  mmlu_pro/7509                ok   401 tok  36.46 t/s stop
  mmlu_pro/7514                BAD  373 tok  38.25 t/s stop
  mmlu_pro/7519                ok   634 tok  38.15 t/s stop
  mmlu_pro/7529                ok   126 tok  38.80 t/s stop
  mmlu_pro/7534                BAD 2048 tok  36.89 t/s length
  mmlu_pro/7539                BAD  362 tok  37.75 t/s stop
  mmlu_pro/7549                ok   213 tok  39.02 t/s stop
  mmlu_pro/7554                ok   346 tok  38.30 t/s stop
  mmlu_pro/7559                ok   155 tok  40.46 t/s stop
  mmlu_pro/7569                ok   425 tok  37.67 t/s stop
  mmlu_pro/7574                ok   504 tok  36.32 t/s stop
  mmlu_pro/7579                ok   367 tok  37.87 t/s stop
  mmlu_pro/8352                ok   337 tok  40.18 t/s stop
  mmlu_pro/8357                ok   599 tok  37.94 t/s stop
  mmlu_pro/8362                ok   148 tok  39.57 t/s stop
  mmlu_pro/8372                ok   906 tok  38.34 t/s stop
  mmlu_pro/8377                ok   575 tok  38.63 t/s stop
  mmlu_pro/8382                ok   870 tok  38.12 t/s stop
  mmlu_pro/8392                ok   528 tok  39.97 t/s stop
  mmlu_pro/8397                ok   917 tok  39.29 t/s stop
  mmlu_pro/8402                ok   535 tok  37.63 t/s stop
  mmlu_pro/8412                BAD  656 tok  38.96 t/s stop
  mmlu_pro/8417                BAD 2048 tok  39.48 t/s length
  mmlu_pro/8422                BAD 2048 tok  37.90 t/s length
  mmlu_pro/8432                ok   577 tok  39.16 t/s stop
  mmlu_pro/8437                ok   450 tok  39.07 t/s stop
  mmlu_pro/8442                ok   257 tok  37.06 t/s stop
  mmlu_pro/9213                ok   183 tok  39.15 t/s stop
  mmlu_pro/9218                ok   466 tok  38.72 t/s stop
  mmlu_pro/9223                ok   605 tok  39.49 t/s stop
  mmlu_pro/9233                ok   503 tok  39.85 t/s stop
  mmlu_pro/9238                BAD 2048 tok  37.62 t/s length
  mmlu_pro/9243                BAD 2048 tok  38.16 t/s length
  mmlu_pro/9253                ok   221 tok  38.29 t/s stop
  mmlu_pro/9258                ok   374 tok  38.80 t/s stop
  mmlu_pro/9263                ok   396 tok  39.55 t/s stop
  mmlu_pro/9273                ok  1156 tok  39.67 t/s stop
  mmlu_pro/9278                ok   486 tok  37.85 t/s stop
  mmlu_pro/9283                ok   460 tok  38.36 t/s stop
  mmlu_pro/9293                ok   432 tok  39.82 t/s stop
  mmlu_pro/9298                ok   967 tok  37.86 t/s stop
  mmlu_pro/9303                BAD  405 tok  38.59 t/s stop
  mmlu_pro/10078               ok   720 tok  38.44 t/s stop
  mmlu_pro/10083               ok   830 tok  38.72 t/s stop
  mmlu_pro/10089               ok   316 tok  38.42 t/s stop
  mmlu_pro/10099               ok   413 tok  37.71 t/s stop
  mmlu_pro/10104               ok   359 tok  39.07 t/s stop
  mmlu_pro/10110               ok  1500 tok  39.14 t/s stop
  mmlu_pro/10121               BAD 1309 tok  37.26 t/s stop
  mmlu_pro/10126               ok   726 tok  38.76 t/s stop
  mmlu_pro/10131               ok   395 tok  38.88 t/s stop
  mmlu_pro/10141               ok   216 tok  39.67 t/s stop
  mmlu_pro/10146               ok   343 tok  39.30 t/s stop
  mmlu_pro/10151               ok   507 tok  38.89 t/s stop
  mmlu_pro/10161               ok   340 tok  39.87 t/s stop
  mmlu_pro/10166               ok   289 tok  37.78 t/s stop
  mmlu_pro/10171               ok   171 tok  39.29 t/s stop
  mmlu_pro/10955               BAD 1461 tok  37.78 t/s stop
  mmlu_pro/10961               BAD  350 tok  38.74 t/s stop
  mmlu_pro/10966               ok   177 tok  38.45 t/s stop
  mmlu_pro/10976               ok   376 tok  36.63 t/s stop
  mmlu_pro/10982               ok   272 tok  38.48 t/s stop
  mmlu_pro/10987               ok   479 tok  37.25 t/s stop
  mmlu_pro/10998               ok   428 tok  37.41 t/s stop
  mmlu_pro/11003               BAD 2048 tok  35.40 t/s length
  mmlu_pro/11008               ok   136 tok  37.81 t/s stop
  mmlu_pro/11018               ok   257 tok  37.62 t/s stop
  mmlu_pro/11023               BAD  454 tok  37.95 t/s stop
  mmlu_pro/11029               ok   249 tok  39.62 t/s stop
  mmlu_pro/11039               BAD  313 tok  37.57 t/s stop
  mmlu_pro/11044               ok   288 tok  38.46 t/s stop
  mmlu_pro/11049               BAD  146 tok  38.71 t/s stop
  mmlu_pro/11825               ok  1157 tok  38.96 t/s stop
  mmlu_pro/11830               BAD 1136 tok  36.85 t/s stop
  mmlu_pro/11835               ok   691 tok  39.56 t/s stop
  mmlu_pro/11845               ok   343 tok  39.33 t/s stop
  mmlu_pro/11850               BAD 2048 tok  37.04 t/s length
  mmlu_pro/11855               BAD 2048 tok  35.54 t/s length
  mmlu_pro/11865               BAD  975 tok  37.70 t/s stop
  mmlu_pro/11870               ok   787 tok  38.86 t/s stop
  mmlu_pro/11875               BAD 1429 tok  38.63 t/s stop
  mmlu_pro/11886               BAD 2048 tok  38.39 t/s length
  mmlu_pro/11891               BAD  387 tok  39.31 t/s stop
  mmlu_pro/11896               BAD 2048 tok  37.00 t/s length
  mmlu_pro/11906               ok   828 tok  38.22 t/s stop
  mmlu_pro/11911               ok   465 tok  38.48 t/s stop
  mmlu_pro/11916               BAD  552 tok  38.59 t/s stop
QUALITY[g4_q2kp_cache19] think=off | gsm8k  95.0% +- 1.5 (n=200) | mmlu_pro  73.9% +- 2.6 (n=280) | mean 387 tok, 38.5 t/s | truncated 17 | empty 0 | 4839s
    telemetry[qual_g4_q2kp_cache19]: GPU util avg  88% max 100% | power avg  83W max 104W /100W | PCIe->GPU avg  1.95 max  8.22 GB/s (~13 cap) | CPU busy  510% of 1200% | DRAM read avg   8.0 max  12.6 GB/s (~38 cap)
    vram: 3402 MiB
    preflight: governor=performance thp=[always] mem_avail=14354MiB swap_used=380MiB gpu=17MiB,70,P0
  gsm8k/50                     ok    93 tok  32.39 t/s stop
  gsm8k/51                     ok   107 tok  31.65 t/s stop
  gsm8k/52                     ok   123 tok  32.20 t/s stop
  gsm8k/53                     ok   206 tok  32.26 t/s stop
  gsm8k/54                     ok    81 tok  31.57 t/s stop
  gsm8k/55                     ok    52 tok  31.53 t/s stop
  gsm8k/56                     ok    71 tok  31.49 t/s stop
  gsm8k/57                     ok   178 tok  29.00 t/s stop
  gsm8k/58                     ok   140 tok  32.11 t/s stop
  gsm8k/59                     ok    59 tok  31.86 t/s stop
  gsm8k/60                     ok   146 tok  31.92 t/s stop
  gsm8k/61                     ok   122 tok  32.58 t/s stop
  gsm8k/62                     BAD  327 tok  32.26 t/s stop
  gsm8k/63                     ok   234 tok  32.61 t/s stop
  gsm8k/64                     ok   152 tok  31.93 t/s stop
  gsm8k/65                     ok   130 tok  32.91 t/s stop
  gsm8k/66                     ok   149 tok  32.10 t/s stop
  gsm8k/67                     ok    81 tok  34.03 t/s stop
  gsm8k/68                     ok   131 tok  32.39 t/s stop
  gsm8k/69                     ok   112 tok  32.34 t/s stop
  gsm8k/70                     ok   127 tok  33.33 t/s stop
  gsm8k/71                     ok    67 tok  32.58 t/s stop
  gsm8k/72                     ok    75 tok  32.98 t/s stop
  gsm8k/73                     ok   145 tok  32.14 t/s stop
  gsm8k/74                     ok   167 tok  29.48 t/s stop
  gsm8k/75                     ok   245 tok  31.98 t/s stop
  gsm8k/76                     ok   169 tok  32.07 t/s stop
  gsm8k/77                     ok   146 tok  32.44 t/s stop
  gsm8k/78                     ok   207 tok  32.12 t/s stop
  gsm8k/79                     ok    55 tok  32.71 t/s stop
  gsm8k/80                     ok   138 tok  31.84 t/s stop
  gsm8k/81                     ok    89 tok  32.72 t/s stop
  gsm8k/82                     ok   120 tok  33.72 t/s stop
  gsm8k/83                     ok    53 tok  32.07 t/s stop
  gsm8k/84                     ok   238 tok  31.65 t/s stop
  gsm8k/85                     BAD  173 tok  31.17 t/s stop
  gsm8k/86                     ok   104 tok  32.41 t/s stop
  gsm8k/87                     ok   255 tok  32.70 t/s stop
  gsm8k/88                     ok   135 tok  29.52 t/s stop
  gsm8k/89                     BAD  134 tok  31.53 t/s stop
  gsm8k/90                     ok   109 tok  32.53 t/s stop
  gsm8k/91                     ok    98 tok  31.91 t/s stop
  gsm8k/92                     ok   122 tok  31.48 t/s stop
  gsm8k/93                     ok   400 tok  31.37 t/s stop
  gsm8k/94                     ok   179 tok  32.57 t/s stop
  gsm8k/95                     ok   166 tok  29.62 t/s stop
  gsm8k/96                     ok    91 tok  31.99 t/s stop
  gsm8k/97                     ok   168 tok  32.38 t/s stop
  gsm8k/98                     ok   147 tok  30.32 t/s stop
  gsm8k/99                     ok   110 tok  28.48 t/s stop
  gsm8k/100                    ok   117 tok  33.50 t/s stop
  gsm8k/101                    ok   111 tok  31.49 t/s stop
  gsm8k/102                    ok   119 tok  32.01 t/s stop
  gsm8k/103                    ok   203 tok  30.59 t/s stop
  gsm8k/104                    ok   161 tok  31.85 t/s stop
  gsm8k/105                    ok    85 tok  31.88 t/s stop
  gsm8k/106                    ok   243 tok  32.43 t/s stop
  gsm8k/107                    ok   161 tok  32.90 t/s stop
  gsm8k/108                    ok   159 tok  28.45 t/s stop
  gsm8k/109                    ok   102 tok  28.01 t/s stop
  gsm8k/110                    ok   200 tok  31.28 t/s stop
  gsm8k/111                    ok   168 tok  30.07 t/s stop
  gsm8k/112                    ok    67 tok  29.48 t/s stop
  gsm8k/113                    ok    58 tok  28.68 t/s stop
  gsm8k/114                    ok   162 tok  29.50 t/s stop
  gsm8k/115                    ok   292 tok  32.01 t/s stop
  gsm8k/116                    ok   150 tok  32.43 t/s stop
  gsm8k/117                    ok    56 tok  32.47 t/s stop
  gsm8k/118                    ok   100 tok  31.90 t/s stop
  gsm8k/119                    BAD  768 tok  30.87 t/s length
  gsm8k/120                    ok    74 tok  32.39 t/s stop
  gsm8k/121                    ok   146 tok  32.64 t/s stop
  gsm8k/122                    ok   152 tok  32.92 t/s stop
  gsm8k/123                    ok   138 tok  32.46 t/s stop
  gsm8k/124                    ok   140 tok  30.74 t/s stop
  gsm8k/125                    ok   140 tok  30.70 t/s stop
  gsm8k/126                    ok    87 tok  31.98 t/s stop
  gsm8k/127                    ok    89 tok  32.36 t/s stop
  gsm8k/128                    ok   196 tok  32.69 t/s stop
  gsm8k/129                    ok   186 tok  29.97 t/s stop
  gsm8k/130                    ok   102 tok  27.54 t/s stop
  gsm8k/131                    ok    58 tok  33.93 t/s stop
  gsm8k/132                    ok   149 tok  32.18 t/s stop
  gsm8k/133                    ok   103 tok  32.74 t/s stop
  gsm8k/134                    ok    60 tok  32.87 t/s stop
  gsm8k/135                    ok   104 tok  31.28 t/s stop
  gsm8k/136                    ok    65 tok  32.29 t/s stop
  gsm8k/137                    ok   189 tok  30.10 t/s stop
  gsm8k/138                    ok   189 tok  32.06 t/s stop
  gsm8k/139                    ok   157 tok  31.63 t/s stop
  gsm8k/140                    ok   171 tok  31.46 t/s stop
  gsm8k/141                    ok   193 tok  32.19 t/s stop
  gsm8k/142                    ok    62 tok  32.03 t/s stop
  gsm8k/143                    BAD  768 tok  29.76 t/s length
  gsm8k/144                    ok   181 tok  28.90 t/s stop
  gsm8k/145                    ok    96 tok  31.57 t/s stop
  gsm8k/146                    ok   134 tok  32.10 t/s stop
  gsm8k/147                    ok   768 tok  27.52 t/s length
  gsm8k/148                    ok   109 tok  31.93 t/s stop
  gsm8k/149                    ok    90 tok  31.83 t/s stop
  gsm8k/150                    ok   271 tok  31.53 t/s stop
  gsm8k/151                    ok   156 tok  30.73 t/s stop
  gsm8k/152                    ok   102 tok  32.48 t/s stop
  gsm8k/153                    ok   283 tok  31.13 t/s stop
  gsm8k/154                    ok   166 tok  32.95 t/s stop
  gsm8k/155                    ok   155 tok  30.89 t/s stop
  gsm8k/156                    ok   115 tok  31.67 t/s stop
  gsm8k/157                    ok   348 tok  31.56 t/s stop
  gsm8k/158                    ok    91 tok  32.24 t/s stop
  gsm8k/159                    ok    81 tok  30.25 t/s stop
  gsm8k/160                    ok    92 tok  31.97 t/s stop
  gsm8k/161                    ok   154 tok  29.13 t/s stop
  gsm8k/162                    ok   212 tok  32.23 t/s stop
  gsm8k/163                    ok   133 tok  31.80 t/s stop
  gsm8k/164                    ok   158 tok  30.68 t/s stop
  gsm8k/165                    ok   126 tok  32.24 t/s stop
  gsm8k/166                    ok    61 tok  29.83 t/s stop
  gsm8k/167                    ok   299 tok  29.59 t/s stop
  gsm8k/168                    ok    66 tok  32.69 t/s stop
  gsm8k/169                    ok   119 tok  32.33 t/s stop
  gsm8k/170                    ok   112 tok  30.23 t/s stop
  gsm8k/171                    ok   105 tok  31.94 t/s stop
  gsm8k/172                    ok   125 tok  31.75 t/s stop
  gsm8k/173                    ok   165 tok  32.54 t/s stop
  gsm8k/174                    ok   148 tok  33.18 t/s stop
  gsm8k/175                    ok   172 tok  31.67 t/s stop
  gsm8k/176                    ok   100 tok  30.56 t/s stop
  gsm8k/177                    ok   239 tok  32.07 t/s stop
  gsm8k/178                    ok   136 tok  31.96 t/s stop
  gsm8k/179                    ok    63 tok  33.32 t/s stop
  gsm8k/180                    ok   207 tok  31.92 t/s stop
  gsm8k/181                    ok   175 tok  30.16 t/s stop
  gsm8k/182                    BAD  376 tok  30.09 t/s stop
  gsm8k/183                    ok   235 tok  31.86 t/s stop
  gsm8k/184                    ok   487 tok  30.88 t/s stop
  gsm8k/185                    ok    86 tok  31.71 t/s stop
  gsm8k/186                    ok   338 tok  31.51 t/s stop
  gsm8k/187                    BAD  290 tok  32.90 t/s stop
  gsm8k/188                    ok   181 tok  30.78 t/s stop
  gsm8k/189                    ok   175 tok  30.09 t/s stop
  gsm8k/190                    ok    60 tok  32.65 t/s stop
  gsm8k/191                    ok    66 tok  32.06 t/s stop
  gsm8k/192                    ok   194 tok  29.57 t/s stop
  gsm8k/193                    ok   194 tok  30.53 t/s stop
  gsm8k/194                    ok    57 tok  31.80 t/s stop
  gsm8k/195                    ok    88 tok  32.83 t/s stop
  gsm8k/196                    ok    72 tok  31.42 t/s stop
  gsm8k/197                    ok   109 tok  31.35 t/s stop
  gsm8k/198                    ok   156 tok  29.88 t/s stop
  gsm8k/199                    ok   274 tok  32.06 t/s stop
  mmlu_pro/508                 ok   201 tok  32.38 t/s stop
  mmlu_pro/513                 ok   222 tok  31.37 t/s stop
  mmlu_pro/518                 BAD  384 tok  26.85 t/s stop
  mmlu_pro/528                 ok   308 tok  32.21 t/s stop
  mmlu_pro/533                 ok   682 tok  31.48 t/s stop
  mmlu_pro/539                 ok   413 tok  31.60 t/s stop
  mmlu_pro/549                 ok   530 tok  31.07 t/s stop
  mmlu_pro/554                 BAD  352 tok  29.39 t/s stop
  mmlu_pro/559                 ok   298 tok  32.08 t/s stop
  mmlu_pro/569                 ok   320 tok  29.56 t/s stop
  mmlu_pro/574                 BAD 2048 tok  29.88 t/s length
  mmlu_pro/579                 ok  1540 tok  30.75 t/s stop
  mmlu_pro/589                 ok   170 tok  29.26 t/s stop
  mmlu_pro/594                 BAD  272 tok  30.91 t/s stop
  mmlu_pro/599                 ok   389 tok  28.20 t/s stop
  mmlu_pro/1380                BAD  158 tok  29.30 t/s stop
  mmlu_pro/1385                BAD  776 tok  30.22 t/s stop
  mmlu_pro/1390                BAD  534 tok  30.16 t/s stop
  mmlu_pro/1401                BAD  637 tok  29.24 t/s stop
  mmlu_pro/1406                BAD  334 tok  31.40 t/s stop
  mmlu_pro/1411                BAD  284 tok  29.03 t/s stop
  mmlu_pro/1423                ok   415 tok  31.49 t/s stop
  mmlu_pro/1428                BAD  292 tok  30.88 t/s stop
  mmlu_pro/1433                BAD  399 tok  30.65 t/s stop
  mmlu_pro/1443                BAD  657 tok  30.66 t/s stop
  mmlu_pro/1448                ok   401 tok  28.56 t/s stop
  mmlu_pro/1453                ok   494 tok  31.71 t/s stop
  mmlu_pro/1463                BAD  598 tok  28.90 t/s stop
  mmlu_pro/1469                ok   469 tok  30.43 t/s stop
  mmlu_pro/1474                BAD 2048 tok  29.78 t/s length
  mmlu_pro/2253                ok   228 tok  31.32 t/s stop
  mmlu_pro/2258                ok   241 tok  30.71 t/s stop
  mmlu_pro/2263                ok   153 tok  31.11 t/s stop
  mmlu_pro/2273                ok   211 tok  30.47 t/s stop
  mmlu_pro/2278                ok    97 tok  32.36 t/s stop
  mmlu_pro/2283                ok   268 tok  31.36 t/s stop
  mmlu_pro/2293                ok   229 tok  30.62 t/s stop
  mmlu_pro/2298                ok   173 tok  31.24 t/s stop
  mmlu_pro/2303                ok   195 tok  32.24 t/s stop
  mmlu_pro/2313                ok   254 tok  31.06 t/s stop
  mmlu_pro/2318                ok   221 tok  32.06 t/s stop
  mmlu_pro/2323                ok   213 tok  32.11 t/s stop
  mmlu_pro/2333                ok   430 tok  30.84 t/s stop
  mmlu_pro/2338                ok    49 tok  31.88 t/s stop
  mmlu_pro/2343                BAD  132 tok  31.67 t/s stop
  mmlu_pro/3131                BAD  340 tok  26.27 t/s stop
  mmlu_pro/3136                ok   309 tok  29.58 t/s stop
  mmlu_pro/3141                ok   432 tok  30.86 t/s stop
  mmlu_pro/3151                ok   202 tok  32.35 t/s stop
  mmlu_pro/3156                ok   433 tok  29.61 t/s stop
  mmlu_pro/3161                ok   332 tok  31.96 t/s stop
  mmlu_pro/3171                ok   386 tok  30.63 t/s stop
  mmlu_pro/3176                ok   206 tok  33.33 t/s stop
  mmlu_pro/3181                ok   425 tok  31.15 t/s stop
  mmlu_pro/3191                BAD  101 tok  29.19 t/s stop
  mmlu_pro/3196                ok   185 tok  31.71 t/s stop
  mmlu_pro/3201                ok   252 tok  32.96 t/s stop
  mmlu_pro/3212                ok   421 tok  31.04 t/s stop
  mmlu_pro/3217                ok   258 tok  31.73 t/s stop
  mmlu_pro/3222                ok   313 tok  31.62 t/s stop
  mmlu_pro/3994                ok  1471 tok  31.71 t/s stop
  mmlu_pro/3999                ok   729 tok  33.19 t/s stop
  mmlu_pro/4004                ok   819 tok  32.21 t/s stop
  mmlu_pro/4014                ok   836 tok  32.19 t/s stop
  mmlu_pro/4019                ok  1022 tok  31.43 t/s stop
  mmlu_pro/4024                ok   632 tok  33.02 t/s stop
  mmlu_pro/4035                ok   839 tok  31.09 t/s stop
  mmlu_pro/4040                ok   656 tok  31.83 t/s stop
  mmlu_pro/4045                ok  1136 tok  32.66 t/s stop
  mmlu_pro/4055                BAD 2048 tok  31.85 t/s length
  mmlu_pro/4060                ok   820 tok  32.66 t/s stop
  mmlu_pro/4065                ok   923 tok  30.55 t/s stop
  mmlu_pro/4075                ok   164 tok  31.20 t/s stop
  mmlu_pro/4080                ok   309 tok  30.91 t/s stop
  mmlu_pro/4086                ok   494 tok  29.95 t/s stop
  mmlu_pro/4868                BAD  164 tok  27.00 t/s stop
  mmlu_pro/4873                ok   121 tok  27.65 t/s stop
  mmlu_pro/4878                ok   288 tok  25.93 t/s stop
  mmlu_pro/4888                ok   393 tok  27.19 t/s stop
  mmlu_pro/4893                BAD  274 tok  27.03 t/s stop
  mmlu_pro/4898                ok   315 tok  26.38 t/s stop
  mmlu_pro/4908                ok    90 tok  29.59 t/s stop
  mmlu_pro/4913                ok   145 tok  28.92 t/s stop
  mmlu_pro/4918                BAD  189 tok  28.75 t/s stop
  mmlu_pro/4928                ok    95 tok  29.86 t/s stop
  mmlu_pro/4933                BAD  274 tok  29.62 t/s stop
  mmlu_pro/4938                ok   292 tok  27.72 t/s stop
  mmlu_pro/4948                ok   253 tok  28.74 t/s stop
  mmlu_pro/4953                BAD   89 tok  28.92 t/s stop
  mmlu_pro/4958                BAD  302 tok  30.27 t/s stop
  mmlu_pro/5743                ok   241 tok  28.53 t/s stop
  mmlu_pro/5748                ok   119 tok  32.42 t/s stop
  mmlu_pro/5753                BAD  287 tok  28.77 t/s stop
  mmlu_pro/5763                ok   196 tok  29.01 t/s stop
  mmlu_pro/5768                ok   156 tok  28.82 t/s stop
  mmlu_pro/5773                BAD  520 tok  28.11 t/s stop
  mmlu_pro/5784                BAD 1232 tok  28.85 t/s stop
  mmlu_pro/5789                ok   228 tok  28.68 t/s stop
  mmlu_pro/5794                BAD  443 tok  27.74 t/s stop
  mmlu_pro/5805                ok   147 tok  27.69 t/s stop
  mmlu_pro/5810                ok   155 tok  29.83 t/s stop
  mmlu_pro/5815                ok    93 tok  27.39 t/s stop
  mmlu_pro/5825                ok    58 tok  28.30 t/s stop
  mmlu_pro/5830                ok    59 tok  29.20 t/s stop
  mmlu_pro/5836                ok   428 tok  26.78 t/s stop
  mmlu_pro/6612                ok   363 tok  28.69 t/s stop
  mmlu_pro/6617                ok   355 tok  27.69 t/s stop
  mmlu_pro/6622                ok   233 tok  30.04 t/s stop
  mmlu_pro/6632                BAD  585 tok  24.70 t/s stop
  mmlu_pro/6637                ok   303 tok  16.96 t/s stop
  mmlu_pro/6642                ok   223 tok  18.28 t/s stop
  mmlu_pro/6652                BAD  156 tok  23.05 t/s stop
  mmlu_pro/6657                BAD  220 tok  26.16 t/s stop
  mmlu_pro/6662                ok   157 tok  24.95 t/s stop
  mmlu_pro/6672                ok   478 tok  27.25 t/s stop
  mmlu_pro/6677                ok   386 tok  24.32 t/s stop
  mmlu_pro/6682                ok   603 tok  27.04 t/s stop
  mmlu_pro/6692                ok   415 tok  25.03 t/s stop
  mmlu_pro/6698                ok   327 tok  27.60 t/s stop
  mmlu_pro/6703                ok   237 tok  29.38 t/s stop
  mmlu_pro/7488                ok   326 tok  30.69 t/s stop
  mmlu_pro/7493                ok   425 tok  30.56 t/s stop
  mmlu_pro/7498                BAD  363 tok  29.70 t/s stop
  mmlu_pro/7509                ok   352 tok  28.07 t/s stop
  mmlu_pro/7514                BAD  320 tok  29.56 t/s stop
  mmlu_pro/7519                ok   273 tok  31.32 t/s stop
  mmlu_pro/7529                ok   155 tok  31.13 t/s stop
  mmlu_pro/7534                BAD 2048 tok  29.99 t/s length
  mmlu_pro/7539                BAD  354 tok  31.09 t/s stop
  mmlu_pro/7549                ok   187 tok  33.04 t/s stop
  mmlu_pro/7554                ok   294 tok  31.04 t/s stop
  mmlu_pro/7559                ok   236 tok  32.60 t/s stop
  mmlu_pro/7569                BAD  506 tok  30.31 t/s stop
  mmlu_pro/7574                ok   465 tok  30.52 t/s stop
  mmlu_pro/7579                ok   296 tok  31.26 t/s stop
  mmlu_pro/8352                ok   243 tok  32.95 t/s stop
  mmlu_pro/8357                ok   483 tok  30.83 t/s stop
  mmlu_pro/8362                ok   156 tok  32.25 t/s stop
  mmlu_pro/8372                BAD  873 tok  31.59 t/s stop
  mmlu_pro/8377                ok  1052 tok  32.06 t/s stop
  mmlu_pro/8382                ok   750 tok  31.75 t/s stop
  mmlu_pro/8392                ok   516 tok  32.81 t/s stop
  mmlu_pro/8397                ok  1130 tok  33.38 t/s stop
  mmlu_pro/8402                ok   447 tok  32.02 t/s stop
  mmlu_pro/8412                BAD  619 tok  32.34 t/s stop
  mmlu_pro/8417                BAD 2048 tok  34.27 t/s length
  mmlu_pro/8422                ok  1184 tok  31.77 t/s stop
  mmlu_pro/8432                ok   659 tok  32.53 t/s stop
  mmlu_pro/8437                ok   267 tok  32.67 t/s stop
  mmlu_pro/8442                ok   332 tok  29.09 t/s stop
  mmlu_pro/9213                ok    95 tok  32.63 t/s stop
  mmlu_pro/9218                ok   555 tok  31.51 t/s stop
  mmlu_pro/9223                ok   889 tok  32.06 t/s stop
  mmlu_pro/9233                ok   464 tok  32.63 t/s stop
  mmlu_pro/9238                ok   857 tok  32.49 t/s stop
  mmlu_pro/9243                ok  1361 tok  31.92 t/s stop
  mmlu_pro/9253                ok   199 tok  30.42 t/s stop
  mmlu_pro/9258                ok   383 tok  32.73 t/s stop
  mmlu_pro/9263                ok   395 tok  32.45 t/s stop
  mmlu_pro/9273                ok  1660 tok  32.76 t/s stop
  mmlu_pro/9278                ok   396 tok  31.48 t/s stop
  mmlu_pro/9283                ok   422 tok  31.70 t/s stop
  mmlu_pro/9293                ok   454 tok  32.63 t/s stop
  mmlu_pro/9298                ok   796 tok  32.02 t/s stop
  mmlu_pro/9303                BAD  246 tok  31.66 t/s stop
  mmlu_pro/10078               ok   789 tok  32.10 t/s stop
  mmlu_pro/10083               ok  1027 tok  31.55 t/s stop
  mmlu_pro/10089               ok   327 tok  31.29 t/s stop
  mmlu_pro/10099               ok   386 tok  30.91 t/s stop
  mmlu_pro/10104               ok   312 tok  32.67 t/s stop
  mmlu_pro/10110               ok   737 tok  33.72 t/s stop
  mmlu_pro/10121               BAD 1447 tok  32.04 t/s stop
  mmlu_pro/10126               ok   664 tok  32.29 t/s stop
  mmlu_pro/10131               ok   283 tok  31.44 t/s stop
  mmlu_pro/10141               ok   193 tok  32.50 t/s stop
  mmlu_pro/10146               ok   315 tok  32.09 t/s stop
  mmlu_pro/10151               ok   457 tok  32.08 t/s stop
  mmlu_pro/10161               ok   323 tok  33.16 t/s stop
  mmlu_pro/10166               ok   130 tok  30.97 t/s stop
  mmlu_pro/10171               ok   160 tok  33.04 t/s stop
  mmlu_pro/10955               ok   620 tok  32.75 t/s stop
  mmlu_pro/10961               BAD  118 tok  32.00 t/s stop
  mmlu_pro/10966               ok   124 tok  30.53 t/s stop
  mmlu_pro/10976               ok    93 tok  31.48 t/s stop
  mmlu_pro/10982               ok   233 tok  31.92 t/s stop
  mmlu_pro/10987               ok   406 tok  30.60 t/s stop
  mmlu_pro/10998               ok   301 tok  30.76 t/s stop
  mmlu_pro/11003               BAD  266 tok  30.78 t/s stop
  mmlu_pro/11008               ok   104 tok  31.52 t/s stop
  mmlu_pro/11018               ok    78 tok  32.56 t/s stop
  mmlu_pro/11023               BAD  280 tok  31.22 t/s stop
  mmlu_pro/11029               ok   109 tok  33.41 t/s stop
  mmlu_pro/11039               BAD  330 tok  30.79 t/s stop
  mmlu_pro/11044               ok   288 tok  31.52 t/s stop
  mmlu_pro/11049               ok   175 tok  31.77 t/s stop
  mmlu_pro/11825               ok   660 tok  32.90 t/s stop
  mmlu_pro/11830               ok  1101 tok  30.80 t/s stop
  mmlu_pro/11835               ok   705 tok  32.46 t/s stop
  mmlu_pro/11845               ok   387 tok  32.49 t/s stop
  mmlu_pro/11850               ok  1008 tok  31.29 t/s stop
  mmlu_pro/11855               ok   407 tok  31.37 t/s stop
  mmlu_pro/11865               BAD 1721 tok  31.54 t/s stop
  mmlu_pro/11870               BAD 2048 tok  31.93 t/s length
  mmlu_pro/11875               BAD 2048 tok  31.94 t/s length
  mmlu_pro/11886               BAD 2048 tok  32.10 t/s length
  mmlu_pro/11891               BAD  332 tok  32.81 t/s stop
  mmlu_pro/11896               BAD  713 tok  32.08 t/s stop
  mmlu_pro/11906               ok  1349 tok  31.62 t/s stop
  mmlu_pro/11911               ok   388 tok  31.99 t/s stop
  mmlu_pro/11916               BAD  680 tok  31.70 t/s stop
QUALITY[g4_q3km_cache15] think=off | gsm8k  96.5% +- 1.3 (n=200) | mmlu_pro  75.0% +- 2.6 (n=280) | mean 355 tok, 31.1 t/s | truncated 17 | empty 0 | 5456s
    telemetry[qual_g4_q3km_cache15]: GPU util avg  84% max 100% | power avg  79W max 102W /100W | PCIe->GPU avg  2.52 max 10.17 GB/s (~13 cap) | CPU busy  516% of 1200% | DRAM read avg   9.9 max  15.9 GB/s (~38 cap)
    vram: 3554 MiB
    preflight: governor=performance thp=[always] mem_avail=14580MiB swap_used=675MiB gpu=17MiB,68,P0
  gsm8k/50                     ok   163 tok  38.07 t/s stop
  gsm8k/51                     ok   201 tok  39.11 t/s stop
  gsm8k/52                     ok   192 tok  38.76 t/s stop
  gsm8k/53                     ok   221 tok  39.50 t/s stop
  gsm8k/54                     ok   125 tok  38.16 t/s stop
  gsm8k/55                     ok    87 tok  39.09 t/s stop
  gsm8k/56                     ok   101 tok  39.38 t/s stop
  gsm8k/57                     ok   154 tok  38.94 t/s stop
  gsm8k/58                     ok   198 tok  40.45 t/s stop
  gsm8k/59                     ok    85 tok  38.46 t/s stop
  gsm8k/60                     ok   213 tok  38.21 t/s stop
  gsm8k/61                     ok   125 tok  38.53 t/s stop
  gsm8k/62                     ok   401 tok  40.09 t/s stop
  gsm8k/63                     ok   257 tok  39.19 t/s stop
  gsm8k/64                     ok   186 tok  38.97 t/s stop
  gsm8k/65                     ok   194 tok  39.91 t/s stop
  gsm8k/66                     ok   178 tok  39.15 t/s stop
  gsm8k/67                     ok   163 tok  38.84 t/s stop
  gsm8k/68                     ok   149 tok  38.66 t/s stop
  gsm8k/69                     ok   146 tok  38.94 t/s stop
  gsm8k/70                     ok   199 tok  39.79 t/s stop
  gsm8k/71                     ok    73 tok  37.34 t/s stop
  gsm8k/72                     ok   125 tok  38.87 t/s stop
  gsm8k/73                     ok   159 tok  40.30 t/s stop
  gsm8k/74                     ok   171 tok  38.92 t/s stop
  gsm8k/75                     ok   247 tok  38.93 t/s stop
  gsm8k/76                     ok   312 tok  39.83 t/s stop
  gsm8k/77                     ok   163 tok  38.39 t/s stop
  gsm8k/78                     ok   214 tok  39.60 t/s stop
  gsm8k/79                     ok    59 tok  40.34 t/s stop
  gsm8k/80                     ok   159 tok  39.47 t/s stop
  gsm8k/81                     ok    65 tok  39.35 t/s stop
  gsm8k/82                     ok   120 tok  39.31 t/s stop
  gsm8k/83                     ok   161 tok  38.64 t/s stop
  gsm8k/84                     ok   299 tok  38.44 t/s stop
  gsm8k/85                     ok   177 tok  38.98 t/s stop
  gsm8k/86                     ok   166 tok  38.43 t/s stop
  gsm8k/87                     ok   253 tok  39.54 t/s stop
  gsm8k/88                     ok   150 tok  36.79 t/s stop
  gsm8k/89                     BAD  141 tok  39.25 t/s stop
  gsm8k/90                     ok   155 tok  39.76 t/s stop
  gsm8k/91                     ok   148 tok  38.73 t/s stop
  gsm8k/92                     ok   183 tok  39.04 t/s stop
  gsm8k/93                     BAD  310 tok  39.13 t/s stop
  gsm8k/94                     ok   220 tok  35.73 t/s stop
  gsm8k/95                     ok   192 tok  38.90 t/s stop
  gsm8k/96                     ok    46 tok  38.70 t/s stop
  gsm8k/97                     ok   206 tok  39.36 t/s stop
  gsm8k/98                     ok   327 tok  39.12 t/s stop
  gsm8k/99                     ok   130 tok  34.30 t/s stop
  gsm8k/100                    ok   321 tok  35.18 t/s stop
  gsm8k/101                    ok   115 tok  34.01 t/s stop
  gsm8k/102                    ok   250 tok  35.58 t/s stop
  gsm8k/103                    ok   261 tok  37.94 t/s stop
  gsm8k/104                    ok   305 tok  34.85 t/s stop
  gsm8k/105                    ok    75 tok  38.15 t/s stop
  gsm8k/106                    ok   230 tok  35.82 t/s stop
  gsm8k/107                    ok   432 tok  36.53 t/s stop
  gsm8k/108                    ok   182 tok  33.01 t/s stop
  gsm8k/109                    ok   113 tok  39.81 t/s stop
  gsm8k/110                    ok   135 tok  36.49 t/s stop
  gsm8k/111                    ok   224 tok  39.34 t/s stop
  gsm8k/112                    ok   163 tok  38.24 t/s stop
  gsm8k/113                    ok    66 tok  39.42 t/s stop
  gsm8k/114                    ok   180 tok  38.03 t/s stop
  gsm8k/115                    ok   184 tok  38.67 t/s stop
  gsm8k/116                    ok   304 tok  39.20 t/s stop
  gsm8k/117                    ok    88 tok  38.25 t/s stop
  gsm8k/118                    ok   174 tok  38.84 t/s stop
  gsm8k/119                    BAD  428 tok  38.57 t/s stop
  gsm8k/120                    ok   133 tok  39.10 t/s stop
  gsm8k/121                    ok   165 tok  38.84 t/s stop
  gsm8k/122                    BAD  241 tok  39.78 t/s stop
  gsm8k/123                    ok   213 tok  38.85 t/s stop
  gsm8k/124                    ok   166 tok  38.15 t/s stop
  gsm8k/125                    ok   170 tok  39.18 t/s stop
  gsm8k/126                    ok    95 tok  38.89 t/s stop
  gsm8k/127                    ok    63 tok  39.48 t/s stop
  gsm8k/128                    ok   230 tok  39.72 t/s stop
  gsm8k/129                    ok   230 tok  40.12 t/s stop
  gsm8k/130                    ok    70 tok  39.05 t/s stop
  gsm8k/131                    ok   109 tok  38.90 t/s stop
  gsm8k/132                    ok   159 tok  39.15 t/s stop
  gsm8k/133                    ok   136 tok  39.19 t/s stop
  gsm8k/134                    ok    61 tok  40.37 t/s stop
  gsm8k/135                    ok   133 tok  38.26 t/s stop
  gsm8k/136                    ok   103 tok  38.84 t/s stop
  gsm8k/137                    ok   204 tok  40.16 t/s stop
  gsm8k/138                    ok   275 tok  38.41 t/s stop
  gsm8k/139                    ok   114 tok  37.88 t/s stop
  gsm8k/140                    ok   134 tok  38.88 t/s stop
  gsm8k/141                    ok   240 tok  39.02 t/s stop
  gsm8k/142                    ok   106 tok  39.26 t/s stop
  gsm8k/143                    BAD  177 tok  39.99 t/s stop
  gsm8k/144                    ok   227 tok  39.88 t/s stop
  gsm8k/145                    ok   175 tok  39.43 t/s stop
  gsm8k/146                    ok   160 tok  38.56 t/s stop
  gsm8k/147                    ok   296 tok  39.77 t/s stop
  gsm8k/148                    ok    96 tok  39.42 t/s stop
  gsm8k/149                    ok   125 tok  38.66 t/s stop
  gsm8k/150                    ok   383 tok  38.68 t/s stop
  gsm8k/151                    ok   253 tok  38.94 t/s stop
  gsm8k/152                    ok   120 tok  40.56 t/s stop
  gsm8k/153                    BAD  768 tok  39.78 t/s length
  gsm8k/154                    ok   220 tok  40.05 t/s stop
  gsm8k/155                    ok   281 tok  39.43 t/s stop
  gsm8k/156                    ok   110 tok  37.86 t/s stop
  gsm8k/157                    BAD  240 tok  39.10 t/s stop
  gsm8k/158                    ok   123 tok  38.40 t/s stop
  gsm8k/159                    ok    81 tok  38.11 t/s stop
  gsm8k/160                    ok   117 tok  39.17 t/s stop
  gsm8k/161                    ok   190 tok  38.03 t/s stop
  gsm8k/162                    ok   283 tok  39.50 t/s stop
  gsm8k/163                    ok   187 tok  39.76 t/s stop
  gsm8k/164                    ok   271 tok  39.60 t/s stop
  gsm8k/165                    ok   102 tok  38.99 t/s stop
  gsm8k/166                    ok   181 tok  39.12 t/s stop
  gsm8k/167                    ok   299 tok  38.66 t/s stop
  gsm8k/168                    ok    68 tok  38.58 t/s stop
  gsm8k/169                    ok   211 tok  39.56 t/s stop
  gsm8k/170                    ok   127 tok  38.83 t/s stop
  gsm8k/171                    ok   187 tok  38.62 t/s stop
  gsm8k/172                    ok   219 tok  39.15 t/s stop
  gsm8k/173                    ok   151 tok  39.02 t/s stop
  gsm8k/174                    ok   173 tok  40.20 t/s stop
  gsm8k/175                    ok   175 tok  40.48 t/s stop
  gsm8k/176                    ok   131 tok  39.00 t/s stop
  gsm8k/177                    ok   261 tok  40.15 t/s stop
  gsm8k/178                    ok   159 tok  38.50 t/s stop
  gsm8k/179                    ok   115 tok  38.95 t/s stop
  gsm8k/180                    ok   128 tok  38.56 t/s stop
  gsm8k/181                    ok   162 tok  38.38 t/s stop
  gsm8k/182                    ok   300 tok  39.28 t/s stop
  gsm8k/183                    ok   230 tok  39.73 t/s stop
  gsm8k/184                    BAD  768 tok  38.90 t/s length
  gsm8k/185                    ok    66 tok  37.86 t/s stop
  gsm8k/186                    ok   372 tok  39.12 t/s stop
  gsm8k/187                    ok   242 tok  39.38 t/s stop
  gsm8k/188                    ok   196 tok  40.23 t/s stop
  gsm8k/189                    ok   263 tok  39.21 t/s stop
  gsm8k/190                    ok   124 tok  38.86 t/s stop
  gsm8k/191                    ok   105 tok  39.96 t/s stop
  gsm8k/192                    ok   221 tok  39.83 t/s stop
  gsm8k/193                    ok   224 tok  39.59 t/s stop
  gsm8k/194                    ok    64 tok  39.33 t/s stop
  gsm8k/195                    ok   100 tok  39.61 t/s stop
  gsm8k/196                    ok   112 tok  39.08 t/s stop
  gsm8k/197                    ok   168 tok  39.02 t/s stop
  gsm8k/198                    ok   236 tok  38.64 t/s stop
  gsm8k/199                    ok   258 tok  39.41 t/s stop
  mmlu_pro/508                 ok   115 tok  39.34 t/s stop
  mmlu_pro/513                 ok   244 tok  40.08 t/s stop
  mmlu_pro/518                 BAD  462 tok  39.84 t/s stop
  mmlu_pro/528                 ok   264 tok  39.61 t/s stop
  mmlu_pro/533                 ok  1511 tok  39.40 t/s stop
  mmlu_pro/539                 BAD 2048 tok  39.26 t/s length
  mmlu_pro/549                 ok   590 tok  39.72 t/s stop
  mmlu_pro/554                 BAD  624 tok  40.29 t/s stop
  mmlu_pro/559                 ok   214 tok  39.76 t/s stop
  mmlu_pro/569                 ok    75 tok  37.73 t/s stop
  mmlu_pro/574                 BAD 1926 tok  40.01 t/s stop
  mmlu_pro/579                 BAD 2048 tok  39.54 t/s length
  mmlu_pro/589                 ok   201 tok  38.38 t/s stop
  mmlu_pro/594                 BAD  286 tok  39.22 t/s stop
  mmlu_pro/599                 ok   675 tok  39.11 t/s stop
  mmlu_pro/1380                ok   132 tok  40.03 t/s stop
  mmlu_pro/1385                BAD 1239 tok  40.60 t/s stop
  mmlu_pro/1390                BAD 2048 tok  38.12 t/s length
  mmlu_pro/1401                BAD  241 tok  40.99 t/s stop
  mmlu_pro/1406                BAD  191 tok  41.34 t/s stop
  mmlu_pro/1411                ok   337 tok  41.36 t/s stop
  mmlu_pro/1423                BAD  139 tok  40.72 t/s stop
  mmlu_pro/1428                BAD  211 tok  41.19 t/s stop
  mmlu_pro/1433                BAD 1513 tok  41.55 t/s stop
  mmlu_pro/1443                ok  1285 tok  40.91 t/s stop
  mmlu_pro/1448                ok   146 tok  41.35 t/s stop
  mmlu_pro/1453                ok   947 tok  41.10 t/s stop
  mmlu_pro/1463                BAD 1640 tok  40.58 t/s stop
  mmlu_pro/1469                BAD  762 tok  40.63 t/s stop
  mmlu_pro/1474                BAD  888 tok  40.73 t/s stop
  mmlu_pro/2253                ok   184 tok  39.85 t/s stop
  mmlu_pro/2258                ok   113 tok  39.81 t/s stop
  mmlu_pro/2263                ok   212 tok  40.69 t/s stop
  mmlu_pro/2273                ok   114 tok  40.52 t/s stop
  mmlu_pro/2278                ok    83 tok  40.79 t/s stop
  mmlu_pro/2283                ok    92 tok  41.20 t/s stop
  mmlu_pro/2293                ok   224 tok  40.54 t/s stop
  mmlu_pro/2298                ok   110 tok  40.59 t/s stop
  mmlu_pro/2303                ok   223 tok  40.64 t/s stop
  mmlu_pro/2313                ok   237 tok  41.12 t/s stop
  mmlu_pro/2318                BAD  120 tok  41.68 t/s stop
  mmlu_pro/2323                ok   198 tok  41.32 t/s stop
  mmlu_pro/2333                ok   377 tok  40.59 t/s stop
  mmlu_pro/2338                ok   103 tok  39.62 t/s stop
  mmlu_pro/2343                BAD  110 tok  40.82 t/s stop
  mmlu_pro/3131                ok  1527 tok  39.92 t/s stop
  mmlu_pro/3136                ok   156 tok  39.76 t/s stop
  mmlu_pro/3141                ok   140 tok  41.26 t/s stop
  mmlu_pro/3151                ok   143 tok  40.84 t/s stop
  mmlu_pro/3156                ok   123 tok  41.32 t/s stop
  mmlu_pro/3161                ok   115 tok  40.61 t/s stop
  mmlu_pro/3171                ok   146 tok  41.26 t/s stop
  mmlu_pro/3176                ok   293 tok  41.43 t/s stop
  mmlu_pro/3181                ok   131 tok  41.09 t/s stop
  mmlu_pro/3191                BAD  139 tok  41.55 t/s stop
  mmlu_pro/3196                ok   111 tok  40.63 t/s stop
  mmlu_pro/3201                ok   287 tok  40.64 t/s stop
  mmlu_pro/3212                ok   493 tok  40.88 t/s stop
  mmlu_pro/3217                ok   404 tok  40.71 t/s stop
  mmlu_pro/3222                ok   448 tok  38.77 t/s stop
  mmlu_pro/3994                ok  1414 tok  38.96 t/s stop
  mmlu_pro/3999                ok   961 tok  39.47 t/s stop
  mmlu_pro/4004                ok  2048 tok  39.03 t/s length
  mmlu_pro/4014                ok   866 tok  38.98 t/s stop
  mmlu_pro/4019                ok   619 tok  38.77 t/s stop
  mmlu_pro/4024                ok   729 tok  39.06 t/s stop
  mmlu_pro/4035                ok   684 tok  38.99 t/s stop
  mmlu_pro/4040                ok   938 tok  38.87 t/s stop
  mmlu_pro/4045                BAD 2048 tok  39.53 t/s length
  mmlu_pro/4055                BAD 2048 tok  39.36 t/s length
  mmlu_pro/4060                BAD 2048 tok  39.32 t/s length
  mmlu_pro/4065                BAD 2048 tok  38.86 t/s length
  mmlu_pro/4075                ok   345 tok  39.38 t/s stop
  mmlu_pro/4080                ok   389 tok  39.06 t/s stop
  mmlu_pro/4086                ok   464 tok  39.25 t/s stop
  mmlu_pro/4868                ok   109 tok  39.30 t/s stop
  mmlu_pro/4873                BAD  150 tok  40.97 t/s stop
  mmlu_pro/4878                ok   153 tok  40.33 t/s stop
  mmlu_pro/4888                ok    64 tok  38.20 t/s stop
  mmlu_pro/4893                BAD 1406 tok  40.17 t/s stop
  mmlu_pro/4898                ok   122 tok  40.62 t/s stop
  mmlu_pro/4908                ok   170 tok  41.19 t/s stop
  mmlu_pro/4913                ok    94 tok  40.17 t/s stop
  mmlu_pro/4918                BAD  544 tok  39.03 t/s stop
  mmlu_pro/4928                ok   132 tok  40.23 t/s stop
  mmlu_pro/4933                BAD  101 tok  39.63 t/s stop
  mmlu_pro/4938                ok   115 tok  41.05 t/s stop
  mmlu_pro/4948                ok   308 tok  41.63 t/s stop
  mmlu_pro/4953                BAD  113 tok  41.41 t/s stop
  mmlu_pro/4958                BAD  242 tok  41.91 t/s stop
  mmlu_pro/5743                BAD  174 tok  40.80 t/s stop
  mmlu_pro/5748                ok   116 tok  40.98 t/s stop
  mmlu_pro/5753                BAD  471 tok  40.48 t/s stop
  mmlu_pro/5763                ok    59 tok  39.04 t/s stop
  mmlu_pro/5768                ok   221 tok  41.34 t/s stop
  mmlu_pro/5773                BAD  733 tok  41.48 t/s stop
  mmlu_pro/5784                BAD 2048 tok  40.14 t/s length
  mmlu_pro/5789                ok   116 tok  40.82 t/s stop
  mmlu_pro/5794                BAD   97 tok  38.77 t/s stop
  mmlu_pro/5805                ok    90 tok  40.88 t/s stop
  mmlu_pro/5810                ok    95 tok  39.71 t/s stop
  mmlu_pro/5815                ok   117 tok  40.14 t/s stop
  mmlu_pro/5825                ok    54 tok  38.98 t/s stop
  mmlu_pro/5830                ok    95 tok  40.49 t/s stop
  mmlu_pro/5836                ok   741 tok  40.14 t/s stop
  mmlu_pro/6612                ok   159 tok  40.50 t/s stop
  mmlu_pro/6617                ok   259 tok  40.81 t/s stop
  mmlu_pro/6622                ok   415 tok  40.83 t/s stop
  mmlu_pro/6632                BAD 2048 tok  40.52 t/s length
  mmlu_pro/6637                ok   324 tok  40.82 t/s stop
  mmlu_pro/6642                ok   354 tok  40.58 t/s stop
  mmlu_pro/6652                ok    75 tok  39.05 t/s stop
  mmlu_pro/6657                BAD  104 tok  41.47 t/s stop
  mmlu_pro/6662                ok    61 tok  39.93 t/s stop
  mmlu_pro/6672                BAD  199 tok  41.75 t/s stop
  mmlu_pro/6677                ok   514 tok  41.17 t/s stop
  mmlu_pro/6682                ok   982 tok  41.06 t/s stop
  mmlu_pro/6692                ok   496 tok  41.40 t/s stop
  mmlu_pro/6698                BAD 2048 tok  40.24 t/s length
  mmlu_pro/6703                ok   353 tok  40.42 t/s stop
  mmlu_pro/7488                ok   397 tok  40.81 t/s stop
  mmlu_pro/7493                BAD  407 tok  41.43 t/s stop
  mmlu_pro/7498                BAD  416 tok  40.62 t/s stop
  mmlu_pro/7509                ok   515 tok  40.39 t/s stop
  mmlu_pro/7514                BAD  229 tok  41.29 t/s stop
  mmlu_pro/7519                ok   606 tok  40.76 t/s stop
  mmlu_pro/7529                ok   105 tok  40.16 t/s stop
  mmlu_pro/7534                ok   917 tok  39.85 t/s stop
  mmlu_pro/7539                BAD  546 tok  41.31 t/s stop
  mmlu_pro/7549                ok   140 tok  41.20 t/s stop
  mmlu_pro/7554                ok   492 tok  41.27 t/s stop
  mmlu_pro/7559                ok   123 tok  41.78 t/s stop
  mmlu_pro/7569                BAD  132 tok  41.79 t/s stop
  mmlu_pro/7574                ok  1584 tok  39.83 t/s stop
  mmlu_pro/7579                ok   101 tok  40.91 t/s stop
  mmlu_pro/8352                ok   115 tok  38.75 t/s stop
  mmlu_pro/8357                ok   664 tok  39.58 t/s stop
  mmlu_pro/8362                ok    72 tok  38.53 t/s stop
  mmlu_pro/8372                BAD 1137 tok  40.73 t/s stop
  mmlu_pro/8377                ok   608 tok  39.07 t/s stop
  mmlu_pro/8382                ok  1617 tok  40.07 t/s stop
  mmlu_pro/8392                ok   487 tok  39.68 t/s stop
  mmlu_pro/8397                BAD 2048 tok  39.70 t/s length
  mmlu_pro/8402                ok   328 tok  38.67 t/s stop
  mmlu_pro/8412                BAD  892 tok  39.44 t/s stop
  mmlu_pro/8417                BAD 2048 tok  40.04 t/s length
  mmlu_pro/8422                BAD 2048 tok  40.22 t/s length
  mmlu_pro/8432                ok   604 tok  39.55 t/s stop
  mmlu_pro/8437                ok   309 tok  39.63 t/s stop
  mmlu_pro/8442                ok   133 tok  39.42 t/s stop
  mmlu_pro/9213                ok    91 tok  39.86 t/s stop
  mmlu_pro/9218                BAD 2048 tok  40.08 t/s length
  mmlu_pro/9223                ok   527 tok  39.45 t/s stop
  mmlu_pro/9233                ok   539 tok  39.04 t/s stop
  mmlu_pro/9238                ok  1312 tok  38.84 t/s stop
  mmlu_pro/9243                ok  1590 tok  38.96 t/s stop
  mmlu_pro/9253                ok    88 tok  39.47 t/s stop
  mmlu_pro/9258                ok   419 tok  39.34 t/s stop
  mmlu_pro/9263                ok   327 tok  39.44 t/s stop
  mmlu_pro/9273                ok  1254 tok  40.11 t/s stop
  mmlu_pro/9278                ok   574 tok  39.41 t/s stop
  mmlu_pro/9283                ok   415 tok  38.99 t/s stop
  mmlu_pro/9293                ok   476 tok  39.44 t/s stop
  mmlu_pro/9298                BAD 2048 tok  39.62 t/s length
  mmlu_pro/9303                BAD 2048 tok  40.59 t/s length
  mmlu_pro/10078               ok   516 tok  39.27 t/s stop
  mmlu_pro/10083               ok  1363 tok  39.28 t/s stop
  mmlu_pro/10089               ok   262 tok  39.65 t/s stop
  mmlu_pro/10099               ok   803 tok  39.75 t/s stop
  mmlu_pro/10104               ok   487 tok  39.17 t/s stop
  mmlu_pro/10110               ok   936 tok  40.26 t/s stop
  mmlu_pro/10121               ok  1928 tok  39.34 t/s stop
  mmlu_pro/10126               ok  1137 tok  39.38 t/s stop
  mmlu_pro/10131               ok   388 tok  38.58 t/s stop
  mmlu_pro/10141               ok   234 tok  39.53 t/s stop
  mmlu_pro/10146               ok   352 tok  38.64 t/s stop
  mmlu_pro/10151               ok   412 tok  38.87 t/s stop
  mmlu_pro/10161               ok   583 tok  38.85 t/s stop
  mmlu_pro/10166               ok    95 tok  38.95 t/s stop
  mmlu_pro/10171               ok   131 tok  38.59 t/s stop
  mmlu_pro/10955               BAD 2048 tok  40.37 t/s length
  mmlu_pro/10961               BAD   99 tok  39.75 t/s stop
  mmlu_pro/10966               ok   269 tok  40.66 t/s stop
  mmlu_pro/10976               ok    81 tok  38.97 t/s stop
  mmlu_pro/10982               ok   189 tok  41.33 t/s stop
  mmlu_pro/10987               ok   955 tok  40.19 t/s stop
  mmlu_pro/10998               ok   109 tok  40.88 t/s stop
  mmlu_pro/11003               ok   343 tok  40.92 t/s stop
  mmlu_pro/11008               ok    80 tok  39.13 t/s stop
  mmlu_pro/11018               ok   117 tok  40.87 t/s stop
  mmlu_pro/11023               ok   122 tok  41.50 t/s stop
  mmlu_pro/11029               ok    66 tok  42.00 t/s stop
  mmlu_pro/11039               BAD  138 tok  40.39 t/s stop
  mmlu_pro/11044               ok   203 tok  40.32 t/s stop
  mmlu_pro/11049               ok   130 tok  40.91 t/s stop
  mmlu_pro/11825               BAD 2048 tok  39.23 t/s length
  mmlu_pro/11830               ok  1854 tok  39.06 t/s stop
  mmlu_pro/11835               ok   501 tok  39.29 t/s stop
  mmlu_pro/11845               ok   252 tok  39.03 t/s stop
  mmlu_pro/11850               BAD 2048 tok  39.33 t/s length
  mmlu_pro/11855               BAD 2048 tok  39.07 t/s length
  mmlu_pro/11865               BAD 2048 tok  39.86 t/s length
  mmlu_pro/11870               ok  1425 tok  39.64 t/s stop
  mmlu_pro/11875               BAD 2048 tok  39.46 t/s length
  mmlu_pro/11886               BAD 2048 tok  39.52 t/s length
  mmlu_pro/11891               BAD  277 tok  41.45 t/s stop
  mmlu_pro/11896               BAD 1481 tok  40.05 t/s stop
  mmlu_pro/11906               BAD 2048 tok  40.08 t/s length
  mmlu_pro/11911               ok   798 tok  39.02 t/s stop
  mmlu_pro/11916               BAD  963 tok  39.37 t/s stop
QUALITY[q36_iq2m_cache48] think=off | gsm8k  96.0% +- 1.4 (n=200) | mmlu_pro  71.4% +- 2.7 (n=280) | mean 439 tok, 38.0 t/s | truncated 34 | empty 0 | 5197s
    telemetry[qual_q36_iq2m_cache48]: GPU util avg  86% max 100% | power avg  73W max  88W /100W | PCIe->GPU avg  1.00 max  5.97 GB/s (~13 cap) | CPU busy  511% of 1200% | DRAM read avg   4.8 max   8.1 GB/s (~38 cap)
    vram: 3362 MiB
    preflight: governor=performance thp=[always] mem_avail=14483MiB swap_used=573MiB gpu=17MiB,68,P0
  gsm8k/50                     ok    93 tok  26.22 t/s stop
  gsm8k/51                     ok   151 tok  27.28 t/s stop
  gsm8k/52                     ok   123 tok  27.06 t/s stop
  gsm8k/53                     ok   204 tok  27.20 t/s stop
  gsm8k/54                     ok   101 tok  22.92 t/s stop
  gsm8k/55                     ok    80 tok  27.57 t/s stop
  gsm8k/56                     ok    63 tok  26.72 t/s stop
  gsm8k/57                     ok   192 tok  26.16 t/s stop
  gsm8k/58                     ok   165 tok  24.87 t/s stop
  gsm8k/59                     ok    66 tok  25.64 t/s stop
  gsm8k/60                     ok   157 tok  26.45 t/s stop
  gsm8k/61                     ok   128 tok  23.66 t/s stop
  gsm8k/62                     BAD  296 tok  27.04 t/s stop
  gsm8k/63                     ok   213 tok  27.08 t/s stop
  gsm8k/64                     ok   127 tok  26.77 t/s stop
  gsm8k/65                     ok   112 tok  20.24 t/s stop
  gsm8k/66                     ok   222 tok  26.36 t/s stop
  gsm8k/67                     ok   140 tok  27.61 t/s stop
  gsm8k/68                     ok   131 tok  27.06 t/s stop
  gsm8k/69                     ok   108 tok  27.35 t/s stop
  gsm8k/70                     ok   128 tok  25.13 t/s stop
  gsm8k/71                     ok   106 tok  25.99 t/s stop
  gsm8k/72                     ok    75 tok  23.54 t/s stop
  gsm8k/73                     ok   126 tok  24.49 t/s stop
  gsm8k/74                     ok   167 tok  22.78 t/s stop
  gsm8k/75                     ok   241 tok  27.23 t/s stop
  gsm8k/76                     ok   178 tok  26.70 t/s stop
  gsm8k/77                     ok   153 tok  27.54 t/s stop
  gsm8k/78                     ok   183 tok  24.29 t/s stop
  gsm8k/79                     ok    78 tok  27.83 t/s stop
  gsm8k/80                     ok   130 tok  22.09 t/s stop
  gsm8k/81                     ok    94 tok  27.12 t/s stop
  gsm8k/82                     ok   114 tok  27.90 t/s stop
  gsm8k/83                     ok    59 tok  26.44 t/s stop
  gsm8k/84                     ok   247 tok  27.41 t/s stop
  gsm8k/85                     BAD  367 tok  23.59 t/s stop
  gsm8k/86                     ok   106 tok  27.00 t/s stop
  gsm8k/87                     ok   274 tok  27.00 t/s stop
  gsm8k/88                     ok   129 tok  26.95 t/s stop
  gsm8k/89                     BAD  140 tok  21.54 t/s stop
  gsm8k/90                     ok   108 tok  27.38 t/s stop
  gsm8k/91                     ok    97 tok  26.78 t/s stop
  gsm8k/92                     ok   117 tok  27.03 t/s stop
  gsm8k/93                     ok   423 tok  24.10 t/s stop
  gsm8k/94                     ok   188 tok  24.58 t/s stop
  gsm8k/95                     ok   159 tok  26.31 t/s stop
  gsm8k/96                     ok    91 tok  26.92 t/s stop
  gsm8k/97                     ok   171 tok  26.73 t/s stop
  gsm8k/98                     ok   165 tok  23.56 t/s stop
  gsm8k/99                     ok   146 tok  25.74 t/s stop
  gsm8k/100                    ok   119 tok  28.41 t/s stop
  gsm8k/101                    ok   114 tok  26.31 t/s stop
  gsm8k/102                    ok   217 tok  26.55 t/s stop
  gsm8k/103                    ok   143 tok  22.05 t/s stop
  gsm8k/104                    ok   132 tok  27.04 t/s stop
  gsm8k/105                    ok    86 tok  26.65 t/s stop
  gsm8k/106                    ok   207 tok  27.55 t/s stop
  gsm8k/107                    ok   178 tok  28.42 t/s stop
  gsm8k/108                    ok   164 tok  23.29 t/s stop
  gsm8k/109                    ok   102 tok  27.48 t/s stop
  gsm8k/110                    ok   175 tok  26.44 t/s stop
  gsm8k/111                    ok   220 tok  27.04 t/s stop
  gsm8k/112                    ok    67 tok  22.36 t/s stop
  gsm8k/113                    ok    58 tok  22.67 t/s stop
  gsm8k/114                    ok   169 tok  26.52 t/s stop
  gsm8k/115                    ok   218 tok  27.13 t/s stop
  gsm8k/116                    ok   131 tok  27.29 t/s stop
  gsm8k/117                    ok    56 tok  27.55 t/s stop
  gsm8k/118                    ok    98 tok  22.31 t/s stop
  gsm8k/119                    BAD  768 tok  26.97 t/s length
  gsm8k/120                    ok    80 tok  18.84 t/s stop
  gsm8k/121                    ok   171 tok  24.21 t/s stop
  gsm8k/122                    ok   191 tok  27.54 t/s stop
  gsm8k/123                    ok   208 tok  27.36 t/s stop
  gsm8k/124                    ok   169 tok  26.20 t/s stop
  gsm8k/125                    ok   153 tok  23.04 t/s stop
  gsm8k/126                    ok    84 tok  26.42 t/s stop
  gsm8k/127                    ok    92 tok  27.23 t/s stop
  gsm8k/128                    ok   203 tok  27.69 t/s stop
  gsm8k/129                    ok   137 tok  27.14 t/s stop
  gsm8k/130                    ok   109 tok  21.91 t/s stop
  gsm8k/131                    ok    62 tok  28.78 t/s stop
  gsm8k/132                    ok   113 tok  26.66 t/s stop
  gsm8k/133                    ok    98 tok  27.60 t/s stop
  gsm8k/134                    ok    54 tok  28.41 t/s stop
  gsm8k/135                    ok   109 tok  26.55 t/s stop
  gsm8k/136                    ok    65 tok  26.95 t/s stop
  gsm8k/137                    ok   202 tok  23.97 t/s stop
  gsm8k/138                    ok   189 tok  27.33 t/s stop
  gsm8k/139                    ok   119 tok  27.41 t/s stop
  gsm8k/140                    ok   166 tok  28.64 t/s stop
  gsm8k/141                    ok   202 tok  25.69 t/s stop
  gsm8k/142                    ok    76 tok  24.60 t/s stop
  gsm8k/143                    ok   138 tok  27.32 t/s stop
  gsm8k/144                    ok   185 tok  26.41 t/s stop
  gsm8k/145                    ok   101 tok  27.10 t/s stop
  gsm8k/146                    ok   120 tok  27.93 t/s stop
  gsm8k/147                    BAD  768 tok  24.63 t/s length
  gsm8k/148                    ok   138 tok  22.47 t/s stop
  gsm8k/149                    ok   106 tok  27.19 t/s stop
  gsm8k/150                    ok   277 tok  26.91 t/s stop
  gsm8k/151                    ok   172 tok  26.60 t/s stop
  gsm8k/152                    ok    84 tok  25.93 t/s stop
  gsm8k/153                    ok   281 tok  25.70 t/s stop
  gsm8k/154                    ok   132 tok  27.49 t/s stop
  gsm8k/155                    ok   208 tok  26.47 t/s stop
  gsm8k/156                    ok   113 tok  23.70 t/s stop
  gsm8k/157                    ok   276 tok  26.74 t/s stop
  gsm8k/158                    ok   116 tok  27.38 t/s stop
  gsm8k/159                    BAD  126 tok  24.91 t/s stop
  gsm8k/160                    ok   115 tok  28.63 t/s stop
  gsm8k/161                    ok   174 tok  22.56 t/s stop
  gsm8k/162                    ok   154 tok  27.22 t/s stop
  gsm8k/163                    ok   175 tok  27.38 t/s stop
  gsm8k/164                    ok   245 tok  25.30 t/s stop
  gsm8k/165                    ok   144 tok  25.69 t/s stop
  gsm8k/166                    ok   110 tok  25.16 t/s stop
  gsm8k/167                    ok   275 tok  27.05 t/s stop
  gsm8k/168                    ok    66 tok  27.49 t/s stop
  gsm8k/169                    ok   119 tok  26.44 t/s stop
  gsm8k/170                    ok   103 tok  23.68 t/s stop
  gsm8k/171                    ok   113 tok  26.73 t/s stop
  gsm8k/172                    ok   121 tok  26.53 t/s stop
  gsm8k/173                    ok   155 tok  27.93 t/s stop
  gsm8k/174                    BAD  158 tok  27.68 t/s stop
  gsm8k/175                    ok   173 tok  24.71 t/s stop
  gsm8k/176                    ok   117 tok  27.02 t/s stop
  gsm8k/177                    ok   278 tok  27.39 t/s stop
  gsm8k/178                    ok   142 tok  27.33 t/s stop
  gsm8k/179                    ok    63 tok  24.06 t/s stop
  gsm8k/180                    ok   209 tok  26.74 t/s stop
  gsm8k/181                    ok   152 tok  25.47 t/s stop
  gsm8k/182                    ok   529 tok  24.24 t/s stop
  gsm8k/183                    ok   261 tok  26.51 t/s stop
  gsm8k/184                    ok   358 tok  27.31 t/s stop
  gsm8k/185                    ok    86 tok  21.80 t/s stop
  gsm8k/186                    ok   217 tok  21.86 t/s stop
  gsm8k/187                    BAD  258 tok  27.02 t/s stop
  gsm8k/188                    ok   176 tok  27.05 t/s stop
  gsm8k/189                    ok   218 tok  26.75 t/s stop
  gsm8k/190                    ok    58 tok  27.93 t/s stop
  gsm8k/191                    ok    68 tok  22.59 t/s stop
  gsm8k/192                    ok   193 tok  26.58 t/s stop
  gsm8k/193                    ok   179 tok  26.21 t/s stop
  gsm8k/194                    ok    83 tok  26.77 t/s stop
  gsm8k/195                    ok    91 tok  27.96 t/s stop
  gsm8k/196                    ok    92 tok  22.69 t/s stop
  gsm8k/197                    ok   108 tok  26.42 t/s stop
  gsm8k/198                    ok   156 tok  27.76 t/s stop
  gsm8k/199                    ok   265 tok  26.98 t/s stop
  mmlu_pro/508                 ok   107 tok  27.37 t/s stop
  mmlu_pro/513                 ok   219 tok  25.83 t/s stop
  mmlu_pro/518                 BAD  407 tok  25.30 t/s stop
  mmlu_pro/528                 ok   314 tok  23.73 t/s stop
  mmlu_pro/533                 ok   785 tok  26.82 t/s stop
  mmlu_pro/539                 ok   424 tok  24.84 t/s stop
  mmlu_pro/549                 ok   483 tok  27.54 t/s stop
  mmlu_pro/554                 BAD  416 tok  24.99 t/s stop
  mmlu_pro/559                 ok   308 tok  27.16 t/s stop
  mmlu_pro/569                 ok   285 tok  25.68 t/s stop
  mmlu_pro/574                 ok  1310 tok  24.27 t/s stop
  mmlu_pro/579                 ok   803 tok  25.06 t/s stop
  mmlu_pro/589                 ok   171 tok  26.39 t/s stop
  mmlu_pro/594                 BAD  274 tok  24.82 t/s stop
  mmlu_pro/599                 ok   499 tok  26.17 t/s stop
  mmlu_pro/1380                BAD  213 tok  22.11 t/s stop
  mmlu_pro/1385                BAD  546 tok  25.55 t/s stop
  mmlu_pro/1390                BAD  475 tok  25.27 t/s stop
  mmlu_pro/1401                BAD 1296 tok  23.61 t/s stop
  mmlu_pro/1406                BAD  338 tok  26.17 t/s stop
  mmlu_pro/1411                BAD  399 tok  23.63 t/s stop
  mmlu_pro/1423                ok   407 tok  24.32 t/s stop
  mmlu_pro/1428                BAD  367 tok  26.14 t/s stop
  mmlu_pro/1433                BAD  402 tok  26.22 t/s stop
  mmlu_pro/1443                BAD  540 tok  22.59 t/s stop
  mmlu_pro/1448                ok   428 tok  25.03 t/s stop
  mmlu_pro/1453                ok   396 tok  25.98 t/s stop
  mmlu_pro/1463                BAD  943 tok  24.73 t/s stop
  mmlu_pro/1469                ok   413 tok  25.06 t/s stop
  mmlu_pro/1474                BAD 1710 tok  23.94 t/s stop
  mmlu_pro/2253                ok   231 tok  25.96 t/s stop
  mmlu_pro/2258                ok   256 tok  23.24 t/s stop
  mmlu_pro/2263                ok   183 tok  21.84 t/s stop
  mmlu_pro/2273                ok   223 tok  24.77 t/s stop
  mmlu_pro/2278                ok   111 tok  26.80 t/s stop
  mmlu_pro/2283                ok   261 tok  26.07 t/s stop
  mmlu_pro/2293                ok    83 tok  24.45 t/s stop
  mmlu_pro/2298                ok   187 tok  25.71 t/s stop
  mmlu_pro/2303                ok   241 tok  26.80 t/s stop
  mmlu_pro/2313                ok   261 tok  24.66 t/s stop
  mmlu_pro/2318                ok   282 tok  23.85 t/s stop
  mmlu_pro/2323                ok   292 tok  26.72 t/s stop
  mmlu_pro/2333                ok   224 tok  26.00 t/s stop
  mmlu_pro/2338                ok   118 tok  21.03 t/s stop
  mmlu_pro/2343                BAD  374 tok  24.63 t/s stop
  mmlu_pro/3131                BAD  410 tok  24.60 t/s stop
  mmlu_pro/3136                ok   239 tok  23.54 t/s stop
  mmlu_pro/3141                ok   373 tok  25.50 t/s stop
  mmlu_pro/3151                ok   204 tok  26.20 t/s stop
  mmlu_pro/3156                ok   386 tok  23.04 t/s stop
  mmlu_pro/3161                ok   327 tok  26.66 t/s stop
  mmlu_pro/3171                ok   321 tok  24.39 t/s stop
  mmlu_pro/3176                ok   232 tok  27.74 t/s stop
  mmlu_pro/3181                ok   385 tok  24.56 t/s stop
  mmlu_pro/3191                BAD  373 tok  23.56 t/s stop
  mmlu_pro/3196                ok   230 tok  26.25 t/s stop
  mmlu_pro/3201                ok   276 tok  27.39 t/s stop
  mmlu_pro/3212                ok   425 tok  24.20 t/s stop
  mmlu_pro/3217                ok   209 tok  26.64 t/s stop
  mmlu_pro/3222                ok   358 tok  26.58 t/s stop
  mmlu_pro/3994                ok  1146 tok  26.77 t/s stop
  mmlu_pro/3999                ok   799 tok  28.01 t/s stop
  mmlu_pro/4004                BAD  752 tok  27.03 t/s stop
  mmlu_pro/4014                ok   661 tok  26.51 t/s stop
  mmlu_pro/4019                ok   550 tok  27.19 t/s stop
  mmlu_pro/4024                ok   638 tok  26.67 t/s stop
  mmlu_pro/4035                ok   586 tok  25.75 t/s stop
  mmlu_pro/4040                ok   564 tok  26.81 t/s stop
  mmlu_pro/4045                ok   812 tok  27.51 t/s stop
  mmlu_pro/4055                BAD 1763 tok  25.77 t/s stop
  mmlu_pro/4060                ok  1241 tok  27.78 t/s stop
  mmlu_pro/4065                ok   714 tok  24.60 t/s stop
  mmlu_pro/4075                ok   233 tok  27.36 t/s stop
  mmlu_pro/4080                ok   302 tok  26.26 t/s stop
  mmlu_pro/4086                ok   473 tok  25.78 t/s stop
  mmlu_pro/4868                ok   104 tok  25.57 t/s stop
  mmlu_pro/4873                ok   133 tok  26.06 t/s stop
  mmlu_pro/4878                ok   266 tok  23.99 t/s stop
  mmlu_pro/4888                ok   436 tok  23.91 t/s stop
  mmlu_pro/4893                BAD  925 tok  24.09 t/s stop
  mmlu_pro/4898                ok   375 tok  24.36 t/s stop
  mmlu_pro/4908                ok    86 tok  26.03 t/s stop
  mmlu_pro/4913                BAD  115 tok  26.70 t/s stop
  mmlu_pro/4918                BAD  285 tok  25.09 t/s stop
  mmlu_pro/4928                ok   282 tok  25.49 t/s stop
  mmlu_pro/4933                BAD  250 tok  21.43 t/s stop
  mmlu_pro/4938                ok   273 tok  25.70 t/s stop
  mmlu_pro/4948                ok   262 tok  23.55 t/s stop
  mmlu_pro/4953                BAD  140 tok  26.05 t/s stop
  mmlu_pro/4958                BAD  257 tok  26.08 t/s stop
  mmlu_pro/5743                ok   284 tok  22.98 t/s stop
  mmlu_pro/5748                ok   114 tok  28.25 t/s stop
  mmlu_pro/5753                BAD  263 tok  25.39 t/s stop
  mmlu_pro/5763                ok   161 tok  26.19 t/s stop
  mmlu_pro/5768                ok   156 tok  26.75 t/s stop
  mmlu_pro/5773                BAD  423 tok  24.83 t/s stop
  mmlu_pro/5784                ok   800 tok  25.46 t/s stop
  mmlu_pro/5789                ok    63 tok  26.11 t/s stop
  mmlu_pro/5794                BAD  209 tok  25.49 t/s stop
  mmlu_pro/5805                ok    86 tok  27.05 t/s stop
  mmlu_pro/5810                ok    85 tok  25.37 t/s stop
  mmlu_pro/5815                ok    78 tok  26.54 t/s stop
  mmlu_pro/5825                ok    59 tok  25.08 t/s stop
  mmlu_pro/5830                ok    43 tok  25.40 t/s stop
  mmlu_pro/5836                ok   378 tok  24.32 t/s stop
  mmlu_pro/6612                ok   367 tok  26.81 t/s stop
  mmlu_pro/6617                ok   302 tok  23.72 t/s stop
  mmlu_pro/6622                ok   159 tok  27.78 t/s stop
  mmlu_pro/6632                BAD  970 tok  25.02 t/s stop
  mmlu_pro/6637                ok   296 tok  24.20 t/s stop
  mmlu_pro/6642                ok   278 tok  25.79 t/s stop
  mmlu_pro/6652                BAD  202 tok  25.44 t/s stop
  mmlu_pro/6657                ok   355 tok  25.88 t/s stop
  mmlu_pro/6662                ok   178 tok  25.60 t/s stop
  mmlu_pro/6672                BAD  503 tok  24.12 t/s stop
  mmlu_pro/6677                ok   403 tok  26.27 t/s stop
  mmlu_pro/6682                BAD  678 tok  25.10 t/s stop
  mmlu_pro/6692                ok   488 tok  24.94 t/s stop
  mmlu_pro/6698                ok   420 tok  25.38 t/s stop
  mmlu_pro/6703                ok   256 tok  26.77 t/s stop
  mmlu_pro/7488                ok   314 tok  23.60 t/s stop
  mmlu_pro/7493                BAD  481 tok  26.50 t/s stop
  mmlu_pro/7498                BAD  502 tok  25.53 t/s stop
  mmlu_pro/7509                ok   317 tok  23.11 t/s stop
  mmlu_pro/7514                BAD  223 tok  26.69 t/s stop
  mmlu_pro/7519                ok   215 tok  25.77 t/s stop
  mmlu_pro/7529                ok   154 tok  22.31 t/s stop
  mmlu_pro/7534                ok  1330 tok  25.55 t/s stop
  mmlu_pro/7539                BAD  364 tok  23.69 t/s stop
  mmlu_pro/7549                ok   170 tok  27.30 t/s stop
  mmlu_pro/7554                ok   253 tok  25.68 t/s stop
  mmlu_pro/7559                ok   180 tok  27.43 t/s stop
  mmlu_pro/7569                ok   446 tok  23.12 t/s stop
  mmlu_pro/7574                ok   541 tok  23.47 t/s stop
  mmlu_pro/7579                ok   284 tok  26.02 t/s stop
  mmlu_pro/8352                ok   277 tok  27.77 t/s stop
  mmlu_pro/8357                ok   425 tok  24.71 t/s stop
  mmlu_pro/8362                ok   172 tok  27.55 t/s stop
  mmlu_pro/8372                BAD  549 tok  26.67 t/s stop
  mmlu_pro/8377                ok   465 tok  24.65 t/s stop
  mmlu_pro/8382                ok   644 tok  26.00 t/s stop
  mmlu_pro/8392                ok   476 tok  28.08 t/s stop
  mmlu_pro/8397                ok   952 tok  28.54 t/s stop
  mmlu_pro/8402                ok   353 tok  27.14 t/s stop
  mmlu_pro/8412                BAD  621 tok  27.63 t/s stop
  mmlu_pro/8417                BAD 2048 tok  29.63 t/s length
  mmlu_pro/8422                ok  1169 tok  27.76 t/s stop
  mmlu_pro/8432                ok   527 tok  26.66 t/s stop
  mmlu_pro/8437                ok   308 tok  27.41 t/s stop
  mmlu_pro/8442                ok   322 tok  23.85 t/s stop
  mmlu_pro/9213                ok   167 tok  27.61 t/s stop
  mmlu_pro/9218                ok   520 tok  27.22 t/s stop
  mmlu_pro/9223                ok   697 tok  28.09 t/s stop
  mmlu_pro/9233                ok   563 tok  24.93 t/s stop
  mmlu_pro/9238                ok  1248 tok  25.11 t/s stop
  mmlu_pro/9243                ok  1142 tok  27.10 t/s stop
  mmlu_pro/9253                ok   206 tok  23.91 t/s stop
  mmlu_pro/9258                ok   335 tok  27.38 t/s stop
  mmlu_pro/9263                ok   346 tok  25.73 t/s stop
  mmlu_pro/9273                ok  1724 tok  27.50 t/s stop
  mmlu_pro/9278                ok   430 tok  24.45 t/s stop
  mmlu_pro/9283                ok   318 tok  26.93 t/s stop
  mmlu_pro/9293                ok   407 tok  26.44 t/s stop
  mmlu_pro/9298                BAD 2048 tok  25.59 t/s length
  mmlu_pro/9303                BAD  393 tok  24.58 t/s stop
  mmlu_pro/10078               ok   793 tok  26.70 t/s stop
  mmlu_pro/10083               ok   543 tok  27.24 t/s stop
  mmlu_pro/10089               ok   351 tok  24.65 t/s stop
  mmlu_pro/10099               ok   525 tok  24.91 t/s stop
  mmlu_pro/10104               ok   362 tok  25.82 t/s stop
  mmlu_pro/10110               ok   538 tok  28.35 t/s stop
  mmlu_pro/10121               BAD 1614 tok  25.60 t/s stop
  mmlu_pro/10126               ok   626 tok  25.72 t/s stop
  mmlu_pro/10131               ok   313 tok  26.68 t/s stop
  mmlu_pro/10141               ok   171 tok  26.69 t/s stop
  mmlu_pro/10146               BAD  325 tok  25.58 t/s stop
  mmlu_pro/10151               ok   431 tok  25.83 t/s stop
  mmlu_pro/10161               ok   322 tok  28.26 t/s stop
  mmlu_pro/10166               ok   210 tok  25.98 t/s stop
  mmlu_pro/10171               ok   168 tok  28.00 t/s stop
  mmlu_pro/10955               ok   587 tok  28.11 t/s stop
  mmlu_pro/10961               BAD  137 tok  27.43 t/s stop
  mmlu_pro/10966               ok   175 tok  26.01 t/s stop
  mmlu_pro/10976               ok   104 tok  25.74 t/s stop
  mmlu_pro/10982               ok   214 tok  26.96 t/s stop
  mmlu_pro/10987               ok   507 tok  23.01 t/s stop
  mmlu_pro/10998               ok   312 tok  26.00 t/s stop
  mmlu_pro/11003               ok   424 tok  25.40 t/s stop
  mmlu_pro/11008               ok    88 tok  25.89 t/s stop
  mmlu_pro/11018               ok    89 tok  26.92 t/s stop
  mmlu_pro/11023               BAD  393 tok  25.76 t/s stop
  mmlu_pro/11029               ok   113 tok  27.65 t/s stop
  mmlu_pro/11039               BAD  322 tok  26.06 t/s stop
  mmlu_pro/11044               ok   224 tok  26.13 t/s stop
  mmlu_pro/11049               BAD  219 tok  26.75 t/s stop
  mmlu_pro/11825               ok   667 tok  27.28 t/s stop
  mmlu_pro/11830               ok  1006 tok  26.47 t/s stop
  mmlu_pro/11835               ok   576 tok  27.98 t/s stop
  mmlu_pro/11845               ok   397 tok  27.40 t/s stop
  mmlu_pro/11850               ok  1208 tok  25.98 t/s stop
  mmlu_pro/11855               BAD 2048 tok  24.43 t/s length
  mmlu_pro/11865               BAD  927 tok  27.29 t/s stop
  mmlu_pro/11870               ok   600 tok  26.37 t/s stop
  mmlu_pro/11875               BAD 2048 tok  27.21 t/s length
  mmlu_pro/11886               BAD 2048 tok  27.21 t/s length
  mmlu_pro/11891               BAD  407 tok  27.19 t/s stop
  mmlu_pro/11896               ok  1002 tok  25.09 t/s stop
  mmlu_pro/11906               ok   805 tok  27.06 t/s stop
  mmlu_pro/11911               ok   350 tok  23.30 t/s stop
  mmlu_pro/11916               BAD  520 tok  26.69 t/s stop
QUALITY[g4_iq3m_cache16] think=off | gsm8k  96.0% +- 1.4 (n=200) | mmlu_pro  76.4% +- 2.5 (n=280) | mean 339 tok, 25.1 t/s | truncated 8 | empty 0 | 6121s
    telemetry[qual_g4_iq3m_cache16]: GPU util avg  76% max 100% | power avg  69W max  94W /100W | PCIe->GPU avg  1.86 max  9.19 GB/s (~13 cap) | CPU busy  533% of 1200% | DRAM read avg   7.6 max  11.1 GB/s (~38 cap)
    vram: 3506 MiB
H2QUAL_DONE
