    preflight: governor=performance thp=[always] compact=0/0 mem_avail=14692MiB swap_used=275MiB gpu=17MiB,44,P8
--- 0. BUILD K2q6e | 00:19:33
    spliced 1 tensors from donor
      token_embd.weight IQ3_S->Q6_K
--- 1. KLD K2q6e | 00:22:33
  k2q6e: chunk PPL ln(PPL(Q)/PPL(base)) KL Divergence Δp RMS Same top p Mean KLD: 0.112302 ± 0.003445 Same top p: 86.608 ± 0.435 % 
--- 2. SPEED specbench (n3): K2 c26 | K2q6 c20 | K2q6 c21 (2 rounds) | 00:25:59
##### k2q6b_k2c26_a | 00:26:01
    k2q6b_k2c26_a  code    295 tok | wall 52.71 t/s | decode 60.87 t/s | prefill   57.3 t/s | accept 205/273=0.75 
    k2q6b_k2c26_a  reason  300 tok | wall 52.08 t/s | decode 60.47 t/s | prefill   73.7 t/s | accept 208/273=0.76 
    k2q6b_k2c26_a  edit    300 tok | wall 43.56 t/s | decode 70.19 t/s | prefill  143.6 t/s | accept 223/226=0.99 
    k2q6b_k2c26_a  long    300 tok | wall 28.19 t/s | decode 49.89 t/s | prefill  469.8 t/s | accept 192/320=0.60 
    hit rate 47.8% 
##### k2q6b_q6c20_a | 00:26:48
    k2q6b_q6c20_a  code    300 tok | wall 55.57 t/s | decode 64.19 t/s | prefill   58.7 t/s | accept 207/273=0.76 
    k2q6b_q6c20_a  reason  300 tok | wall 55.90 t/s | decode 65.40 t/s | prefill   75.8 t/s | accept 214/253=0.85 
    k2q6b_q6c20_a  edit    300 tok | wall 44.03 t/s | decode 70.37 t/s | prefill  147.2 t/s | accept 223/226=0.99 
    k2q6b_q6c20_a  long    300 tok | wall 28.12 t/s | decode 48.76 t/s | prefill  481.5 t/s | accept 189/329=0.57 
    hit rate 42.7% 
##### k2q6b_q6c21_a | 00:27:33
    k2q6b_q6c21_a  code    300 tok | wall 56.00 t/s | decode 64.29 t/s | prefill   61.6 t/s | accept 208/272=0.76 
    k2q6b_q6c21_a  reason  300 tok | wall 56.37 t/s | decode 66.06 t/s | prefill   75.5 t/s | accept 214/254=0.84 
    k2q6b_q6c21_a  edit    300 tok | wall 43.79 t/s | decode 69.93 t/s | prefill  146.6 t/s | accept 223/227=0.98 
    k2q6b_q6c21_a  long    300 tok | wall 28.42 t/s | decode 49.77 t/s | prefill  480.1 t/s | accept 189/328=0.58 
    hit rate 44.1% 
##### k2q6b_k2c26_b | 00:28:17
    k2q6b_k2c26_b  code    274 tok | wall 53.39 t/s | decode 62.49 t/s | prefill   56.9 t/s | accept 192/249=0.77 
    k2q6b_k2c26_b  reason  300 tok | wall 51.52 t/s | decode 59.69 t/s | prefill   73.9 t/s | accept 205/279=0.73 
    k2q6b_k2c26_b  edit    300 tok | wall 43.68 t/s | decode 70.53 t/s | prefill  143.6 t/s | accept 223/226=0.99 
    k2q6b_k2c26_b  long    300 tok | wall 28.20 t/s | decode 50.09 t/s | prefill  467.9 t/s | accept 192/318=0.60 
    hit rate 48.0% 
##### k2q6b_q6c20_b | 00:29:02
    k2q6b_q6c20_b  code    300 tok | wall 54.95 t/s | decode 63.35 t/s | prefill   58.7 t/s | accept 208/272=0.76 
    k2q6b_q6c20_b  reason  300 tok | wall 55.46 t/s | decode 64.83 t/s | prefill   75.5 t/s | accept 213/255=0.84 
    k2q6b_q6c20_b  edit    300 tok | wall 43.82 t/s | decode 69.83 t/s | prefill  147.2 t/s | accept 223/226=0.99 
    k2q6b_q6c20_b  long    300 tok | wall 28.01 t/s | decode 48.61 t/s | prefill  478.9 t/s | accept 190/327=0.58 
    hit rate 42.5% 
##### k2q6b_q6c21_b | 00:29:48
    k2q6b_q6c21_b  code    300 tok | wall 57.35 t/s | decode 66.51 t/s | prefill   59.1 t/s | accept 210/266=0.79 
    k2q6b_q6c21_b  reason  300 tok | wall 56.92 t/s | decode 66.91 t/s | prefill   75.0 t/s | accept 214/253=0.85 
    k2q6b_q6c21_b  edit    300 tok | wall 44.40 t/s | decode 71.34 t/s | prefill  147.1 t/s | accept 223/227=0.98 
    k2q6b_q6c21_b  long    300 tok | wall 28.32 t/s | decode 49.65 t/s | prefill  477.8 t/s | accept 190/326=0.58 
    hit rate 43.8% 
--- 3. 9.3k (n2): K2 c22 | K2q6 c18 | K2q6 c20 (2 rounds) | 00:30:30
    k2q6b_pf_k2c22_a: prompt 9279 tok @ 495.7 t/s | decode 128 tok @ 53.74 t/s | wall 21.1 s | 
    k2q6b_pf_q6c18_a: prompt 9279 tok @ 510.8 t/s | decode 128 tok @ 55.59 t/s | wall 20.5 s | 
    k2q6b_pf_q6c20_a: prompt 9279 tok @ 510.6 t/s | decode 128 tok @ 54.82 t/s | wall 20.5 s | 
    k2q6b_pf_k2c22_b: prompt 9279 tok @ 496.8 t/s | decode 128 tok @ 54.80 t/s | wall 21.0 s | 
    k2q6b_pf_q6c18_b: prompt 9279 tok @ 510.5 t/s | decode 128 tok @ 55.16 t/s | wall 20.5 s | 
    k2q6b_pf_q6c20_b: prompt 9279 tok @ 510.8 t/s | decode 128 tok @ 54.43 t/s | wall 20.6 s | 
  (B) KLD K2q6 0.114607 top 86.755 | K2q6e 0.112302 top 86.608 -> -2.01% -> NO
  (A) specbench n3: k2c26 60.53 (+0.0%) PASS | q6c20 61.92 (+2.3%) PASS | q6c21 63.06 (+4.2%) PASS (K2 spread 0.74); OOM arms: []
  (A) 9.3k decode n2: k2c22 [53.73673400824415, 54.79655377138359] PASS | q6c18 [55.59217927471028, 55.16038424636799] PASS | q6c20 [54.81831397858373, 54.43282496503656] PASS
K2Q6B_DONE
