    preflight: governor=performance thp=[always] mem_avail=14561MiB swap_used=121MiB gpu=17MiB,44,P8
##### reference ub 128 | 05:28:54
    8.32.175.845 I Final estimate: PPL = 6.3712 +/- 0.13753
##### ub 2048 vs ub 128 | 05:37:28
    chunk             PPL               ln(PPL(Q)/PPL(base))          KL Divergence              Δp RMS            Same top
    Mean PPL(Q)                   :   6.365230 ±   0.137332
    Mean PPL(Q)/PPL(base)         :   0.999247 ±   0.001045
    Mean PPL(Q)-PPL(base)         :  -0.004797 ±   0.006660
    Mean    KLD:   0.005550 ±   0.000227
    Maximum KLD:   2.390243
    99.0%   KLD:   0.049044
    Same top p: 96.913 ± 0.156 %
##### ub 512 vs ub 128 | 05:39:49
    chunk             PPL               ln(PPL(Q)/PPL(base))          KL Divergence              Δp RMS            Same top
    Mean PPL(Q)                   :   6.373499 ±   0.137583
    Mean PPL(Q)/PPL(base)         :   1.000545 ±   0.001146
    Mean PPL(Q)-PPL(base)         :   0.003471 ±   0.007300
    Mean    KLD:   0.006332 ±   0.000602
    Maximum KLD:   5.496055
    99.0%   KLD:   0.052169
    Same top p: 96.750 ± 0.160 %
##### ub 128 vs ub 128 | 05:43:54
    chunk             PPL               ln(PPL(Q)/PPL(base))          KL Divergence              Δp RMS            Same top
    Mean PPL(Q)                   :   6.371224 ±   0.137530
    Mean PPL(Q)/PPL(base)         :   1.000188 ±   0.000115
    Mean PPL(Q)-PPL(base)         :   0.001196 ±   0.000737
    Mean    KLD:  -0.000000 ±   0.000000
    Maximum KLD:   0.000061
    99.0%   KLD:   0.000036
    Same top p: 100.000 ± 0.000 %
    (ub 128 vs itself = the run-to-run floor of this measurement)
PMUX4_DONE
