    preflight: governor=performance thp=[always] mem_avail=14543MiB swap_used=262MiB gpu=17MiB,47,P8
--- 0. BUILD (apply research/patches/tu116 to the ov tree; idempotent) | 06:01:42
    applied: 0011-perf-GGML_CUDA_FA_NO_MMA-FlashAttention-never-select.patch
    applied: 0012-perf-GGML_CUDA_MMQ_MOE_EXPERT_COLS-size-MoE-MMQ-tile.patch
    applied: 0013-perf-sched-uploads-the-whole-MoE-weight-tensor-witho.patch
    applied: 0014-perf-sched-skips-the-host-sync-before-an-input-copy-.patch
    fa_tile (GGML_CUDA_FA_NO_MMA=1 FLASH_ATTN_EXT):   3979/3979 tests passed rc=0
    expcols (GGML_CUDA_MMQ_MOE_EXPERT_COLS=1 MUL_MAT_ID):   929/929 tests passed rc=0
--- 1. LONG-PROMPT PREFILL (9,279 tok; -c 12288, cache 22, MTP head) | 06:04:31
    [GGML_SCHED_MOE_READBACK=1 GGML_SCHED_SYNC_BEFORE_COPY=1] tu1_ubp4096_old: prompt 9279 tok @ 352.6 t/s | decode 128 tok @ 49.89 t/s | wall 28.9 s
    [GGML_SCHED_MOE_READBACK=1] tu1_ubp4096_rb: prompt 9279 tok @ 350.1 t/s | decode 128 tok @ 47.14 t/s | wall 29.7 s
    [default] tu1_ubp4096_full: prompt 9279 tok @ 347.5 t/s | decode 128 tok @ 49.39 t/s | wall 29.3 s
    [GGML_CUDA_FA_NO_MMA=1] tu1_ubp4096_fa: prompt 9279 tok @ 448.9 t/s | decode 128 tok @ 52.41 t/s | wall 23.1 s
    [default] tu1_ub128: prompt 9279 tok @ 110.2 t/s | decode 128 tok @ 45.01 t/s | wall 87.1 s
    [GGML_CUDA_MMQ_MOE_EXPERT_COLS=1] tu1_ub128_expcols: prompt 9279 tok @ 119.9 t/s | decode 128 tok @ 47.57 t/s | wall 80.1 s
    [GGML_CUDA_FA_NO_MMA=1 GGML_CUDA_MMQ_MOE_EXPERT_COLS=1] tu1_ubp4096_all: prompt 9279 tok @ 456.1 t/s | decode 128 tok @ 52.13 t/s | wall 22.8 s
--- 2. DECODE (specbench, ov build, prefill mode on; FA MMA vs FA tile interleaved) | 06:11:11
##### tu1_mma_a | env: none
    preflight: governor=performance thp=[always] mem_avail=14580MiB swap_used=277MiB gpu=17MiB,58,P0
tu1_mma_a      code    272 tok | wall 49.42 t/s | decode 57.31 t/s | prefill   56.1 t/s | accept 168/206=0.82    | vram 3434 MiB | '```python\nfrom collections import OrderedDict\nfr'
tu1_mma_a      reason  300 tok | wall 51.02 t/s | decode 59.09 t/s | prefill   73.4 t/s | accept 190/216=0.88    | vram 3434 MiB | 'To determine when the second train catches the f'
tu1_mma_a      edit    300 tok | wall 39.73 t/s | decode 61.09 t/s | prefill  142.1 t/s | accept 198/202=0.98    | vram 3434 MiB | '```python\ndef parse_records(path, sep=",", skip_'
tu1_mma_a      long    300 tok | wall 24.57 t/s | decode 47.98 t/s | prefill  365.1 t/s | accept 171/256=0.67    | vram 3434 MiB | 'Here is the 6-bullet summary of the document:\n\n*'
    telemetry[tu1_mma_a]: GPU util avg  79% max 100% | power avg  74W max  86W /100W | PCIe->GPU avg  2.83 max 11.32 GB/s (~13 cap) | CPU busy  467% of 1200% | DRAM read avg   9.0 max  12.8 GB/s (~38 cap)
##### tu1_tile_a | env: GGML_CUDA_FA_NO_MMA=1
    preflight: governor=performance thp=[always] mem_avail=14582MiB swap_used=279MiB gpu=17MiB,58,P0
tu1_tile_a     code    300 tok | wall 48.46 t/s | decode 55.13 t/s | prefill   56.7 t/s | accept 190/216=0.88    | vram 3434 MiB | '```python\nfrom collections import OrderedDict\nfr'
tu1_tile_a     reason  300 tok | wall 48.70 t/s | decode 56.31 t/s | prefill   70.8 t/s | accept 187/222=0.84    | vram 3434 MiB | 'To determine when the second train catches the f'
tu1_tile_a     edit    300 tok | wall 37.67 t/s | decode 56.38 t/s | prefill  141.9 t/s | accept 198/202=0.98    | vram 3434 MiB | '```python\ndef parse_records(path, sep=",", skip_'
tu1_tile_a     long    300 tok | wall 24.27 t/s | decode 44.05 t/s | prefill  391.7 t/s | accept 171/255=0.67    | vram 3434 MiB | 'Here is the 6-bullet summary of the document:\n\n*'
    FOREIGN CPU [tu1_tile_a]: avg 83% max 180% of one core, top 'kcompactd0' -- speed numbers in this window are contaminated
    telemetry[tu1_tile_a]: GPU util avg  76% max 100% | power avg  74W max  87W /100W | PCIe->GPU avg  2.52 max  7.17 GB/s (~13 cap) | CPU busy  540% of 1200% | DRAM read avg   8.9 max  12.6 GB/s (~38 cap)
##### tu1_sync_a | env: GGML_SCHED_SYNC_BEFORE_COPY=1
    preflight: governor=performance thp=[always] mem_avail=14556MiB swap_used=279MiB gpu=17MiB,58,P0
tu1_sync_a     code    300 tok | wall 47.13 t/s | decode 53.46 t/s | prefill   56.3 t/s | accept 189/218=0.87    | vram 3434 MiB | '```python\nfrom typing import Optional\n\n\nclass LR'
tu1_sync_a     reason  300 tok | wall 47.44 t/s | decode 54.33 t/s | prefill   73.3 t/s | accept 188/220=0.85    | vram 3434 MiB | 'To determine when the second train catches the f'
tu1_sync_a     edit    300 tok | wall 38.55 t/s | decode 58.62 t/s | prefill  140.7 t/s | accept 198/202=0.98    | vram 3434 MiB | '```python\ndef parse_records(path, sep=",", skip_'
tu1_sync_a     long    300 tok | wall 24.70 t/s | decode 48.33 t/s | prefill  366.9 t/s | accept 174/248=0.70    | vram 3434 MiB | 'Here is the 6-bullet summary of the document:\n\n*'
    FOREIGN CPU [tu1_sync_a]: avg 72% max 192% of one core, top 'kcompactd0' -- speed numbers in this window are contaminated
    telemetry[tu1_sync_a]: GPU util avg  77% max 100% | power avg  74W max  85W /100W | PCIe->GPU avg  2.23 max 12.51 GB/s (~13 cap) | CPU busy  524% of 1200% | DRAM read avg   8.9 max  12.3 GB/s (~38 cap)
##### tu1_mma_b | env: none
    preflight: governor=performance thp=[always] mem_avail=14556MiB swap_used=279MiB gpu=17MiB,58,P0
tu1_mma_b      code    300 tok | wall 51.76 t/s | decode 59.50 t/s | prefill   56.4 t/s | accept 189/218=0.87    | vram 3434 MiB | '```python\nfrom typing import Optional\n\n\nclass LR'
tu1_mma_b      reason  300 tok | wall 50.92 t/s | decode 58.78 t/s | prefill   74.8 t/s | accept 189/218=0.87    | vram 3434 MiB | 'To determine when the second train catches the f'
tu1_mma_b      edit    300 tok | wall 38.07 t/s | decode 57.25 t/s | prefill  142.0 t/s | accept 198/202=0.98    | vram 3434 MiB | '```python\ndef parse_records(path, sep=",", skip_'
tu1_mma_b      long    300 tok | wall 24.10 t/s | decode 46.21 t/s | prefill  365.4 t/s | accept 169/260=0.65    | vram 3434 MiB | 'Here is the 6-bullet summary of the document:\n\n*'
    FOREIGN CPU [tu1_mma_b]: avg 62% max 123% of one core, top 'kcompactd0' -- speed numbers in this window are contaminated
    telemetry[tu1_mma_b]: GPU util avg  79% max 100% | power avg  75W max  87W /100W | PCIe->GPU avg  1.98 max  7.38 GB/s (~13 cap) | CPU busy  510% of 1200% | DRAM read avg   8.9 max  12.3 GB/s (~38 cap)
##### tu1_tile_b | env: GGML_CUDA_FA_NO_MMA=1
    preflight: governor=performance thp=[always] mem_avail=14576MiB swap_used=279MiB gpu=17MiB,58,P0
tu1_tile_b     code    300 tok | wall 48.17 t/s | decode 54.66 t/s | prefill   57.4 t/s | accept 190/218=0.87    | vram 3434 MiB | '```python\nfrom collections import OrderedDict\nfr'
tu1_tile_b     reason  300 tok | wall 46.90 t/s | decode 53.85 t/s | prefill   71.3 t/s | accept 189/218=0.87    | vram 3434 MiB | 'To determine when the second train catches the f'
tu1_tile_b     edit    300 tok | wall 39.78 t/s | decode 60.88 t/s | prefill  143.5 t/s | accept 199/200=0.99    | vram 3434 MiB | '```python\ndef parse_records(path, sep=",", skip_'
tu1_tile_b     long    300 tok | wall 25.59 t/s | decode 48.42 t/s | prefill  394.1 t/s | accept 171/254=0.67    | vram 3434 MiB | 'Here is the 6-bullet summary of the document:\n\n*'
    FOREIGN CPU [tu1_tile_b]: avg 62% max 172% of one core, top 'kcompactd0' -- speed numbers in this window are contaminated
    telemetry[tu1_tile_b]: GPU util avg  77% max 100% | power avg  75W max  84W /100W | PCIe->GPU avg  2.58 max  8.70 GB/s (~13 cap) | CPU busy  516% of 1200% | DRAM read avg   9.2 max  12.2 GB/s (~38 cap)
##### tu1_sync_b | env: GGML_SCHED_SYNC_BEFORE_COPY=1
    preflight: governor=performance thp=[always] mem_avail=14570MiB swap_used=281MiB gpu=17MiB,58,P0
tu1_sync_b     code    300 tok | wall 51.38 t/s | decode 58.93 t/s | prefill   56.9 t/s | accept 189/218=0.87    | vram 3434 MiB | '```python\nfrom typing import Optional\n\n\nclass LR'
tu1_sync_b     reason  300 tok | wall 49.32 t/s | decode 56.71 t/s | prefill   74.3 t/s | accept 187/224=0.83    | vram 3434 MiB | 'To determine when the second train catches the f'
tu1_sync_b     edit    300 tok | wall 37.34 t/s | decode 55.88 t/s | prefill  140.8 t/s | accept 198/202=0.98    | vram 3434 MiB | '```python\ndef parse_records(path, sep=",", skip_'
tu1_sync_b     long    300 tok | wall 24.08 t/s | decode 46.22 t/s | prefill  365.2 t/s | accept 167/262=0.64    | vram 3434 MiB | 'Here is the 6-bullet summary of the document:\n\n*'
    FOREIGN CPU [tu1_sync_b]: avg 54% max 150% of one core, top 'kcompactd0' -- speed numbers in this window are contaminated
    telemetry[tu1_sync_b]: GPU util avg  78% max 100% | power avg  74W max  89W /100W | PCIe->GPU avg  2.19 max  7.98 GB/s (~13 cap) | CPU busy  505% of 1200% | DRAM read avg   9.0 max  12.2 GB/s (~38 cap)
  code   decode OLD sync-before-copy  56.20 -> new  58.41 ( +3.9%, sync spread 5.47)
  code   decode FA mma  58.41 tile  54.89 ( -6.0%, mma spread 2.19) | prefill   56.2 ->   57.0 t/s
  reason decode OLD sync-before-copy  55.52 -> new  58.94 ( +6.2%, sync spread 2.38)
  reason decode FA mma  58.94 tile  55.08 ( -6.5%, mma spread 0.31) | prefill   74.1 ->   71.0 t/s
  edit   decode OLD sync-before-copy  57.25 -> new  59.17 ( +3.4%, sync spread 2.74)
  edit   decode FA mma  59.17 tile  58.63 ( -0.9%, mma spread 3.84) | prefill  142.1 ->  142.7 t/s
  long   decode OLD sync-before-copy  47.27 -> new  47.09 ( -0.4%, sync spread 2.11)
  long   decode FA mma  47.09 tile  46.23 ( -1.8%, mma spread 1.77) | prefill  365.2 ->  392.9 t/s
  MEAN   decode sync-before-copy  54.06 -> no host sync  55.90 ( +3.4%)
  MEAN   decode FA mma  55.90 tile  53.71 ( -3.9%)
--- 3. IDENTITY of 0013 + 0014 (LLAMA_MOE_CACHE_SYNC=1; old sched path vs new default) | 06:15:52
##### tu1_id_rb | env: GGML_SCHED_MOE_READBACK=1 GGML_SCHED_SYNC_BEFORE_COPY=1
    preflight: governor=performance thp=[always] mem_avail=14565MiB swap_used=284MiB gpu=17MiB,59,P0
tu1_id_rb      code    300 tok | wall 46.28 t/s | decode 53.09 t/s | prefill   51.0 t/s | accept 190/218=0.87    | vram 3434 MiB | '```python\nfrom collections import OrderedDict\nfr'
tu1_id_rb      reason  300 tok | wall 44.08 t/s | decode 50.54 t/s | prefill   67.6 t/s | accept 184/230=0.80    | vram 3434 MiB | 'To determine when the second train catches the f'
tu1_id_rb      edit    300 tok | wall 34.74 t/s | decode 51.06 t/s | prefill  135.8 t/s | accept 198/202=0.98    | vram 3434 MiB | '```python\ndef parse_records(path, sep=",", skip_'
tu1_id_rb      long    300 tok | wall 23.34 t/s | decode 43.81 t/s | prefill  362.8 t/s | accept 174/248=0.70    | vram 3434 MiB | 'Here is the 6-bullet summary of the document:\n\n*'
    telemetry[tu1_id_rb]: GPU util avg  76% max 100% | power avg  71W max  85W /100W | PCIe->GPU avg  1.62 max  6.96 GB/s (~13 cap) | CPU busy  460% of 1200% | DRAM read avg   8.3 max  11.1 GB/s (~38 cap)
##### tu1_id_full | env: none
    preflight: governor=performance thp=[always] mem_avail=14566MiB swap_used=285MiB gpu=17MiB,59,P0
tu1_id_full    code    300 tok | wall 42.58 t/s | decode 48.34 t/s | prefill   50.4 t/s | accept 190/218=0.87    | vram 3434 MiB | '```python\nfrom collections import OrderedDict\nfr'
tu1_id_full    reason  300 tok | wall 40.90 t/s | decode 46.39 t/s | prefill   67.6 t/s | accept 184/230=0.80    | vram 3434 MiB | 'To determine when the second train catches the f'
tu1_id_full    edit    300 tok | wall 34.43 t/s | decode 50.38 t/s | prefill  135.8 t/s | accept 198/202=0.98    | vram 3434 MiB | '```python\ndef parse_records(path, sep=",", skip_'
tu1_id_full    long    300 tok | wall 23.32 t/s | decode 44.43 t/s | prefill  356.6 t/s | accept 174/248=0.70    | vram 3434 MiB | 'Here is the 6-bullet summary of the document:\n\n*'
    FOREIGN CPU [tu1_id_full]: avg 90% max 165% of one core, top 'kcompactd0' -- speed numbers in this window are contaminated
    telemetry[tu1_id_full]: GPU util avg  73% max 100% | power avg  71W max  82W /100W | PCIe->GPU avg  2.47 max  8.42 GB/s (~13 cap) | CPU busy  518% of 1200% | DRAM read avg   8.2 max  10.7 GB/s (~38 cap)
    code  IDENTICAL
    edit  IDENTICAL
    long  IDENTICAL
    reason  IDENTICAL
TU1_DONE
