##### d3b_s1_stock | 00:43:17
    d3b_s1_stock   code    300 tok | wall 102.15 t/s | decode 110.89 t/s | prefill  182.1 t/s | accept 213/255=0.84    | vra
    d3b_s1_stock   reason  300 tok | wall 105.11 t/s | decode 110.40 t/s | prefill  477.3 t/s | accept 212/258=0.82    | vra
    d3b_s1_stock   edit    300 tok | wall 112.89 t/s | decode 125.20 t/s | prefill 1517.5 t/s | accept 223/226=0.99    | vra
    d3b_s1_stock   long    300 tok | wall 69.79 t/s | decode 92.97 t/s | prefill 2072.4 t/s | accept 196/303=0.65    | vram 
    d3b_s1_stock_pf: prompt 9279 tok @ 2104.5 t/s | decode 128 tok @ 104.66 t/s | wall 5.7 s
    running=true 
##### d3b_s1_combo_a | 00:43:46
    d3b_s1_combo_a code    300 tok | wall 102.20 t/s | decode 110.13 t/s | prefill  199.4 t/s | accept 214/253=0.85    | vra
    d3b_s1_combo_a reason  300 tok | wall 107.89 t/s | decode 112.91 t/s | prefill  549.7 t/s | accept 214/254=0.84    | vra
    d3b_s1_combo_a edit    300 tok | wall 114.33 t/s | decode 125.74 t/s | prefill 1693.8 t/s | accept 223/226=0.99    | vra
    d3b_s1_combo_a long    300 tok | wall 70.94 t/s | decode 90.73 t/s | prefill 2405.7 t/s | accept 194/312=0.62    | vram 
    d3b_s1_combo_a_pf: prompt 9279 tok @ 2485.5 t/s | decode 128 tok @ 100.22 t/s | wall 5.1 s
    running=true 
##### d3b_s1_comboub_a | 00:44:11
    d3b_s1_comboub_a code    300 tok | wall 103.87 t/s | decode 112.54 t/s | prefill  189.5 t/s | accept 214/253=0.85    | v
    d3b_s1_comboub_a reason  300 tok | wall 108.42 t/s | decode 113.37 t/s | prefill  554.3 t/s | accept 214/254=0.84    | v
    d3b_s1_comboub_a edit    300 tok | wall 112.56 t/s | decode 124.14 t/s | prefill 1631.8 t/s | accept 223/226=0.99    | v
    d3b_s1_comboub_a long    300 tok | wall 75.05 t/s | decode 91.23 t/s | prefill 3169.4 t/s | accept 194/313=0.62    | vra
    d3b_s1_comboub_a_pf: prompt 9279 tok @ 3424.2 t/s | decode 128 tok @ 100.07 t/s | wall 4.1 s
    running=true 
##### d3b_s1_combo_b | 00:44:35
    d3b_s1_combo_b code    300 tok | wall 104.47 t/s | decode 112.74 t/s | prefill  200.0 t/s | accept 214/253=0.85    | vra
    d3b_s1_combo_b reason  300 tok | wall 105.99 t/s | decode 110.71 t/s | prefill  556.3 t/s | accept 214/254=0.84    | vra
    d3b_s1_combo_b edit    300 tok | wall 113.63 t/s | decode 125.20 t/s | prefill 1655.6 t/s | accept 223/226=0.99    | vra
    d3b_s1_combo_b long    300 tok | wall 71.04 t/s | decode 91.15 t/s | prefill 2394.4 t/s | accept 194/312=0.62    | vram 
    d3b_s1_combo_b_pf: prompt 9279 tok @ 2480.2 t/s | decode 128 tok @ 101.01 t/s | wall 5.1 s
    running=true 
##### d3b_s1_comboub_b | 00:45:01
    d3b_s1_comboub_b code    300 tok | wall 103.61 t/s | decode 112.28 t/s | prefill  187.9 t/s | accept 214/253=0.85    | v
    d3b_s1_comboub_b reason  300 tok | wall 106.16 t/s | decode 111.58 t/s | prefill  510.7 t/s | accept 214/254=0.84    | v
    d3b_s1_comboub_b edit    300 tok | wall 115.16 t/s | decode 126.60 t/s | prefill 1696.9 t/s | accept 223/226=0.99    | v
    d3b_s1_comboub_b long    300 tok | wall 74.69 t/s | decode 90.54 t/s | prefill 3166.5 t/s | accept 194/313=0.62    | vra
    d3b_s1_comboub_b_pf: prompt 9279 tok @ 3412.7 t/s | decode 128 tok @ 99.58 t/s | wall 4.1 s
    running=true 
##### d3b_s2_stock | 00:45:25
    d3b_s2_stock   code    300 tok | wall 38.70 t/s | decode 41.42 t/s | prefill   80.2 t/s | accept 215/251=0.86    | vram 
    d3b_s2_stock   reason  300 tok | wall 57.63 t/s | decode 63.37 t/s | prefill  128.3 t/s | accept 214/252=0.85    | vram 
    d3b_s2_stock   edit    300 tok | wall 42.91 t/s | decode 48.98 t/s | prefill  436.1 t/s | accept 224/225=1.00    | vram 
    d3b_s2_stock   long    300 tok | wall 23.26 t/s | decode 34.14 t/s | prefill  529.9 t/s | accept 195/308=0.63    | vram 
    d3b_s2_stock_pf: prompt 9279 tok @ 597.9 t/s | decode 128 tok @ 48.99 t/s | wall 18.2 s
    running=true 
##### d3b_s2_comboc_a | 00:46:36
    d3b_s2_comboc_a code    300 tok | wall 42.16 t/s | decode 47.91 t/s | prefill   48.6 t/s | accept 215/251=0.86    | vram
    d3b_s2_comboc_a reason  300 tok | wall 51.87 t/s | decode 56.77 t/s | prefill  121.2 t/s | accept 214/252=0.85    | vram
    d3b_s2_comboc_a edit    300 tok | wall 40.94 t/s | decode 50.94 t/s | prefill  262.5 t/s | accept 223/227=0.98    | vram
    d3b_s2_comboc_a long    300 tok | wall 27.06 t/s | decode 35.58 t/s | prefill  822.5 t/s | accept 196/309=0.63    | vram
    d3b_s2_comboc_a_pf: prompt 9279 tok @ 1329.0 t/s | decode 128 tok @ 37.21 t/s | wall 10.5 s
    running=true 
##### d3b_s2_combo_a | 00:47:39
    d3b_s2_combo_a code    300 tok | wall 51.57 t/s | decode 56.60 t/s | prefill   79.9 t/s | accept 214/253=0.85    | vram 
    d3b_s2_combo_a reason  300 tok | wall 61.06 t/s | decode 67.32 t/s | prefill  132.9 t/s | accept 215/249=0.86    | vram 
    d3b_s2_combo_a edit    300 tok | wall 42.25 t/s | decode 48.64 t/s | prefill  405.1 t/s | accept 223/226=0.99    | vram 
    d3b_s2_combo_a long    300 tok | wall 35.98 t/s | decode 47.28 t/s | prefill 1098.3 t/s | accept 200/297=0.67    | vram 
    d3b_s2_combo_a_pf: prompt 9279 tok @ 1484.2 t/s | decode 128 tok @ 66.70 t/s | wall 8.2 s
    running=true 
##### d3b_s2_comboc_b | 00:48:33
    d3b_s2_comboc_b code    300 tok | wall 56.60 t/s | decode 66.99 t/s | prefill   50.8 t/s | accept 213/257=0.83    | vram
    d3b_s2_comboc_b reason  300 tok | wall 50.87 t/s | decode 61.62 t/s | prefill   58.6 t/s | accept 211/264=0.80    | vram
    d3b_s2_comboc_b edit    300 tok | wall 54.51 t/s | decode 84.33 t/s | prefill  194.6 t/s | accept 223/227=0.98    | vram
    d3b_s2_comboc_b long    300 tok | wall 27.98 t/s | decode 37.60 t/s | prefill  796.4 t/s | accept 195/310=0.63    | vram
    d3b_s2_comboc_b_pf: prompt 9279 tok @ 1246.0 t/s | decode 128 tok @ 56.49 t/s | wall 9.8 s
    running=true 
##### d3b_s2_combo_b | 00:49:31
    d3b_s2_combo_b code    300 tok | wall 62.64 t/s | decode 70.75 t/s | prefill   75.9 t/s | accept 214/253=0.85    | vram 
    d3b_s2_combo_b reason  300 tok | wall 65.22 t/s | decode 72.35 t/s | prefill  134.0 t/s | accept 215/249=0.86    | vram 
    d3b_s2_combo_b edit    300 tok | wall 48.88 t/s | decode 58.24 t/s | prefill  384.1 t/s | accept 223/226=0.99    | vram 
    d3b_s2_combo_b long    300 tok | wall 42.51 t/s | decode 57.71 t/s | prefill 1178.8 t/s | accept 200/297=0.67    | vram 
    d3b_s2_combo_b_pf: prompt 9279 tok @ 1457.0 t/s | decode 128 tok @ 65.65 t/s | wall 8.4 s
    running=true 
##### d3b_s3_stock | 00:50:23
    d3b_s3_stock   code    300 tok | wall  5.27 t/s | decode 12.50 t/s | prefill    1.0 t/s | accept -               | vram 
    d3b_s3_stock   reason  300 tok | wall  4.64 t/s | decode  4.81 t/s | prefill   19.5 t/s | accept -               | vram 
    d3b_s3_stock   edit    300 tok | wall 10.25 t/s | decode 11.77 t/s | prefill   95.1 t/s | accept -               | vram 
    d3b_s3_stock   long    300 tok | wall  6.35 t/s | decode 11.87 t/s | prefill   96.1 t/s | accept -               | vram 
    d3b_s3_stock_pf: prompt 8935 tok @ 129.3 t/s | decode 128 tok @ 10.22 t/s | wall 81.6 s
    running=true 
##### d3b_s3_comboc_a | 00:56:09
    d3b_s3_comboc_a code    300 tok | wall 12.93 t/s | decode 13.84 t/s | prefill   21.4 t/s | accept -               | vram
    d3b_s3_comboc_a reason  300 tok | wall 18.16 t/s | decode 21.61 t/s | prefill   18.4 t/s | accept -               | vram
    d3b_s3_comboc_a edit    300 tok | wall 11.35 t/s | decode 17.75 t/s | prefill   38.2 t/s | accept -               | vram
    d3b_s3_comboc_a long    300 tok | wall 11.13 t/s | decode 18.37 t/s | prefill  199.1 t/s | accept -               | vram
    d3b_s3_comboc_a_pf: prompt 8935 tok @ 238.2 t/s | decode 128 tok @ 16.68 t/s | wall 45.2 s
    running=true 
##### d3b_s3_combo_a | 00:59:46
    d3b_s3_combo_a code    300 tok | wall  9.90 t/s | decode 10.63 t/s | prefill   15.8 t/s | accept -               | vram 
    d3b_s3_combo_a reason  300 tok | wall 10.33 t/s | decode 11.31 t/s | prefill   18.9 t/s | accept -               | vram 
    d3b_s3_combo_a edit    300 tok | wall  9.46 t/s | decode 10.96 t/s | prefill   82.6 t/s | accept -               | vram 
    d3b_s3_combo_a long    300 tok | wall  7.65 t/s | decode 10.19 t/s | prefill  215.7 t/s | accept -               | vram 
    d3b_s3_combo_a_pf: prompt 8935 tok @ 262.8 t/s | decode 128 tok @ 12.68 t/s | wall 44.1 s
    running=true 
##### d3b_s3_comboc_b | 01:03:42
    d3b_s3_comboc_b code    300 tok | wall 17.05 t/s | decode 18.65 t/s | prefill   21.8 t/s | accept -               | vram
    d3b_s3_comboc_b reason  300 tok | wall 15.93 t/s | decode 18.61 t/s | prefill   17.8 t/s | accept -               | vram
    d3b_s3_comboc_b edit    300 tok | wall 12.33 t/s | decode 20.10 t/s | prefill   38.7 t/s | accept -               | vram
    d3b_s3_comboc_b long    300 tok | wall 11.24 t/s | decode 18.93 t/s | prefill  195.1 t/s | accept -               | vram
    d3b_s3_comboc_b_pf: prompt 8935 tok @ 238.4 t/s | decode 128 tok @ 17.60 t/s | wall 44.7 s
    running=true 
##### d3b_s3_combo_b | 01:06:55
    d3b_s3_combo_b code    300 tok | wall 13.56 t/s | decode 14.62 t/s | prefill   20.4 t/s | accept -               | vram 
    d3b_s3_combo_b reason  300 tok | wall 12.32 t/s | decode 13.94 t/s | prefill   16.9 t/s | accept -               | vram 
    d3b_s3_combo_b edit    300 tok | wall 11.53 t/s | decode 13.84 t/s | prefill   83.0 t/s | accept -               | vram 
    d3b_s3_combo_b long    300 tok | wall  9.19 t/s | decode 13.17 t/s | prefill  213.6 t/s | accept -               | vram 
    d3b_s3_combo_b_pf: prompt 8935 tok @ 261.8 t/s | decode 128 tok @ 14.16 t/s | wall 43.1 s
    running=true 
bonsai-ablpq2 stopped for S4
##### d3b_s4_stock | 01:10:24
    d3b_s4_stock   code    300 tok | wall 25.26 t/s | decode 27.59 t/s | prefill   33.0 t/s | accept -               | vram 
    d3b_s4_stock   reason  300 tok | wall 25.40 t/s | decode 27.58 t/s | prefill   51.6 t/s | accept -               | vram 
    d3b_s4_stock   edit    300 tok | wall 24.00 t/s | decode 27.36 t/s | prefill  236.5 t/s | accept -               | vram 
    d3b_s4_stock   long    300 tok | wall 17.90 t/s | decode 27.06 t/s | prefill  373.0 t/s | accept -               | vram 
    d3b_s4_stock_pf: prompt 8935 tok @ 406.1 t/s | decode 128 tok @ 26.24 t/s | wall 26.9 s
    running=true 
##### d3b_s4_combo | 01:12:02
    d3b_s4_combo   code    300 tok | wall 25.27 t/s | decode 27.55 t/s | prefill   33.8 t/s | accept -               | vram 
    d3b_s4_combo   reason  300 tok | wall 25.43 t/s | decode 27.51 t/s | prefill   53.7 t/s | accept -               | vram 
    d3b_s4_combo   edit    300 tok | wall 23.72 t/s | decode 27.27 t/s | prefill  219.9 t/s | accept -               | vram 
    d3b_s4_combo   long    300 tok | wall 18.67 t/s | decode 26.23 t/s | prefill  456.7 t/s | accept -               | vram 
    d3b_s4_combo_pf: prompt 8935 tok @ 569.5 t/s | decode 128 tok @ 25.56 t/s | wall 20.7 s
    running=true 
== s1
  d3_s1_stock      n=2 decode  104.5 (spread  0.7) | pf9.3k  2061.9 after  104.5
  d3b_s1_stock     n=1 decode  109.9 (spread  0.0) | pf9.3k  2104.5 after  104.7
  d3_s1_dave       n=2 decode   99.9 (spread  4.3) | pf9.3k  4168.6 after   96.5
  d3_s1_ours       n=2 decode  109.3 (spread  5.0) | pf9.3k  2052.8 after  107.8
  d3_s1_oursub     n=2 decode  110.3 (spread  2.0) | pf9.3k  2776.4 after  104.7
  d3b_s1_combo     n=2 decode  109.9 (spread  0.1) | pf9.3k  2482.8 after  100.6
  d3b_s1_comboub   n=2 decode  110.3 (spread  0.1) | pf9.3k  3418.5 after   99.8
== s2
  d3_s2_stock      n=2 decode   58.2 (spread  0.6) | pf9.3k   606.8 after   52.7
  d3b_s2_stock     n=1 decode   47.0 (spread  0.0) | pf9.3k   597.9 after   49.0
  d3_s2_dave       n=2 decode   51.1 (spread  7.1) | pf9.3k  1648.3 after   57.1
  d3_s2_ours       n=2 decode   60.2 (spread  2.7) | pf9.3k   530.0 after   49.1
  d3_s2_oursc      n=2 decode   50.4 (spread  7.8) | pf9.3k  1160.5 after   45.1
  d3b_s2_comboc    n=2 decode   55.2 (spread 14.8) | pf9.3k  1287.5 after   46.9
  d3b_s2_combo     n=2 decode   59.9 (spread  9.8) | pf9.3k  1470.6 after   66.2
== s3
  d3_s3_stock      n=2 decode   11.4 (spread  0.2) | pf9.3k   129.0 after   12.2
  d3b_s3_stock     n=1 decode   10.2 (spread  0.0) | pf9.3k   129.3 after   10.2
  d3_s3_dave       n=2 decode   12.8 (spread  0.7) | pf9.3k   260.2 after    9.1
  d3_s3_ours       n=2 decode   16.6 (spread  1.3) | pf9.3k   178.3 after   17.3
  d3b_s3_comboc    n=2 decode   18.5 (spread  1.2) | pf9.3k   238.3 after   17.1
  d3b_s3_combo     n=2 decode   12.3 (spread  3.1) | pf9.3k   262.3 after   13.4
== s4
  d3_s4_stock      n=1 decode   27.4 (spread  0.0) | pf9.3k   406.3 after   26.1
  d3b_s4_stock     n=1 decode   27.4 (spread  0.0) | pf9.3k   406.1 after   26.2
  d3_s4_dave       n=1 decode   28.9 (spread  0.0) | pf9.3k   382.2 after   17.1
  d3_s4_ours       n=1 decode   27.4 (spread  0.0) | pf9.3k   401.7 after   26.2
  d3b_s4_combo     n=1 decode   27.1 (spread  0.0) | pf9.3k   569.5 after   25.6
DAVE3B_DONE
bonsai-ablpq2 restarted
